Component: ARM Compiler 5.06 update 7 (build 960) Tool: armlink [4d3601]

==============================================================================

Section Cross References

    startup_stm32g431xx.o(STACK) refers (Special) to heapauxi.o(.text) for __use_two_region_memory
    startup_stm32g431xx.o(HEAP) refers (Special) to heapauxi.o(.text) for __use_two_region_memory
    startup_stm32g431xx.o(RESET) refers (Special) to heapauxi.o(.text) for __use_two_region_memory
    startup_stm32g431xx.o(RESET) refers to startup_stm32g431xx.o(STACK) for __initial_sp
    startup_stm32g431xx.o(RESET) refers to startup_stm32g431xx.o(.text) for Reset_Handler
    startup_stm32g431xx.o(RESET) refers to stm32g4xx_mc_it.o(i.HardFault_Handler) for HardFault_Handler
    startup_stm32g431xx.o(RESET) refers to stm32g4xx_mc_it.o(i.SysTick_Handler) for SysTick_Handler
    startup_stm32g431xx.o(RESET) refers to stm32g4xx_mc_it.o(i.ADC1_2_IRQHandler) for ADC1_2_IRQHandler
    startup_stm32g431xx.o(RESET) refers to stm32g4xx_mc_it.o(i.TIM1_BRK_TIM15_IRQHandler) for TIM1_BRK_TIM15_IRQHandler
    startup_stm32g431xx.o(RESET) refers to stm32g4xx_mc_it.o(i.TIM1_UP_TIM16_IRQHandler) for TIM1_UP_TIM16_IRQHandler
    startup_stm32g431xx.o(RESET) refers to stm32g4xx_mc_it.o(i.USART2_IRQHandler) for USART2_IRQHandler
    startup_stm32g431xx.o(RESET) refers to stm32g4xx_mc_it.o(i.EXTI15_10_IRQHandler) for EXTI15_10_IRQHandler
    startup_stm32g431xx.o(RESET) refers to stm32g4xx_mc_it.o(i.DMA2_Channel2_IRQHandler) for DMA2_Channel2_IRQHandler
    startup_stm32g431xx.o(.text) refers (Special) to heapauxi.o(.text) for __use_two_region_memory
    startup_stm32g431xx.o(.text) refers to system_stm32g4xx.o(i.SystemInit) for SystemInit
    startup_stm32g431xx.o(.text) refers to __main.o(!!!main) for __main
    startup_stm32g431xx.o(.text) refers to startup_stm32g431xx.o(HEAP) for Heap_Mem
    startup_stm32g431xx.o(.text) refers to startup_stm32g431xx.o(STACK) for Stack_Mem
    main.o(i.Adjust_Speed) refers to stm32g4xx_hal.o(i.HAL_Delay) for HAL_Delay
    main.o(i.Adjust_Speed) refers to regular_conversion_manager.o(i.RCM_GetUserConvState) for RCM_GetUserConvState
    main.o(i.Adjust_Speed) refers to regular_conversion_manager.o(i.RCM_RequestUserConv) for RCM_RequestUserConv
    main.o(i.Adjust_Speed) refers to regular_conversion_manager.o(i.RCM_GetUserConv) for RCM_GetUserConv
    main.o(i.Adjust_Speed) refers to mc_api.o(i.MC_ProgramSpeedRampMotor1) for MC_ProgramSpeedRampMotor1
    main.o(i.Adjust_Speed) refers to main.o(.data) for .data
    main.o(i.SystemClock_Config) refers to stm32g4xx_hal_pwr_ex.o(i.HAL_PWREx_ControlVoltageScaling) for HAL_PWREx_ControlVoltageScaling
    main.o(i.SystemClock_Config) refers to stm32g4xx_hal_rcc.o(i.HAL_RCC_OscConfig) for HAL_RCC_OscConfig
    main.o(i.SystemClock_Config) refers to stm32g4xx_hal_rcc.o(i.HAL_RCC_ClockConfig) for HAL_RCC_ClockConfig
    main.o(i.SystemClock_Config) refers to stm32g4xx_hal_rcc.o(i.HAL_RCC_EnableCSS) for HAL_RCC_EnableCSS
    main.o(i.exe) refers to mc_api.o(i.MC_ProgramSpeedRampMotor1) for MC_ProgramSpeedRampMotor1
    main.o(i.exe) refers to mc_api.o(i.MC_StartMotor1) for MC_StartMotor1
    main.o(i.exe) refers to stm32g4xx_hal.o(i.HAL_Delay) for HAL_Delay
    main.o(i.exe) refers to mc_api.o(i.MC_StopMotor1) for MC_StopMotor1
    main.o(i.exe) refers to main.o(.data) for .data
    main.o(i.main) refers to stm32g4xx_hal.o(i.HAL_Init) for HAL_Init
    main.o(i.main) refers to stm32g4xx_hal_pwr_ex.o(i.HAL_PWREx_ControlVoltageScaling) for HAL_PWREx_ControlVoltageScaling
    main.o(i.main) refers to stm32g4xx_hal_rcc.o(i.HAL_RCC_OscConfig) for HAL_RCC_OscConfig
    main.o(i.main) refers to stm32g4xx_hal_rcc.o(i.HAL_RCC_ClockConfig) for HAL_RCC_ClockConfig
    main.o(i.main) refers to stm32g4xx_hal_rcc.o(i.HAL_RCC_EnableCSS) for HAL_RCC_EnableCSS
    main.o(i.main) refers to stm32g4xx_hal_gpio.o(i.HAL_GPIO_WritePin) for HAL_GPIO_WritePin
    main.o(i.main) refers to stm32g4xx_hal_gpio.o(i.HAL_GPIO_Init) for HAL_GPIO_Init
    main.o(i.main) refers to stm32g4xx_hal_adc.o(i.HAL_ADC_Init) for HAL_ADC_Init
    main.o(i.main) refers to stm32g4xx_hal_adc_ex.o(i.HAL_ADCEx_MultiModeConfigChannel) for HAL_ADCEx_MultiModeConfigChannel
    main.o(i.main) refers to stm32g4xx_hal_adc_ex.o(i.HAL_ADCEx_InjectedConfigChannel) for HAL_ADCEx_InjectedConfigChannel
    main.o(i.main) refers to stm32g4xx_hal_adc.o(i.HAL_ADC_ConfigChannel) for HAL_ADC_ConfigChannel
    main.o(i.main) refers to stm32g4xx_hal_cordic.o(i.HAL_CORDIC_Init) for HAL_CORDIC_Init
    main.o(i.main) refers to stm32g4xx_hal_dac.o(i.HAL_DAC_Init) for HAL_DAC_Init
    main.o(i.main) refers to stm32g4xx_hal_dac.o(i.HAL_DAC_ConfigChannel) for HAL_DAC_ConfigChannel
    main.o(i.main) refers to stm32g4xx_hal_tim.o(i.HAL_TIM_Base_Init) for HAL_TIM_Base_Init
    main.o(i.main) refers to stm32g4xx_hal_tim.o(i.HAL_TIM_PWM_Init) for HAL_TIM_PWM_Init
[...]
    HAL_DMA_Init                             0x08002151   Thumb Code   252  stm32g4xx_hal_dma.o(i.HAL_DMA_Init)
    HAL_Delay                                0x08002279   Thumb Code    34  stm32g4xx_hal.o(i.HAL_Delay)
    HAL_GPIO_Init                            0x080022a1   Thumb Code   466  stm32g4xx_hal_gpio.o(i.HAL_GPIO_Init)
    HAL_GPIO_WritePin                        0x08002485   Thumb Code    10  stm32g4xx_hal_gpio.o(i.HAL_GPIO_WritePin)
    HAL_GetTick                              0x08002491   Thumb Code     6  stm32g4xx_hal.o(i.HAL_GetTick)
    HAL_IncTick                              0x0800249d   Thumb Code    12  stm32g4xx_hal.o(i.HAL_IncTick)
    HAL_Init                                 0x080024ad   Thumb Code    30  stm32g4xx_hal.o(i.HAL_Init)
    HAL_InitTick                             0x080024cd   Thumb Code    58  stm32g4xx_hal.o(i.HAL_InitTick)
    HAL_MspInit                              0x08002511   Thumb Code    50  stm32g4xx_hal_msp.o(i.HAL_MspInit)
    HAL_NVIC_EnableIRQ                       0x08002549   Thumb Code    30  stm32g4xx_hal_cortex.o(i.HAL_NVIC_EnableIRQ)
    HAL_NVIC_SetPriority                     0x08002569   Thumb Code    96  stm32g4xx_hal_cortex.o(i.HAL_NVIC_SetPriority)
    HAL_NVIC_SetPriorityGrouping             0x080025cd   Thumb Code    30  stm32g4xx_hal_cortex.o(i.HAL_NVIC_SetPriorityGrouping)
    HAL_PWREx_ControlVoltageScaling          0x080025f1   Thumb Code   180  stm32g4xx_hal_pwr_ex.o(i.HAL_PWREx_ControlVoltageScaling)
    HAL_PWREx_DisableUCPDDeadBattery         0x080026b1   Thumb Code    12  stm32g4xx_hal_pwr_ex.o(i.HAL_PWREx_DisableUCPDDeadBattery)
    HAL_RCCEx_PeriphCLKConfig                0x080026c1   Thumb Code   700  stm32g4xx_hal_rcc_ex.o(i.HAL_RCCEx_PeriphCLKConfig)
    HAL_RCC_ClockConfig                      0x08002985   Thumb Code   488  stm32g4xx_hal_rcc.o(i.HAL_RCC_ClockConfig)
    HAL_RCC_EnableCSS                        0x08002b8d   Thumb Code    12  stm32g4xx_hal_rcc.o(i.HAL_RCC_EnableCSS)
    HAL_RCC_GetHCLKFreq                      0x08002b9d   Thumb Code     6  stm32g4xx_hal_rcc.o(i.HAL_RCC_GetHCLKFreq)
    HAL_RCC_GetPCLK1Freq                     0x08002ba9   Thumb Code    24  stm32g4xx_hal_rcc.o(i.HAL_RCC_GetPCLK1Freq)
    HAL_RCC_GetPCLK2Freq                     0x08002bcd   Thumb Code    24  stm32g4xx_hal_rcc.o(i.HAL_RCC_GetPCLK2Freq)
    HAL_RCC_GetSysClockFreq                  0x08002bf1   Thumb Code   100  stm32g4xx_hal_rcc.o(i.HAL_RCC_GetSysClockFreq)
    HAL_RCC_OscConfig                        0x08002c61   Thumb Code  1226  stm32g4xx_hal_rcc.o(i.HAL_RCC_OscConfig)
    HAL_SYSTICK_Callback                     0x0800312b   Thumb Code     2  stm32g4xx_hal_cortex.o(i.HAL_SYSTICK_Callback)
    HAL_SYSTICK_Config                       0x0800312d   Thumb Code    38  stm32g4xx_hal_cortex.o(i.HAL_SYSTICK_Config)
    HAL_SYSTICK_IRQHandler                   0x08003159   Thumb Code     8  stm32g4xx_hal_cortex.o(i.HAL_SYSTICK_IRQHandler)
    HAL_TIMEx_ConfigBreakDeadTime            0x08003161   Thumb Code   178  stm32g4xx_hal_tim_ex.o(i.HAL_TIMEx_ConfigBreakDeadTime)
    HAL_TIMEx_ConfigBreakInput               0x0800321d   Thumb Code   240  stm32g4xx_hal_tim_ex.o(i.HAL_TIMEx_ConfigBreakInput)
    HAL_TIMEx_MasterConfigSynchronization    0x0800330d   Thumb Code   144  stm32g4xx_hal_tim_ex.o(i.HAL_TIMEx_MasterConfigSynchronization)
    HAL_TIM_Base_Init                        0x080033a5   Thumb Code    98  stm32g4xx_hal_tim.o(i.HAL_TIM_Base_Init)
    HAL_TIM_Base_MspInit                     0x08003409   Thumb Code    98  stm32g4xx_hal_msp.o(i.HAL_TIM_Base_MspInit)
    HAL_TIM_MspPostInit                      0x08003471   Thumb Code    82  stm32g4xx_hal_msp.o(i.HAL_TIM_MspPostInit)
    HAL_TIM_PWM_ConfigChannel                0x080034c9   Thumb Code   848  stm32g4xx_hal_tim.o(i.HAL_TIM_PWM_ConfigChannel)
    HAL_TIM_PWM_Init                         0x0800382d   Thumb Code    98  stm32g4xx_hal_tim.o(i.HAL_TIM_PWM_Init)
    HAL_TIM_PWM_MspInit                      0x0800388f   Thumb Code     2  stm32g4xx_hal_tim.o(i.HAL_TIM_PWM_MspInit)
    HAL_TIM_SlaveConfigSynchro               0x08003891   Thumb Code    86  stm32g4xx_hal_tim.o(i.HAL_TIM_SlaveConfigSynchro)
    HAL_UARTEx_DisableFifoMode               0x080038e7   Thumb Code    62  stm32g4xx_hal_uart_ex.o(i.HAL_UARTEx_DisableFifoMode)
    HAL_UARTEx_SetRxFifoThreshold            0x08003925   Thumb Code   134  stm32g4xx_hal_uart_ex.o(i.HAL_UARTEx_SetRxFifoThreshold)
    HAL_UARTEx_SetTxFifoThreshold            0x080039b1   Thumb Code   134  stm32g4xx_hal_uart_ex.o(i.HAL_UARTEx_SetTxFifoThreshold)
    HAL_UART_Init                            0x08003a3d   Thumb Code   110  stm32g4xx_hal_uart.o(i.HAL_UART_Init)
    HAL_UART_MspInit                         0x08003aad   Thumb Code   212  stm32g4xx_hal_msp.o(i.HAL_UART_MspInit)
    HardFault_Handler                        0x08003b95   Thumb Code     6  stm32g4xx_mc_it.o(i.HardFault_Handler)
    MCI_Clear_Iqdref                         0x08003c91   Thumb Code    16  mc_interface.o(i.MCI_Clear_Iqdref)
    MCI_ExecBufferedCommands                 0x08003ca1   Thumb Code   114  mc_interface.o(i.MCI_ExecBufferedCommands)
    MCI_ExecSpeedRamp                        0x08003d13   Thumb Code    14  mc_interface.o(i.MCI_ExecSpeedRamp)
    MCI_ExecTorqueRamp                       0x08003d21   Thumb Code    18  mc_interface.o(i.MCI_ExecTorqueRamp)
    MCI_FaultAcknowledged                    0x08003d33   Thumb Code    36  mc_interface.o(i.MCI_FaultAcknowledged)
    MCI_FaultProcessing                      0x08003d57   Thumb Code    18  mc_interface.o(i.MCI_FaultProcessing)
    MCI_GetAvrgMecSpeedUnit                  0x08003d69   Thumb Code    16  mc_interface.o(i.MCI_GetAvrgMecSpeedUnit)
    MCI_GetControlMode                       0x08003d79   Thumb Code     4  mc_interface.o(i.MCI_GetControlMode)
    MCI_GetCurrentFaults                     0x08003d7d   Thumb Code     4  mc_interface.o(i.MCI_GetCurrentFaults)
    MCI_GetFaultState                        0x08003d81   Thumb Code    10  mc_interface.o(i.MCI_GetFaultState)
    MCI_GetIab                               0x08003d8b   Thumb Code     6  mc_interface.o(i.MCI_GetIab)
    MCI_GetIalphabeta                        0x08003d91   Thumb Code     6  mc_interface.o(i.MCI_GetIalphabeta)
    MCI_GetImposedMotorDirection             0x08003d97   Thumb Code    54  mc_interface.o(i.MCI_GetImposedMotorDirection)
    MCI_GetIqd                               0x08003dcd   Thumb Code     6  mc_interface.o(i.MCI_GetIqd)
    MCI_GetIqdref                            0x08003dd3   Thumb Code     6  mc_interface.o(i.MCI_GetIqdref)
    MCI_GetLastRampFinalDuration             0x08003dd9   Thumb Code     4  mc_interface.o(i.MCI_GetLastRampFinalDuration)
    MCI_GetLastRampFinalSpeed                0x08003ddd   Thumb Code     6  mc_interface.o(i.MCI_GetLastRampFinalSpeed)
    MCI_GetLastRampFinalTorque               0x08003de3   Thumb Code     6  mc_interface.o(i.MCI_GetLastRampFinalTorque)
    MCI_GetMecSpeedRefUnit                   0x08003de9   Thumb Code     6  mc_interface.o(i.MCI_GetMecSpeedRefUnit)
    MCI_GetOccurredFaults                    0x08003def   Thumb Code     4  mc_interface.o(i.MCI_GetOccurredFaults)
    MCI_GetSTMState                          0x08003df3   Thumb Code     4  mc_interface.o(i.MCI_GetSTMState)
    MCI_GetTeref                             0x08003df7   Thumb Code     8  mc_interface.o(i.MCI_GetTeref)
    MCI_GetValphabeta                        0x08003dff   Thumb Code     8  mc_interface.o(i.MCI_GetValphabeta)
    MCI_GetVqd                               0x08003e07   Thumb Code     8  mc_interface.o(i.MCI_GetVqd)
    MCI_Init                                 0x08003e0f   Thumb Code    28  mc_interface.o(i.MCI_Init)
    MCI_SetCurrentReferences                 0x08003e2b   Thumb Code    20  mc_interface.o(i.MCI_SetCurrentReferences)
    MCI_StartMotor                           0x08003e3f   Thumb Code    38  mc_interface.o(i.MCI_StartMotor)
    MCI_StopMotor                            0x08003e65   Thumb Code    48  mc_interface.o(i.MCI_StopMotor)
    MCI_StopRamp                             0x08003e95   Thumb Code     6  mc_interface.o(i.MCI_StopRamp)
    MCM_Clarke                               0x08003e9d   Thumb Code    72  mc_math.o(i.MCM_Clarke)
    MCM_Park                                 0x08003ee9   Thumb Code   122  mc_math.o(i.MCM_Park)
    MCM_Rev_Park                             0x08003f6d   Thumb Code    54  mc_math.o(i.MCM_Rev_Park)
    MCM_Sqrt                                 0x08003fa5   Thumb Code    28  mc_math.o(i.MCM_Sqrt)
    MCM_Trig_Functions                       0x08003fc5   Thumb Code    22  mc_math.o(i.MCM_Trig_Functions)
    MCPA_cfgLog                              0x08003fe1   Thumb Code   238  mcpa.o(i.MCPA_cfgLog)
    MCPA_dataLog                             0x080040d1   Thumb Code   414  mcpa.o(i.MCPA_dataLog)
    MCPA_flushDataLog                        0x08004275   Thumb Code   124  mcpa.o(i.MCPA_flushDataLog)
    MCP_ReceivedPacket                       0x080042f1   Thumb Code   282  mcp.o(i.MCP_ReceivedPacket)
    MC_GetSTMStateMotor1                     0x08004415   Thumb Code     8  mc_api.o(i.MC_GetSTMStateMotor1)
    MC_RunMotorControlTasks                  0x08004421   Thumb Code    22  mc_tasks.o(i.MC_RunMotorControlTasks)
    MC_Scheduler                             0x0800443d   Thumb Code   106  mc_tasks.o(i.MC_Scheduler)
    MC_StartMotor1                           0x080044b1   Thumb Code     8  mc_api.o(i.MC_StartMotor1)
    MC_StopMotor1                            0x080044bd   Thumb Code     8  mc_api.o(i.MC_StopMotor1)
    MCboot                                   0x080044c9   Thumb Code   222  mc_tasks.o(i.MCboot)
    MPM_CalcElMotorPower                     0x080045f5   Thumb Code    70  motor_power_measurement.o(i.MPM_CalcElMotorPower)
    MPM_Clear                                0x0800463b   Thumb Code    26  motor_power_measurement.o(i.MPM_Clear)
    MPM_GetAvrgElMotorPowerW                 0x08004655   Thumb Code     6  motor_power_measurement.o(i.MPM_GetAvrgElMotorPowerW)
    MX_MotorControl_Init                     0x0800465d   Thumb Code    44  motorcontrol.o(i.MX_MotorControl_Init)
    Medin_Average_filter                     0x08004691   Thumb Code   106  sto_pll_speed_pos_fdbk.o(i.Medin_Average_filter)
    NTC_CalcAvTemp                           0x080046fb   Thumb Code    58  ntc_temperature_sensor.o(i.NTC_CalcAvTemp)
    NTC_Clear                                0x08004735   Thumb Code     6  ntc_temperature_sensor.o(i.NTC_Clear)
    NTC_GetAvTemp_C                          0x0800473b   Thumb Code    34  ntc_temperature_sensor.o(i.NTC_GetAvTemp_C)
    NTC_Init                                 0x0800475d   Thumb Code    36  ntc_temperature_sensor.o(i.NTC_Init)
    NTC_SetFaultState                        0x08004781   Thumb Code    24  ntc_temperature_sensor.o(i.NTC_SetFaultState)
    PID_GetKD                                0x08004799   Thumb Code     6  pid_regulator.o(i.PID_GetKD)
    PID_GetKDDivisorPOW2                     0x0800479f   Thumb Code     4  pid_regulator.o(i.PID_GetKDDivisorPOW2)
    PID_GetKI                                0x080047a3   Thumb Code     6  pid_regulator.o(i.PID_GetKI)
    PID_GetKIDivisor                         0x080047a9   Thumb Code     4  pid_regulator.o(i.PID_GetKIDivisor)
    PID_GetKIDivisorPOW2                     0x080047ad   Thumb Code     4  pid_regulator.o(i.PID_GetKIDivisorPOW2)
    PID_GetKP                                0x080047b1   Thumb Code     6  pid_regulator.o(i.PID_GetKP)
    PID_GetKPDivisorPOW2                     0x080047b7   Thumb Code     4  pid_regulator.o(i.PID_GetKPDivisorPOW2)
    PID_HandleInit                           0x080047bb   Thumb Code    20  pid_regulator.o(i.PID_HandleInit)
    PID_SetIntegralTerm                      0x080047cf   Thumb Code     4  pid_regulator.o(i.PID_SetIntegralTerm)
    PID_SetKD                                0x080047d3   Thumb Code     4  pid_regulator.o(i.PID_SetKD)
    PID_SetKDDivisorPOW2                     0x080047d7   Thumb Code    12  pid_regulator.o(i.PID_SetKDDivisorPOW2)
    PID_SetKI                                0x080047e3   Thumb Code     4  pid_regulator.o(i.PID_SetKI)
    PID_SetKIDivisorPOW2                     0x080047e7   Thumb Code    36  pid_regulator.o(i.PID_SetKIDivisorPOW2)
    PID_SetKP                                0x0800480b   Thumb Code     4  pid_regulator.o(i.PID_SetKP)
    PID_SetKPDivisorPOW2                     0x0800480f   Thumb Code    12  pid_regulator.o(i.PID_SetKPDivisorPOW2)
    PID_SetLowerIntegralTermLimit            0x0800481b   Thumb Code     4  pid_regulator.o(i.PID_SetLowerIntegralTermLimit)
    PID_SetUpperIntegralTermLimit            0x0800481f   Thumb Code     4  pid_regulator.o(i.PID_SetUpperIntegralTermLimit)
    PI_Controller                            0x08004825   Thumb Code   122  pid_regulator.o(i.PI_Controller)
    PQD_CalcElMotorPower                     0x080048a5   Thumb Code    90  pqd_motor_power_measurement.o(i.PQD_CalcElMotorPower)
    PWMC_CheckOverCurrent                    0x08004905   Thumb Code     4  pwm_curr_fdbk.o(i.PWMC_CheckOverCurrent)
    PWMC_CurrentReadingCalibr                0x08004909   Thumb Code    66  pwm_curr_fdbk.o(i.PWMC_CurrentReadingCalibr)
    PWMC_GetPhaseCurrents                    0x0800494b   Thumb Code     4  pwm_curr_fdbk.o(i.PWMC_GetPhaseCurrents)
    PWMC_SetPhaseVoltage                     0x0800494f   Thumb Code   526  pwm_curr_fdbk.o(i.PWMC_SetPhaseVoltage)
    PWMC_SwitchOffPWM                        0x08004b5d   Thumb Code     4  pwm_curr_fdbk.o(i.PWMC_SwitchOffPWM)
    PWMC_SwitchOnPWM                         0x08004b61   Thumb Code     4  pwm_curr_fdbk.o(i.PWMC_SwitchOnPWM)
    R3_2_BRK2_IRQHandler                     0x08004c5d   Thumb Code    66  r3_2_g4xx_pwm_curr_fdbk.o(i.R3_2_BRK2_IRQHandler)
    R3_2_BRK_IRQHandler                      0x08004c9f   Thumb Code    34  r3_2_g4xx_pwm_curr_fdbk.o(i.R3_2_BRK_IRQHandler)
    R3_2_CurrentReadingPolarization          0x08004cc1   Thumb Code   448  r3_2_g4xx_pwm_curr_fdbk.o(i.R3_2_CurrentReadingPolarization)
    R3_2_GetOffsetCalib                      0x08004e95   Thumb Code    16  r3_2_g4xx_pwm_curr_fdbk.o(i.R3_2_GetOffsetCalib)
    R3_2_GetPhaseCurrents                    0x08004ea5   Thumb Code   290  r3_2_g4xx_pwm_curr_fdbk.o(i.R3_2_GetPhaseCurrents)
    R3_2_Init                                0x08005081   Thumb Code   676  r3_2_g4xx_pwm_curr_fdbk.o(i.R3_2_Init)
    R3_2_IsOverCurrentOccurred               0x08005329   Thumb Code    38  r3_2_g4xx_pwm_curr_fdbk.o(i.R3_2_IsOverCurrentOccurred)
    R3_2_RLDetectionModeDisable              0x08005351   Thumb Code   226  r3_2_g4xx_pwm_curr_fdbk.o(i.R3_2_RLDetectionModeDisable)
    R3_2_RLDetectionModeEnable               0x08005445   Thumb Code   174  r3_2_g4xx_pwm_curr_fdbk.o(i.R3_2_RLDetectionModeEnable)
    R3_2_RLDetectionModeSetDuty              0x08005505   Thumb Code   122  r3_2_g4xx_pwm_curr_fdbk.o(i.R3_2_RLDetectionModeSetDuty)
    R3_2_SetADCSampPointPolarization         0x080056fd   Thumb Code    54  r3_2_g4xx_pwm_curr_fdbk.o(i.R3_2_SetADCSampPointPolarization)
    R3_2_SetADCSampPointSectX                0x08005739   Thumb Code   132  r3_2_g4xx_pwm_curr_fdbk.o(i.R3_2_SetADCSampPointSectX)
    R3_2_SetOffsetCalib                      0x080058bd   Thumb Code    22  r3_2_g4xx_pwm_curr_fdbk.o(i.R3_2_SetOffsetCalib)
    R3_2_SwitchOffPWM                        0x080058d3   Thumb Code   120  r3_2_g4xx_pwm_curr_fdbk.o(i.R3_2_SwitchOffPWM)
    R3_2_SwitchOnPWM                         0x0800594b   Thumb Code   200  r3_2_g4xx_pwm_curr_fdbk.o(i.R3_2_SwitchOnPWM)
    R3_2_TIMx_UP_IRQHandler                  0x08005a13   Thumb Code   152  r3_2_g4xx_pwm_curr_fdbk.o(i.R3_2_TIMx_UP_IRQHandler)
    R3_2_TurnOnLowSides                      0x08005aab   Thumb Code    96  r3_2_g4xx_pwm_curr_fdbk.o(i.R3_2_TurnOnLowSides)
    RCM_ExecNextConv                         0x08005b0d   Thumb Code   134  regular_conversion_manager.o(i.RCM_ExecNextConv)
    RCM_ExecRegularConv                      0x08005ba5   Thumb Code   302  regular_conversion_manager.o(i.RCM_ExecRegularConv)
    RCM_ExecUserConv                         0x08005ce9   Thumb Code    76  regular_conversion_manager.o(i.RCM_ExecUserConv)
    RCM_ReadOngoingConv                      0x08005d41   Thumb Code    62  regular_conversion_manager.o(i.RCM_ReadOngoingConv)
    RCM_RegisterRegConv                      0x08005d8d   Thumb Code   288  regular_conversion_manager.o(i.RCM_RegisterRegConv)
    REMNG_Calc                               0x08005ebd   Thumb Code    44  ramp_ext_mngr.o(i.REMNG_Calc)
    REMNG_ExecRamp                           0x08005ee9   Thumb Code   130  ramp_ext_mngr.o(i.REMNG_ExecRamp)
    REMNG_Init                               0x08005f6b   Thumb Code    16  ramp_ext_mngr.o(i.REMNG_Init)
    REMNG_RampCompleted                      0x08005f7b   Thumb Code    14  ramp_ext_mngr.o(i.REMNG_RampCompleted)
    RI_GetIDSize                             0x08005f89   Thumb Code    32  register_interface.o(i.RI_GetIDSize)
    RI_GetPtrReg                             0x08005fa9   Thumb Code   222  register_interface.o(i.RI_GetPtrReg)
    RI_GetRegCommandParser                   0x08006095   Thumb Code  1980  register_interface.o(i.RI_GetRegCommandParser)
    RI_SetRegCommandParser                   0x0800687d   Thumb Code  1602  register_interface.o(i.RI_SetRegCommandParser)
    RUC_Clear                                0x08006ecd   Thumb Code   136  revup_ctrl.o(i.RUC_Clear)
    RUC_Exec                                 0x08006f55   Thumb Code   106  revup_ctrl.o(i.RUC_Exec)
    RUC_FirstAccelerationStageReached        0x08006fbf   Thumb Code    20  revup_ctrl.o(i.RUC_FirstAccelerationStageReached)
    RUC_GetNumberOfPhases                    0x08006fd3   Thumb Code     6  revup_ctrl.o(i.RUC_GetNumberOfPhases)
    RUC_GetPhase                             0x08006fd9   Thumb Code    26  revup_ctrl.o(i.RUC_GetPhase)
    RUC_Init                                 0x08006ff3   Thumb Code    96  revup_ctrl.o(i.RUC_Init)
    RUC_SetPhase                             0x08007053   Thumb Code    30  revup_ctrl.o(i.RUC_SetPhase)
    RVBS_CalcAvVbus                          0x08007071   Thumb Code   102  r_divider_bus_voltage_sensor.o(i.RVBS_CalcAvVbus)
    RVBS_CheckFaultState                     0x080070d7   Thumb Code    24  r_divider_bus_voltage_sensor.o(i.RVBS_CheckFaultState)
    RVBS_Clear                               0x080070ef   Thumb Code    44  r_divider_bus_voltage_sensor.o(i.RVBS_Clear)
    RVBS_Init                                0x0800711b   Thumb Code    22  r_divider_bus_voltage_sensor.o(i.RVBS_Init)
    SPD_GetAvrgMecSpeedUnit                  0x08007131   Thumb Code     6  speed_pos_fdbk.o(i.SPD_GetAvrgMecSpeedUnit)
    SPD_GetElAngle                           0x08007137   Thumb Code     6  speed_pos_fdbk.o(i.SPD_GetElAngle)
    SPD_GetInstElSpeedDpp                    0x0800713d   Thumb Code     6  speed_pos_fdbk.o(i.SPD_GetInstElSpeedDpp)
    SPD_GetS16Speed                          0x08007143   Thumb Code    20  speed_pos_fdbk.o(i.SPD_GetS16Speed)
    SPD_IsMecSpeedReliable                   0x08007157   Thumb Code    96  speed_pos_fdbk.o(i.SPD_IsMecSpeedReliable)
    STC_CalcTorqueReference                  0x080071b7   Thumb Code    80  speed_torq_ctrl.o(i.STC_CalcTorqueReference)
    STC_Clear                                0x08007207   Thumb Code    16  speed_torq_ctrl.o(i.STC_Clear)
    STC_ExecRamp                             0x08007217   Thumb Code   140  speed_torq_ctrl.o(i.STC_ExecRamp)
    STC_ForceSpeedReferenceToCurrentSpeed    0x080072a3   Thumb Code    16  speed_torq_ctrl.o(i.STC_ForceSpeedReferenceToCurrentSpeed)
    STC_GetDefaultIqdref                     0x080072b3   Thumb Code    16  speed_torq_ctrl.o(i.STC_GetDefaultIqdref)
    STC_GetMecSpeedRefUnit                   0x080072c3   Thumb Code     6  speed_torq_ctrl.o(i.STC_GetMecSpeedRefUnit)
    STC_GetMecSpeedRefUnitDefault            0x080072c9   Thumb Code     6  speed_torq_ctrl.o(i.STC_GetMecSpeedRefUnitDefault)
    STC_GetSpeedSensor                       0x080072cf   Thumb Code     4  speed_torq_ctrl.o(i.STC_GetSpeedSensor)
    STC_GetTorqueRef                         0x080072d3   Thumb Code     6  speed_torq_ctrl.o(i.STC_GetTorqueRef)
    STC_Init                                 0x080072d9   Thumb Code    32  speed_torq_ctrl.o(i.STC_Init)
    STC_SetControlMode                       0x080072f9   Thumb Code     8  speed_torq_ctrl.o(i.STC_SetControlMode)
    STC_SetSpeedSensor                       0x08007301   Thumb Code     4  speed_torq_ctrl.o(i.STC_SetSpeedSensor)
    STC_StopRamp                             0x08007305   Thumb Code     8  speed_torq_ctrl.o(i.STC_StopRamp)
    STO_OTF_ResetPLL                         0x0800730d   Thumb Code    10  sto_pll_speed_pos_fdbk.o(i.STO_OTF_ResetPLL)
    STO_PLL_CalcAvrgElSpeedDpp               0x08007317   Thumb Code    78  sto_pll_speed_pos_fdbk.o(i.STO_PLL_CalcAvrgElSpeedDpp)
    STO_PLL_CalcAvrgMecSpeedUnit             0x08007365   Thumb Code   390  sto_pll_speed_pos_fdbk.o(i.STO_PLL_CalcAvrgMecSpeedUnit)
    STO_PLL_CalcElAngle                      0x080074eb   Thumb Code   482  sto_pll_speed_pos_fdbk.o(i.STO_PLL_CalcElAngle)
    STO_PLL_Clear                            0x080076cd   Thumb Code   124  sto_pll_speed_pos_fdbk.o(i.STO_PLL_Clear)
    STO_PLL_ForceConvergency1                0x08007749   Thumb Code    10  sto_pll_speed_pos_fdbk.o(i.STO_PLL_ForceConvergency1)
    STO_PLL_ForceConvergency2                0x08007753   Thumb Code    10  sto_pll_speed_pos_fdbk.o(i.STO_PLL_ForceConvergency2)
    STO_PLL_GetEstimatedBemf                 0x0800775d   Thumb Code    20  sto_pll_speed_pos_fdbk.o(i.STO_PLL_GetEstimatedBemf)
    STO_PLL_GetEstimatedBemfLevel            0x08007771   Thumb Code     6  sto_pll_speed_pos_fdbk.o(i.STO_PLL_GetEstimatedBemfLevel)
    STO_PLL_GetEstimatedCurrent              0x08007777   Thumb Code    24  sto_pll_speed_pos_fdbk.o(i.STO_PLL_GetEstimatedCurrent)
    STO_PLL_GetObservedBemfLevel             0x0800778f   Thumb Code     6  sto_pll_speed_pos_fdbk.o(i.STO_PLL_GetObservedBemfLevel)
    STO_PLL_GetObserverGains                 0x08007795   Thumb Code    10  sto_pll_speed_pos_fdbk.o(i.STO_PLL_GetObserverGains)
    STO_PLL_Init                             0x080077a1   Thumb Code    90  sto_pll_speed_pos_fdbk.o(i.STO_PLL_Init)
    STO_PLL_IsObserverConverged              0x08007801   Thumb Code   168  sto_pll_speed_pos_fdbk.o(i.STO_PLL_IsObserverConverged)
    STO_PLL_IsVarianceTight                  0x080078a9   Thumb Code     8  sto_pll_speed_pos_fdbk.o(i.STO_PLL_IsVarianceTight)
    STO_PLL_SetObserverGains                 0x080078b1   Thumb Code     6  sto_pll_speed_pos_fdbk.o(i.STO_PLL_SetObserverGains)
    STO_ResetPLL                             0x080078b7   Thumb Code     8  sto_pll_speed_pos_fdbk.o(i.STO_ResetPLL)
    SysTick_Handler                          0x080078c1   Thumb Code    36  stm32g4xx_mc_it.o(i.SysTick_Handler)
    SystemInit                               0x080078e9   Thumb Code    12  system_stm32g4xx.o(i.SystemInit)
    TIM1_BRK_TIM15_IRQHandler                0x080078f9   Thumb Code    54  stm32g4xx_mc_it.o(i.TIM1_BRK_TIM15_IRQHandler)
    TIM1_UP_TIM16_IRQHandler                 0x0800793d   Thumb Code    14  stm32g4xx_mc_it.o(i.TIM1_UP_TIM16_IRQHandler)
    TIM_Base_SetConfig                       0x08007955   Thumb Code   152  stm32g4xx_hal_tim.o(i.TIM_Base_SetConfig)
    TIM_OC2_SetConfig                        0x08007a09   Thumb Code   136  stm32g4xx_hal_tim.o(i.TIM_OC2_SetConfig)
    TSK_ChargeBootCapDelayHasElapsedM1       0x08007bd1   Thumb Code    14  mc_tasks.o(i.TSK_ChargeBootCapDelayHasElapsedM1)
    TSK_HardwareFaultTask                    0x08007be5   Thumb Code    24  mc_tasks.o(i.TSK_HardwareFaultTask)
    TSK_HighFrequencyTask                    0x08007c05   Thumb Code   344  mc_tasks.o(i.TSK_HighFrequencyTask)
    TSK_MediumFrequencyTaskM1                0x08007d95   Thumb Code   784  mc_tasks.o(i.TSK_MediumFrequencyTaskM1)
    TSK_SafetyTask                           0x080080cd   Thumb Code    26  mc_tasks.o(i.TSK_SafetyTask)
    TSK_SafetyTask_PWMOFF                    0x080080ed   Thumb Code   128  mc_tasks.o(i.TSK_SafetyTask_PWMOFF)
    TSK_SetChargeBootCapDelayM1              0x08008189   Thumb Code     6  mc_tasks.o(i.TSK_SetChargeBootCapDelayM1)
    TSK_SetStopPermanencyTimeM1              0x08008195   Thumb Code     6  mc_tasks.o(i.TSK_SetStopPermanencyTimeM1)
    TSK_StopPermanencyTimeHasElapsedM1       0x080081a1   Thumb Code    14  mc_tasks.o(i.TSK_StopPermanencyTimeHasElapsedM1)
    UART_AdvFeatureConfig                    0x080081b5   Thumb Code   218  stm32g4xx_hal_uart.o(i.UART_AdvFeatureConfig)
    UART_CheckIdleState                      0x0800828f   Thumb Code   100  stm32g4xx_hal_uart.o(i.UART_CheckIdleState)
    UART_SetConfig                           0x080082f5   Thumb Code   620  stm32g4xx_hal_uart.o(i.UART_SetConfig)
    UART_WaitOnFlagUntilTimeout              0x08008579   Thumb Code   228  stm32g4xx_hal_uart.o(i.UART_WaitOnFlagUntilTimeout)
    UASPEP_IDLE_ENABLE                       0x0800865d   Thumb Code    26  usart_aspep_driver.o(i.UASPEP_IDLE_ENABLE)
    UASPEP_INIT                              0x08008679   Thumb Code   168  usart_aspep_driver.o(i.UASPEP_INIT)
    UASPEP_RECEIVE_BUFFER                    0x08008725   Thumb Code    74  usart_aspep_driver.o(i.UASPEP_RECEIVE_BUFFER)
    UASPEP_SEND_PACKET                       0x08008775   Thumb Code    74  usart_aspep_driver.o(i.UASPEP_SEND_PACKET)
    UI_HandleStartStopButton_cb              0x080087c5   Thumb Code    24  mc_tasks.o(i.UI_HandleStartStopButton_cb)
    USART2_IRQHandler                        0x080087dd   Thumb Code   234  stm32g4xx_mc_it.o(i.USART2_IRQHandler)
    VBS_GetAvBusVoltage_V                    0x080088e1   Thumb Code    10  bus_voltage_sensor.o(i.VBS_GetAvBusVoltage_V)
    VBS_GetAvBusVoltage_d                    0x080088eb   Thumb Code     4  bus_voltage_sensor.o(i.VBS_GetAvBusVoltage_d)
    VSS_CalcAvrgMecSpeedUnit                 0x080088ef   Thumb Code   130  virtual_speed_sensor.o(i.VSS_CalcAvrgMecSpeedUnit)
    VSS_CalcElAngle                          0x08008971   Thumb Code   158  virtual_speed_sensor.o(i.VSS_CalcElAngle)
    VSS_Clear                                0x08008a0f   Thumb Code    44  virtual_speed_sensor.o(i.VSS_Clear)
    VSS_Init                                 0x08008a3b   Thumb Code     8  virtual_speed_sensor.o(i.VSS_Init)
    VSS_SetMecAcceleration                   0x08008a43   Thumb Code   140  virtual_speed_sensor.o(i.VSS_SetMecAcceleration)
    VSS_SetMecAngle                          0x08008acf   Thumb Code    14  virtual_speed_sensor.o(i.VSS_SetMecAngle)
    VSS_SetStartTransition                   0x08008add   Thumb Code    28  virtual_speed_sensor.o(i.VSS_SetStartTransition)
    VSS_TransitionEnded                      0x08008af9   Thumb Code     6  virtual_speed_sensor.o(i.VSS_TransitionEnded)
    getScalingFactor                         0x08008b01   Thumb Code    40  ramp_ext_mngr.o(i.getScalingFactor)
    main                                     0x08008b29   Thumb Code  1450  main.o(i.main)
    mc_lock_pins                             0x080090e9   Thumb Code   210  mc_tasks.o(i.mc_lock_pins)
    startTimers                              0x080091d9   Thumb Code   100  pwm_common.o(i.startTimers)
    waitForPolarizationEnd                   0x08009245   Thumb Code    72  pwm_common.o(i.waitForPolarizationEnd)
    _fp_init                                 0x0800928d   Thumb Code    10  fpinit.o(x$fpl$fpinit)
    __fplib_config_fpu_vfp                   0x08009295   Thumb Code     0  fpinit.o(x$fpl$fpinit)
    __fplib_config_pureend_doubles           0x08009295   Thumb Code     0  fpinit.o(x$fpl$fpinit)
    R3_2_ParamsM1                            0x080092a0   Data         204  mc_parameters.o(.constdata)
    CTL_BOARD                                0x08009376   Data          16  mc_configuration_registers.o(.constdata)
    FIRMWARE_NAME                            0x08009397   Data          24  mc_configuration_registers.o(.constdata)
    globalConfig_reg                         0x080093af   Data          10  mc_configuration_registers.o(.constdata)
    M1_MotorConfig_reg                       0x080093c7   Data          60  mc_configuration_registers.o(.constdata)
    UARTPrescTable                           0x08009522   Data          24  stm32g4xx_hal_uart.o(.constdata)
    AHBPrescTable                            0x0800954a   Data          16  system_stm32g4xx.o(.constdata)
    APBPrescTable                            0x0800955a   Data           8  system_stm32g4xx.o(.constdata)
    Region$$Table$$Base                      0x08009578   Number         0  anon$$obj.o(Region$$Table)
    Region$$Table$$Limit                     0x08009598   Number         0  anon$$obj.o(Region$$Table)
    ADC_UserHandle                           0x20000000   Data           1  main.o(.data)
    ADC_UserValue                            0x20000004   Data           2  main.o(.data)
    SetSpeed                                 0x20000006   Data           2  main.o(.data)
    pMCI                                     0x20000008   Data           4  motorcontrol.o(.data)
    PQD_MotorPowMeasM1                       0x2000000c   Data         276  mc_config.o(.data)
    PIDSpeedHandle_M1                        0x20000120   Data          44  mc_config.o(.data)
    PIDIqHandle_M1                           0x2000014c   Data          44  mc_config.o(.data)
    PIDIdHandle_M1                           0x20000178   Data          44  mc_config.o(.data)
    SpeednTorqCtrlM1                         0x200001a4   Data          52  mc_config.o(.data)
    RevUpControlM1                           0x200001d8   Data         120  mc_config.o(.data)
    PWM_Handle_M1                            0x20000250   Data         152  mc_config.o(.data)
    VirtualSpeedSensorM1                     0x200002e8   Data          56  mc_config.o(.data)
    STO_PLL_M1                               0x20000320   Data         296  mc_config.o(.data)
    STO_M1                                   0x20000448   Data          20  mc_config.o(.data)
    TempSensor_M1                            0x2000045c   Data          40  mc_config.o(.data)
    BusVoltageSensor_M1                      0x20000484   Data          40  mc_config.o(.data)
    RampExtMngrHFParamsM1                    0x200004ac   Data          24  mc_config.o(.data)
    CircleLimitationM1                       0x200004c4   Data         180  mc_config.o(.data)
    pSTC                                     0x20000578   Data           4  mc_config.o(.data)
    pPIDIq                                   0x2000057c   Data           4  mc_config.o(.data)
    pPIDId                                   0x20000580   Data           4  mc_config.o(.data)
    pTemperatureSensor                       0x20000584   Data           4  mc_config.o(.data)
    pMPM                                     0x20000588   Data           4  mc_config.o(.data)
    aspepOverUartA                           0x200005a0   Data         116  mcp_config.o(.data)
    MCP_Over_UartA                           0x20000614   Data          16  mcp_config.o(.data)
    MCPA_UART_A                              0x20000624   Data          44  mcp_config.o(.data)
    MCP_UserCallBack                         0x20000650   Data           8  mcp_config.o(.data)
    PWR_BOARD_NAME                           0x20000684   Data           4  mc_configuration_registers.o(.data)
    FOCConfig_reg                            0x20000688   Data           4  mc_configuration_registers.o(.data)
    MotorConfig_reg                          0x2000068c   Data           4  mc_configuration_registers.o(.data)
    ApplicationConfig_reg                    0x20000690   Data           4  mc_configuration_registers.o(.data)
    uwTickPrio                               0x20000698   Data           4  stm32g4xx_hal.o(.data)
    uwTickFreq                               0x2000069c   Data           4  stm32g4xx_hal.o(.data)
    uwTick                                   0x200006a0   Data           4  stm32g4xx_hal.o(.data)
    SystemCoreClock                          0x200006a4   Data           4  system_stm32g4xx.o(.data)
    GLOBAL_TIMESTAMP                         0x200006a8   Data           4  mcpa.o(.data)
    hadc1                                    0x200006ac   Data         108  main.o(.bss)
    hadc2                                    0x20000718   Data         108  main.o(.bss)
    hcordic                                  0x20000784   Data          40  main.o(.bss)
    hdac1                                    0x200007ac   Data          20  main.o(.bss)
    htim1                                    0x200007c0   Data          76  main.o(.bss)
    huart2                                   0x2000080c   Data         144  main.o(.bss)
    ADC_Userconv                             0x2000089c   Data          12  main.o(.bss)
    hdma_usart2_rx                           0x200008a8   Data          96  main.o(.bss)
    hdma_usart2_tx                           0x20000908   Data          96  main.o(.bss)
    Mci                                      0x20000974   Data          32  mc_config.o(.bss)
    dataPtrTableA                            0x20001ba8   Data          40  mcp_config.o(.bss)
    dataPtrTableBuffA                        0x20001bd0   Data          40  mcp_config.o(.bss)
    dataSizeTableA                           0x20001bf8   Data          10  mcp_config.o(.bss)
    dataSizeTableBuffA                       0x20001c02   Data          10  mcp_config.o(.bss)
    DAC_Handle                               0x20001c7c   Data          12  dac_ui.o(.bss)
    __libspace_start                         0x20001c88   Data          96  libspace.o(.bss)
    __temporary_stack_top$libspace           0x20001ce8   Data           0  libspace.o(.bss)



==============================================================================

Memory Map of the image

  Image Entry point : 0x080001d9

  Load Region LR_IROM1 (Base: 0x08000000, Size: 0x00009c44, Max: 0x00020000, ABSOLUTE, COMPRESSED[0x00009778])

    Execution Region ER_IROM1 (Exec base: 0x08000000, Load base: 0x08000000, Size: 0x00009598, Max: 0x00020000, ABSOLUTE)

    Exec Addr    Load Addr    Size         Type   Attr      Idx    E Section Name        Object

    0x08000000   0x08000000   0x000001d8   Data   RO            3    RESET               startup_stm32g431xx.o
    0x080001d8   0x080001d8   0x00000008   Code   RO         7603  * !!!main             c_w.l(__main.o)
    0x080001e0   0x080001e0   0x00000034   Code   RO         7843    !!!scatter          c_w.l(__scatter.o)
    0x08000214   0x08000214   0x0000005a   Code   RO         7841    !!dczerorl2         c_w.l(__dczerorl2.o)
    0x0800026e   0x0800026e   0x00000002   PAD
    0x08000270   0x08000270   0x0000001c   Code   RO         7845    !!handler_zi        c_w.l(__scatter_zi.o)
    0x0800028c   0x0800028c   0x00000002   Code   RO         7778    .ARM.Collect$$libinit$$00000000  c_w.l(libinit.o)
    0x0800028e   0x0800028e   0x00000004   Code   RO         7655    .ARM.Collect$$libinit$$00000001  c_w.l(libinit2.o)
    0x08000292   0x08000292   0x00000000   Code   RO         7658    .ARM.Collect$$libinit$$00000004  c_w.l(libinit2.o)
    0x08000292   0x08000292   0x00000008   Code   RO         7659    .ARM.Collect$$libinit$$00000005  c_w.l(libinit2.o)
    0x0800029a   0x0800029a   0x00000000   Code   RO         7661    .ARM.Collect$$libinit$$0000000A  c_w.l(libinit2.o)
    0x0800029a   0x0800029a   0x00000000   Code   RO         7663    .ARM.Collect$$libinit$$0000000C  c_w.l(libinit2.o)
    0x0800029a   0x0800029a   0x00000000   Code   RO         7665    .ARM.Collect$$libinit$$0000000E  c_w.l(libinit2.o)
    0x0800029a   0x0800029a   0x00000000   Code   RO         7668    .ARM.Collect$$libinit$$00000011  c_w.l(libinit2.o)
    0x0800029a   0x0800029a   0x00000000   Code   RO         7670    .ARM.Collect$$libinit$$00000013  c_w.l(libinit2.o)
    0x0800029a   0x0800029a   0x00000000   Code   RO         7672    .ARM.Collect$$libinit$$00000015  c_w.l(libinit2.o)
    0x0800029a   0x0800029a   0x00000000   Code   RO         7674    .ARM.Collect$$libinit$$00000017  c_w.l(libinit2.o)
    0x0800029a   0x0800029a   0x00000000   Code   RO         7676    .ARM.Collect$$libinit$$00000019  c_w.l(libinit2.o)
    0x0800029a   0x0800029a   0x00000000   Code   RO         7678    .ARM.Collect$$libinit$$0000001B  c_w.l(libinit2.o)
    0x0800029a   0x0800029a   0x00000000   Code   RO         7680    .ARM.Collect$$libinit$$0000001D  c_w.l(libinit2.o)
    0x0800029a   0x0800029a   0x00000000   Code   RO         7682    .ARM.Collect$$libinit$$0000001F  c_w.l(libinit2.o)
    0x0800029a   0x0800029a   0x00000000   Code   RO         7684    .ARM.Collect$$libinit$$00000021  c_w.l(libinit2.o)
    0x0800029a   0x0800029a   0x00000000   Code   RO         7686    .ARM.Collect$$libinit$$00000023  c_w.l(libinit2.o)
    0x0800029a   0x0800029a   0x00000000   Code   RO         7688    .ARM.Collect$$libinit$$00000025  c_w.l(libinit2.o)
    0x0800029a   0x0800029a   0x00000000   Code   RO         7692    .ARM.Collect$$libinit$$0000002C  c_w.l(libinit2.o)
    0x0800029a   0x0800029a   0x00000000   Code   RO         7694    .ARM.Collect$$libinit$$0000002E  c_w.l(libinit2.o)
    0x0800029a   0x0800029a   0x00000000   Code   RO         7696    .ARM.Collect$$libinit$$00000030  c_w.l(libinit2.o)
    0x0800029a   0x0800029a   0x00000000   Code   RO         7698    .ARM.Collect$$libinit$$00000032  c_w.l(libinit2.o)
    0x0800029a   0x0800029a   0x00000002   Code   RO         7699    .ARM.Collect$$libinit$$00000033  c_w.l(libinit2.o)
    0x0800029c   0x0800029c   0x00000002   Code   RO         7838    .ARM.Collect$$libshutdown$$00000000  c_w.l(libshutdown.o)
    0x0800029e   0x0800029e   0x00000000   Code   RO         7794    .ARM.Collect$$libshutdown$$00000002  c_w.l(libshutdown2.o)
    0x0800029e   0x0800029e   0x00000000   Code   RO         7796    .ARM.Collect$$libshutdown$$00000004  c_w.l(libshutdown2.o)
    0x0800029e   0x0800029e   0x00000000   Code   RO         7798    .ARM.Collect$$libshutdown$$00000006  c_w.l(libshutdown2.o)
    0x0800029e   0x0800029e   0x00000000   Code   RO         7801    .ARM.Collect$$libshutdown$$00000009  c_w.l(libshutdown2.o)
    0x0800029e   0x0800029e   0x00000000   Code   RO         7804    .ARM.Collect$$libshutdown$$0000000C  c_w.l(libshutdown2.o)
    0x0800029e   0x0800029e   0x00000000   Code   RO         7806    .ARM.Collect$$libshutdown$$0000000E  c_w.l(libshutdown2.o)
    0x0800029e   0x0800029e   0x00000000   Code   RO         7809    .ARM.Collect$$libshutdown$$00000011  c_w.l(libshutdown2.o)
    0x0800029e   0x0800029e   0x00000002   Code   RO         7810    .ARM.Collect$$libshutdown$$00000012  c_w.l(libshutdown2.o)
    0x080002a0   0x080002a0   0x00000000   Code   RO         7623    .ARM.Collect$$rtentry$$00000000  c_w.l(__rtentry.o)
    0x080002a0   0x080002a0   0x00000000   Code   RO         7715    .ARM.Collect$$rtentry$$00000002  c_w.l(__rtentry2.o)
    0x080002a0   0x080002a0   0x00000006   Code   RO         7727    .ARM.Collect$$rtentry$$00000004  c_w.l(__rtentry4.o)
    0x080002a6   0x080002a6   0x00000000   Code   RO         7717    .ARM.Collect$$rtentry$$00000009  c_w.l(__rtentry2.o)
    0x080002a6   0x080002a6   0x00000004   Code   RO         7718    .ARM.Collect$$rtentry$$0000000A  c_w.l(__rtentry2.o)
    0x080002aa   0x080002aa   0x00000000   Code   RO         7720    .ARM.Collect$$rtentry$$0000000C  c_w.l(__rtentry2.o)
    0x080002aa   0x080002aa   0x00000008   Code   RO         7721    .ARM.Collect$$rtentry$$0000000D  c_w.l(__rtentry2.o)
    0x080002b2   0x080002b2   0x00000002   Code   RO         7781    .ARM.Collect$$rtexit$$00000000  c_w.l(rtexit.o)
    0x080002b4   0x080002b4   0x00000000   Code   RO         7814    .ARM.Collect$$rtexit$$00000002  c_w.l(rtexit2.o)
    0x080002b4   0x080002b4   0x00000004   Code   RO         7815    .ARM.Collect$$rtexit$$00000003  c_w.l(rtexit2.o)
    0x080002b8   0x080002b8   0x00000006   Code   RO         7816    .ARM.Collect$$rtexit$$00000004  c_w.l(rtexit2.o)
    0x080002be   0x080002be   0x00000002   PAD
    0x080002c0   0x080002c0   0x00000000   Code   RO         7733    .emb_text           c_w.l(maybetermalloc1.o)
    0x080002c0   0x080002c0   0x00000040   Code   RO            4    .text               startup_stm32g431xx.o
    0x08000300   0x08000300   0x0000005e   Code   RO         7533    .text               c_w.l(h1_alloc.o)
    0x0800035e   0x0800035e   0x0000004e   Code   RO         7535    .text               c_w.l(h1_free.o)
    0x080003ac   0x080003ac   0x000000ee   Code   RO         7591    .text               c_w.l(lludivv7m.o)
    0x0800049a   0x0800049a   0x00000048   Code   RO         7593    .text               c_w.l(llsdiv.o)
    0x080004e2   0x080004e2   0x0000008a   Code   RO         7595    .text               c_w.l(rt_memcpy_v6.o)
    0x0800056c   0x0800056c   0x00000064   Code   RO         7597    .text               c_w.l(rt_memcpy_w.o)
    0x080005d0   0x080005d0   0x0000004e   Code   RO         7599    .text               c_w.l(rt_memclr_w.o)
    0x0800061e   0x0800061e   0x00000006   Code   RO         7601    .text               c_w.l(heapauxi.o)
    0x08000624   0x08000624   0x00000008   Code   RO         7631    .text               c_w.l(rt_heap_descriptor_intlibspace.o)
    0x0800062c   0x0800062c   0x00000004   Code   RO         7633    .text               c_w.l(hguard.o)
    0x08000630   0x08000630   0x0000008a   Code   RO         7635    .text               c_w.l(init_alloc.o)
    0x080006ba   0x080006ba   0x0000000e   Code   RO         7639    .text               c_w.l(h1_init.o)
    0x080006c8   0x080006c8   0x00000008   Code   RO         7711    .text               c_w.l(libspace.o)
    0x080006d0   0x080006d0   0x00000034   Code   RO         7735    .text               c_w.l(h1_extend.o)
    0x08000704   0x08000704   0x0000000e   Code   RO         7739    .text               c_w.l(defsig_rtmem_outer.o)
    0x08000712   0x08000712   0x00000002   Code   RO         7750    .text               c_w.l(use_no_semi.o)
    0x08000714   0x08000714   0x00000000   Code   RO         7752    .text               c_w.l(indicate_semi.o)
    0x08000714   0x08000714   0x0000004a   Code   RO         7753    .text               c_w.l(sys_stackheap_outer.o)
    0x0800075e   0x0800075e   0x00000012   Code   RO         7759    .text               c_w.l(exit.o)
    0x08000770   0x08000770   0x0000000a   Code   RO         7761    .text               c_w.l(defsig_exit.o)
    0x0800077a   0x0800077a   0x00000002   PAD
    0x0800077c   0x0800077c   0x00000050   Code   RO         7767    .text               c_w.l(defsig_rtmem_inner.o)
    0x080007cc   0x080007cc   0x0000000c   Code   RO         7779    .text               c_w.l(sys_exit.o)
    0x080007d8   0x080007d8   0x00000032   Code   RO         7789    .text               c_w.l(defsig_general.o)
    0x0800080a   0x0800080a   0x0000000e   Code   RO         7811    .text               c_w.l(sys_wrch.o)
    0x08000818   0x08000818   0x0000000c   Code   RO         1588    i.ADC1_2_IRQHandler  stm32g4xx_mc_it.o
    0x08000824   0x08000824   0x0000007c   Code   RO         1969    i.ASPEP_CheckBeacon  aspep.o
    0x080008a0   0x080008a0   0x00000016   Code   RO         1970    i.ASPEP_HWDMAReset  aspep.o
    0x080008b6   0x080008b6   0x00000002   PAD
    0x080008b8   0x080008b8   0x0000009c   Code   RO         1971    i.ASPEP_HWDataReceivedIT  aspep.o
    0x08000954   0x08000954   0x00000094   Code   RO         1972    i.ASPEP_HWDataTransmittedIT  aspep.o
    0x080009e8   0x080009e8   0x000001ea   Code   RO         1973    i.ASPEP_RXframeProcess  aspep.o
    0x08000bd2   0x08000bd2   0x00000002   PAD
    0x08000bd4   0x08000bd4   0x000000d4   Code   RO         1974    i.ASPEP_TXframeProcess  aspep.o
    0x08000ca8   0x08000ca8   0x00000056   Code   RO         1975    i.ASPEP_getBuffer   aspep.o
    0x08000cfe   0x08000cfe   0x00000058   Code   RO         1977    i.ASPEP_sendPacket  aspep.o
    0x08000d56   0x08000d56   0x00000028   Code   RO         1979    i.ASPEP_start       aspep.o
    0x08000d7e   0x08000d7e   0x0000005c   Code   RO         6081    i.Circle_Limitation  circle_limitation.o
    0x08000dda   0x08000dda   0x00000002   PAD
    0x08000ddc   0x08000ddc   0x00000028   Code   RO         1883    i.DAC_Exec          dac_ui.o
    0x08000e04   0x08000e04   0x00000008   Code   RO         1884    i.DAC_GetChannelConfig  dac_ui.o
    0x08000e0c   0x08000e0c   0x0000001c   Code   RO         1885    i.DAC_Init          dac_ui.o
    0x08000e28   0x08000e28   0x00000010   Code   RO         1886    i.DAC_SetChannelConfig  dac_ui.o
    0x08000e38   0x08000e38   0x00000020   Code   RO         1589    i.DMA2_Channel2_IRQHandler  stm32g4xx_mc_it.o
    0x08000e58   0x08000e58   0x0000001c   Code   RO         1590    i.EXTI15_10_IRQHandler  stm32g4xx_mc_it.o
    0x08000e74   0x08000e74   0x00000004   Code   RO           14    i.Error_Handler     main.o
    0x08000e78   0x08000e78   0x00000034   Code   RO          758    i.FOC_CalcCurrRef   mc_tasks.o
    0x08000eac   0x08000eac   0x0000006c   Code   RO          759    i.FOC_Clear         mc_tasks.o
    0x08000f18   0x08000f18   0x00000002   Code   RO          760    i.FOC_InitAdditionalMethods  mc_tasks.o
    0x08000f1a   0x08000f1a   0x00000002   PAD
    0x08000f1c   0x08000f1c   0x000005dc   Code   RO         2377    i.HAL_ADCEx_InjectedConfigChannel  stm32g4xx_hal_adc_ex.o
    0x080014f8   0x080014f8   0x000000f8   Code   RO         2388    i.HAL_ADCEx_MultiModeConfigChannel  stm32g4xx_hal_adc_ex.o
    0x080015f0   0x080015f0   0x000004d8   Code   RO         2175    i.HAL_ADC_ConfigChannel  stm32g4xx_hal_adc.o
    0x08001ac8   0x08001ac8   0x00000240   Code   RO         2184    i.HAL_ADC_Init      stm32g4xx_hal_adc.o
    0x08001d08   0x08001d08   0x00000188   Code   RO         2076    i.HAL_ADC_MspInit   stm32g4xx_hal_msp.o
    0x08001e90   0x08001e90   0x00000034   Code   RO         4002    i.HAL_CORDIC_Init   stm32g4xx_hal_cordic.o
    0x08001ec4   0x08001ec4   0x0000002c   Code   RO         2078    i.HAL_CORDIC_MspInit  stm32g4xx_hal_msp.o
    0x08001ef0   0x08001ef0   0x000001dc   Code   RO         4108    i.HAL_DAC_ConfigChannel  stm32g4xx_hal_dac.o
    0x080020cc   0x080020cc   0x00000028   Code   RO         4118    i.HAL_DAC_Init      stm32g4xx_hal_dac.o
    0x080020f4   0x080020f4   0x0000005c   Code   RO         2080    i.HAL_DAC_MspInit   stm32g4xx_hal_msp.o
    0x08002150   0x08002150   0x00000128   Code   RO         3372    i.HAL_DMA_Init      stm32g4xx_hal_dma.o
    0x08002278   0x08002278   0x00000028   Code   RO         2562    i.HAL_Delay         stm32g4xx_hal.o
    0x080022a0   0x080022a0   0x000001e4   Code   RO         3231    i.HAL_GPIO_Init     stm32g4xx_hal_gpio.o
    0x08002484   0x08002484   0x0000000a   Code   RO         3235    i.HAL_GPIO_WritePin  stm32g4xx_hal_gpio.o
    0x0800248e   0x0800248e   0x00000002   PAD
    0x08002490   0x08002490   0x0000000c   Code   RO         2566    i.HAL_GetTick       stm32g4xx_hal.o
    0x0800249c   0x0800249c   0x00000010   Code   RO         2569    i.HAL_IncTick       stm32g4xx_hal.o
    0x080024ac   0x080024ac   0x0000001e   Code   RO         2570    i.HAL_Init          stm32g4xx_hal.o
    0x080024ca   0x080024ca   0x00000002   PAD
    0x080024cc   0x080024cc   0x00000044   Code   RO         2571    i.HAL_InitTick      stm32g4xx_hal.o
    0x08002510   0x08002510   0x00000038   Code   RO         2081    i.HAL_MspInit       stm32g4xx_hal_msp.o
    0x08002548   0x08002548   0x0000001e   Code   RO         3863    i.HAL_NVIC_EnableIRQ  stm32g4xx_hal_cortex.o
    0x08002566   0x08002566   0x00000002   PAD
    0x08002568   0x08002568   0x00000064   Code   RO         3869    i.HAL_NVIC_SetPriority  stm32g4xx_hal_cortex.o
    0x080025cc   0x080025cc   0x00000024   Code   RO         3870    i.HAL_NVIC_SetPriorityGrouping  stm32g4xx_hal_cortex.o
    0x080025f0   0x080025f0   0x000000c0   Code   RO         3619    i.HAL_PWREx_ControlVoltageScaling  stm32g4xx_hal_pwr_ex.o
    0x080026b0   0x080026b0   0x00000010   Code   RO         3631    i.HAL_PWREx_DisableUCPDDeadBattery  stm32g4xx_hal_pwr_ex.o
    0x080026c0   0x080026c0   0x000002c4   Code   RO         2914    i.HAL_RCCEx_PeriphCLKConfig  stm32g4xx_hal_rcc_ex.o
    0x08002984   0x08002984   0x00000208   Code   RO         2790    i.HAL_RCC_ClockConfig  stm32g4xx_hal_rcc.o
    0x08002b8c   0x08002b8c   0x00000010   Code   RO         2793    i.HAL_RCC_EnableCSS  stm32g4xx_hal_rcc.o
    0x08002b9c   0x08002b9c   0x0000000c   Code   RO         2796    i.HAL_RCC_GetHCLKFreq  stm32g4xx_hal_rcc.o
    0x08002ba8   0x08002ba8   0x00000024   Code   RO         2798    i.HAL_RCC_GetPCLK1Freq  stm32g4xx_hal_rcc.o
    0x08002bcc   0x08002bcc   0x00000024   Code   RO         2799    i.HAL_RCC_GetPCLK2Freq  stm32g4xx_hal_rcc.o
    0x08002bf0   0x08002bf0   0x00000070   Code   RO         2800    i.HAL_RCC_GetSysClockFreq  stm32g4xx_hal_rcc.o
    0x08002c60   0x08002c60   0x000004ca   Code   RO         2803    i.HAL_RCC_OscConfig  stm32g4xx_hal_rcc.o
    0x0800312a   0x0800312a   0x00000002   Code   RO         3873    i.HAL_SYSTICK_Callback  stm32g4xx_hal_cortex.o
    0x0800312c   0x0800312c   0x0000002c   Code   RO         3874    i.HAL_SYSTICK_Config  stm32g4xx_hal_cortex.o
    0x08003158   0x08003158   0x00000008   Code   RO         3875    i.HAL_SYSTICK_IRQHandler  stm32g4xx_hal_cortex.o
    0x08003160   0x08003160   0x000000bc   Code   RO         5067    i.HAL_TIMEx_ConfigBreakDeadTime  stm32g4xx_hal_tim_ex.o
    0x0800321c   0x0800321c   0x000000f0   Code   RO         5068    i.HAL_TIMEx_ConfigBreakInput  stm32g4xx_hal_tim_ex.o
    0x0800330c   0x0800330c   0x00000098   Code   RO         5104    i.HAL_TIMEx_MasterConfigSynchronization  stm32g4xx_hal_tim_ex.o
    0x080033a4   0x080033a4   0x00000062   Code   RO         4395    i.HAL_TIM_Base_Init  stm32g4xx_hal_tim.o
    0x08003406   0x08003406   0x00000002   PAD
    0x08003408   0x08003408   0x00000068   Code   RO         2083    i.HAL_TIM_Base_MspInit  stm32g4xx_hal_msp.o
    0x08003470   0x08003470   0x00000058   Code   RO         2084    i.HAL_TIM_MspPostInit  stm32g4xx_hal_msp.o
    0x080034c8   0x080034c8   0x00000364   Code   RO         4467    i.HAL_TIM_PWM_ConfigChannel  stm32g4xx_hal_tim.o
    0x0800382c   0x0800382c   0x00000062   Code   RO         4470    i.HAL_TIM_PWM_Init  stm32g4xx_hal_tim.o
    0x0800388e   0x0800388e   0x00000002   Code   RO         4472    i.HAL_TIM_PWM_MspInit  stm32g4xx_hal_tim.o
    0x08003890   0x08003890   0x00000056   Code   RO         4484    i.HAL_TIM_SlaveConfigSynchro  stm32g4xx_hal_tim.o
    0x080038e6   0x080038e6   0x0000003e   Code   RO         5894    i.HAL_UARTEx_DisableFifoMode  stm32g4xx_hal_uart_ex.o
    0x08003924   0x08003924   0x0000008c   Code   RO         5902    i.HAL_UARTEx_SetRxFifoThreshold  stm32g4xx_hal_uart_ex.o
    0x080039b0   0x080039b0   0x0000008c   Code   RO         5903    i.HAL_UARTEx_SetTxFifoThreshold  stm32g4xx_hal_uart_ex.o
    0x08003a3c   0x08003a3c   0x0000006e   Code   RO         5515    i.HAL_UART_Init     stm32g4xx_hal_uart.o
    0x08003aaa   0x08003aaa   0x00000002   PAD
    0x08003aac   0x08003aac   0x000000e8   Code   RO         2086    i.HAL_UART_MspInit  stm32g4xx_hal_msp.o
    0x08003b94   0x08003b94   0x00000006   Code   RO         1591    i.HardFault_Handler  stm32g4xx_mc_it.o
    0x08003b9a   0x08003b9a   0x00000002   PAD
    0x08003b9c   0x08003b9c   0x00000074   Code   RO         7255    i.LL_TIM_OC_EnablePreload  r3_2_g4xx_pwm_curr_fdbk.o
    0x08003c10   0x08003c10   0x00000080   Code   RO         7256    i.LL_TIM_OC_SetMode  r3_2_g4xx_pwm_curr_fdbk.o
    0x08003c90   0x08003c90   0x00000010   Code   RO         1258    i.MCI_Clear_Iqdref  mc_interface.o
    0x08003ca0   0x08003ca0   0x00000072   Code   RO         1259    i.MCI_ExecBufferedCommands  mc_interface.o
    0x08003d12   0x08003d12   0x0000000e   Code   RO         1260    i.MCI_ExecSpeedRamp  mc_interface.o
    0x08003d20   0x08003d20   0x00000012   Code   RO         1262    i.MCI_ExecTorqueRamp  mc_interface.o
    0x08003d32   0x08003d32   0x00000024   Code   RO         1264    i.MCI_FaultAcknowledged  mc_interface.o
    0x08003d56   0x08003d56   0x00000012   Code   RO         1265    i.MCI_FaultProcessing  mc_interface.o
    0x08003d68   0x08003d68   0x00000010   Code   RO         1266    i.MCI_GetAvrgMecSpeedUnit  mc_interface.o
    0x08003d78   0x08003d78   0x00000004   Code   RO         1269    i.MCI_GetControlMode  mc_interface.o
    0x08003d7c   0x08003d7c   0x00000004   Code   RO         1270    i.MCI_GetCurrentFaults  mc_interface.o
    0x08003d80   0x08003d80   0x0000000a   Code   RO         1272    i.MCI_GetFaultState  mc_interface.o
    0x08003d8a   0x08003d8a   0x00000006   Code   RO         1273    i.MCI_GetIab        mc_interface.o
    0x08003d90   0x08003d90   0x00000006   Code   RO         1275    i.MCI_GetIalphabeta  mc_interface.o
    0x08003d96   0x08003d96   0x00000036   Code   RO         1276    i.MCI_GetImposedMotorDirection  mc_interface.o
    0x08003dcc   0x08003dcc   0x00000006   Code   RO         1277    i.MCI_GetIqd        mc_interface.o
    0x08003dd2   0x08003dd2   0x00000006   Code   RO         1280    i.MCI_GetIqdref     mc_interface.o
    0x08003dd8   0x08003dd8   0x00000004   Code   RO         1282    i.MCI_GetLastRampFinalDuration  mc_interface.o
    0x08003ddc   0x08003ddc   0x00000006   Code   RO         1283    i.MCI_GetLastRampFinalSpeed  mc_interface.o
    0x08003de2   0x08003de2   0x00000006   Code   RO         1285    i.MCI_GetLastRampFinalTorque  mc_interface.o
    0x08003de8   0x08003de8   0x00000006   Code   RO         1286    i.MCI_GetMecSpeedRefUnit  mc_interface.o
    0x08003dee   0x08003dee   0x00000004   Code   RO         1288    i.MCI_GetOccurredFaults  mc_interface.o
    0x08003df2   0x08003df2   0x00000004   Code   RO         1291    i.MCI_GetSTMState   mc_interface.o
    0x08003df6   0x08003df6   0x00000008   Code   RO         1293    i.MCI_GetTeref      mc_interface.o
    0x08003dfe   0x08003dfe   0x00000008   Code   RO         1295    i.MCI_GetValphabeta  mc_interface.o
    0x08003e06   0x08003e06   0x00000008   Code   RO         1296    i.MCI_GetVqd        mc_interface.o
    0x08003e0e   0x08003e0e   0x0000001c   Code   RO         1297    i.MCI_Init          mc_interface.o
    0x08003e2a   0x08003e2a   0x00000014   Code   RO         1301    i.MCI_SetCurrentReferences  mc_interface.o
    0x08003e3e   0x08003e3e   0x00000026   Code   RO         1303    i.MCI_StartMotor    mc_interface.o
    0x08003e64   0x08003e64   0x00000030   Code   RO         1306    i.MCI_StopMotor     mc_interface.o
    0x08003e94   0x08003e94   0x00000006   Code   RO         1307    i.MCI_StopRamp      mc_interface.o
    0x08003e9a   0x08003e9a   0x00000002   PAD
    0x08003e9c   0x08003e9c   0x0000004c   Code   RO         1201    i.MCM_Clarke        mc_math.o
    0x08003ee8   0x08003ee8   0x00000084   Code   RO         1202    i.MCM_Park          mc_math.o
    0x08003f6c   0x08003f6c   0x00000036   Code   RO         1203    i.MCM_Rev_Park      mc_math.o
    0x08003fa2   0x08003fa2   0x00000002   PAD
    0x08003fa4   0x08003fa4   0x00000020   Code   RO         1204    i.MCM_Sqrt          mc_math.o
    0x08003fc4   0x08003fc4   0x0000001c   Code   RO         1205    i.MCM_Trig_Functions  mc_math.o
    0x08003fe0   0x08003fe0   0x000000ee   Code   RO         7488    i.MCPA_cfgLog       mcpa.o
    0x080040ce   0x080040ce   0x00000002   PAD
    0x080040d0   0x080040d0   0x000001a4   Code   RO         7489    i.MCPA_dataLog      mcpa.o
    0x08004274   0x08004274   0x0000007c   Code   RO         7490    i.MCPA_flushDataLog  mcpa.o
    0x080042f0   0x080042f0   0x00000124   Code   RO         7458    i.MCP_ReceivedPacket  mcp.o
    0x08004414   0x08004414   0x0000000c   Code   RO          405    i.MC_GetSTMStateMotor1  mc_api.o
    0x08004420   0x08004420   0x0000001c   Code   RO          762    i.MC_RunMotorControlTasks  mc_tasks.o
    0x0800443c   0x0800443c   0x00000074   Code   RO          763    i.MC_Scheduler      mc_tasks.o
    0x080044b0   0x080044b0   0x0000000c   Code   RO          419    i.MC_StartMotor1    mc_api.o
    0x080044bc   0x080044bc   0x0000000c   Code   RO          421    i.MC_StopMotor1     mc_api.o
    0x080044c8   0x080044c8   0x0000012c   Code   RO          764    i.MCboot            mc_tasks.o
    0x080045f4   0x080045f4   0x00000046   Code   RO         6138    i.MPM_CalcElMotorPower  motor_power_measurement.o
    0x0800463a   0x0800463a   0x0000001a   Code   RO         6139    i.MPM_Clear         motor_power_measurement.o
    0x08004654   0x08004654   0x00000006   Code   RO         6140    i.MPM_GetAvrgElMotorPowerW  motor_power_measurement.o
    0x0800465a   0x0800465a   0x00000002   PAD
    0x0800465c   0x0800465c   0x00000034   Code   RO          345    i.MX_MotorControl_Init  motorcontrol.o
    0x08004690   0x08004690   0x0000006a   Code   RO         6975    i.Medin_Average_filter  sto_pll_speed_pos_fdbk.o
    0x080046fa   0x080046fa   0x0000003a   Code   RO         6180    i.NTC_CalcAvTemp    ntc_temperature_sensor.o
    0x08004734   0x08004734   0x00000006   Code   RO         6182    i.NTC_Clear         ntc_temperature_sensor.o
    0x0800473a   0x0800473a   0x00000022   Code   RO         6183    i.NTC_GetAvTemp_C   ntc_temperature_sensor.o
    0x0800475c   0x0800475c   0x00000024   Code   RO         6185    i.NTC_Init          ntc_temperature_sensor.o
    0x08004780   0x08004780   0x00000018   Code   RO         6186    i.NTC_SetFaultState  ntc_temperature_sensor.o
    0x08004798   0x08004798   0x00000006   Code   RO         6294    i.PID_GetKD         pid_regulator.o
    0x0800479e   0x0800479e   0x00000004   Code   RO         6296    i.PID_GetKDDivisorPOW2  pid_regulator.o
    0x080047a2   0x080047a2   0x00000006   Code   RO         6297    i.PID_GetKI         pid_regulator.o
    0x080047a8   0x080047a8   0x00000004   Code   RO         6298    i.PID_GetKIDivisor  pid_regulator.o
    0x080047ac   0x080047ac   0x00000004   Code   RO         6299    i.PID_GetKIDivisorPOW2  pid_regulator.o
    0x080047b0   0x080047b0   0x00000006   Code   RO         6300    i.PID_GetKP         pid_regulator.o
    0x080047b6   0x080047b6   0x00000004   Code   RO         6302    i.PID_GetKPDivisorPOW2  pid_regulator.o
    0x080047ba   0x080047ba   0x00000014   Code   RO         6303    i.PID_HandleInit    pid_regulator.o
    0x080047ce   0x080047ce   0x00000004   Code   RO         6304    i.PID_SetIntegralTerm  pid_regulator.o
    0x080047d2   0x080047d2   0x00000004   Code   RO         6305    i.PID_SetKD         pid_regulator.o
    0x080047d6   0x080047d6   0x0000000c   Code   RO         6306    i.PID_SetKDDivisorPOW2  pid_regulator.o
    0x080047e2   0x080047e2   0x00000004   Code   RO         6307    i.PID_SetKI         pid_regulator.o
    0x080047e6   0x080047e6   0x00000024   Code   RO         6308    i.PID_SetKIDivisorPOW2  pid_regulator.o
    0x0800480a   0x0800480a   0x00000004   Code   RO         6309    i.PID_SetKP         pid_regulator.o
    0x0800480e   0x0800480e   0x0000000c   Code   RO         6310    i.PID_SetKPDivisorPOW2  pid_regulator.o
    0x0800481a   0x0800481a   0x00000004   Code   RO         6311    i.PID_SetLowerIntegralTermLimit  pid_regulator.o
    0x0800481e   0x0800481e   0x00000004   Code   RO         6314    i.PID_SetUpperIntegralTermLimit  pid_regulator.o
    0x08004822   0x08004822   0x00000002   PAD
    0x08004824   0x08004824   0x00000080   Code   RO         6316    i.PI_Controller     pid_regulator.o
    0x080048a4   0x080048a4   0x00000060   Code   RO         6465    i.PQD_CalcElMotorPower  pqd_motor_power_measurement.o
    0x08004904   0x08004904   0x00000004   Code   RO          908    i.PWMC_CheckOverCurrent  pwm_curr_fdbk.o
    0x08004908   0x08004908   0x00000042   Code   RO          910    i.PWMC_CurrentReadingCalibr  pwm_curr_fdbk.o
    0x0800494a   0x0800494a   0x00000004   Code   RO          915    i.PWMC_GetPhaseCurrents  pwm_curr_fdbk.o
    0x0800494e   0x0800494e   0x0000020e   Code   RO          935    i.PWMC_SetPhaseVoltage  pwm_curr_fdbk.o
    0x08004b5c   0x08004b5c   0x00000004   Code   RO          936    i.PWMC_SwitchOffPWM  pwm_curr_fdbk.o
    0x08004b60   0x08004b60   0x00000004   Code   RO          937    i.PWMC_SwitchOnPWM  pwm_curr_fdbk.o
    0x08004b64   0x08004b64   0x000000f8   Code   RO         7257    i.R3_2_ADCxInit     r3_2_g4xx_pwm_curr_fdbk.o
    0x08004c5c   0x08004c5c   0x00000042   Code   RO         7258    i.R3_2_BRK2_IRQHandler  r3_2_g4xx_pwm_curr_fdbk.o
    0x08004c9e   0x08004c9e   0x00000022   Code   RO         7259    i.R3_2_BRK_IRQHandler  r3_2_g4xx_pwm_curr_fdbk.o
    0x08004cc0   0x08004cc0   0x000001d4   Code   RO         7260    i.R3_2_CurrentReadingPolarization  r3_2_g4xx_pwm_curr_fdbk.o
    0x08004e94   0x08004e94   0x00000010   Code   RO         7261    i.R3_2_GetOffsetCalib  r3_2_g4xx_pwm_curr_fdbk.o
    0x08004ea4   0x08004ea4   0x00000128   Code   RO         7262    i.R3_2_GetPhaseCurrents  r3_2_g4xx_pwm_curr_fdbk.o
    0x08004fcc   0x08004fcc   0x00000060   Code   RO         7264    i.R3_2_HFCurrentsPolarizationAB  r3_2_g4xx_pwm_curr_fdbk.o
    0x0800502c   0x0800502c   0x00000054   Code   RO         7265    i.R3_2_HFCurrentsPolarizationC  r3_2_g4xx_pwm_curr_fdbk.o
    0x08005080   0x08005080   0x000002a8   Code   RO         7266    i.R3_2_Init         r3_2_g4xx_pwm_curr_fdbk.o
    0x08005328   0x08005328   0x00000026   Code   RO         7267    i.R3_2_IsOverCurrentOccurred  r3_2_g4xx_pwm_curr_fdbk.o
    0x0800534e   0x0800534e   0x00000002   PAD
    0x08005350   0x08005350   0x000000f4   Code   RO         7268    i.R3_2_RLDetectionModeDisable  r3_2_g4xx_pwm_curr_fdbk.o
    0x08005444   0x08005444   0x000000c0   Code   RO         7269    i.R3_2_RLDetectionModeEnable  r3_2_g4xx_pwm_curr_fdbk.o
    0x08005504   0x08005504   0x00000080   Code   RO         7270    i.R3_2_RLDetectionModeSetDuty  r3_2_g4xx_pwm_curr_fdbk.o
    0x08005584   0x08005584   0x00000050   Code   RO         7271    i.R3_2_RLGetPhaseCurrents  r3_2_g4xx_pwm_curr_fdbk.o
    0x080055d4   0x080055d4   0x000000d2   Code   RO         7272    i.R3_2_RLSwitchOnPWM  r3_2_g4xx_pwm_curr_fdbk.o
    0x080056a6   0x080056a6   0x00000054   Code   RO         7273    i.R3_2_RLTurnOnLowSides  r3_2_g4xx_pwm_curr_fdbk.o
    0x080056fa   0x080056fa   0x00000002   PAD
    0x080056fc   0x080056fc   0x0000003c   Code   RO         7274    i.R3_2_SetADCSampPointPolarization  r3_2_g4xx_pwm_curr_fdbk.o
    0x08005738   0x08005738   0x00000088   Code   RO         7275    i.R3_2_SetADCSampPointSectX  r3_2_g4xx_pwm_curr_fdbk.o
    0x080057c0   0x080057c0   0x000000fc   Code   RO         7277    i.R3_2_SetAOReferenceVoltage  r3_2_g4xx_pwm_curr_fdbk.o
    0x080058bc   0x080058bc   0x00000016   Code   RO         7278    i.R3_2_SetOffsetCalib  r3_2_g4xx_pwm_curr_fdbk.o
    0x080058d2   0x080058d2   0x00000078   Code   RO         7279    i.R3_2_SwitchOffPWM  r3_2_g4xx_pwm_curr_fdbk.o
    0x0800594a   0x0800594a   0x000000c8   Code   RO         7280    i.R3_2_SwitchOnPWM  r3_2_g4xx_pwm_curr_fdbk.o
    0x08005a12   0x08005a12   0x00000098   Code   RO         7281    i.R3_2_TIMx_UP_IRQHandler  r3_2_g4xx_pwm_curr_fdbk.o
    0x08005aaa   0x08005aaa   0x00000060   Code   RO         7282    i.R3_2_TurnOnLowSides  r3_2_g4xx_pwm_curr_fdbk.o
    0x08005b0a   0x08005b0a   0x00000002   PAD
    0x08005b0c   0x08005b0c   0x00000098   Code   RO         1117    i.RCM_ExecNextConv  regular_conversion_manager.o
    0x08005ba4   0x08005ba4   0x00000144   Code   RO         1118    i.RCM_ExecRegularConv  regular_conversion_manager.o
    0x08005ce8   0x08005ce8   0x00000058   Code   RO         1119    i.RCM_ExecUserConv  regular_conversion_manager.o
    0x08005d40   0x08005d40   0x0000004c   Code   RO         1123    i.RCM_ReadOngoingConv  regular_conversion_manager.o
    0x08005d8c   0x08005d8c   0x00000130   Code   RO         1124    i.RCM_RegisterRegConv  regular_conversion_manager.o
    0x08005ebc   0x08005ebc   0x0000002c   Code   RO         6489    i.REMNG_Calc        ramp_ext_mngr.o
    0x08005ee8   0x08005ee8   0x00000082   Code   RO         6490    i.REMNG_ExecRamp    ramp_ext_mngr.o
    0x08005f6a   0x08005f6a   0x00000010   Code   RO         6492    i.REMNG_Init        ramp_ext_mngr.o
    0x08005f7a   0x08005f7a   0x0000000e   Code   RO         6493    i.REMNG_RampCompleted  ramp_ext_mngr.o
    0x08005f88   0x08005f88   0x00000020   Code   RO         1696    i.RI_GetIDSize      register_interface.o
    0x08005fa8   0x08005fa8   0x000000ec   Code   RO         1697    i.RI_GetPtrReg      register_interface.o
    0x08006094   0x08006094   0x000007e8   Code   RO         1698    i.RI_GetRegCommandParser  register_interface.o
    0x0800687c   0x0800687c   0x00000650   Code   RO         1699    i.RI_SetRegCommandParser  register_interface.o
    0x08006ecc   0x08006ecc   0x00000088   Code   RO         6633    i.RUC_Clear         revup_ctrl.o
    0x08006f54   0x08006f54   0x0000006a   Code   RO         6635    i.RUC_Exec          revup_ctrl.o
    0x08006fbe   0x08006fbe   0x00000014   Code   RO         6636    i.RUC_FirstAccelerationStageReached  revup_ctrl.o
    0x08006fd2   0x08006fd2   0x00000006   Code   RO         6637    i.RUC_GetNumberOfPhases  revup_ctrl.o
    0x08006fd8   0x08006fd8   0x0000001a   Code   RO         6638    i.RUC_GetPhase      revup_ctrl.o
    0x08006ff2   0x08006ff2   0x00000060   Code   RO         6644    i.RUC_Init          revup_ctrl.o
    0x08007052   0x08007052   0x0000001e   Code   RO         6647    i.RUC_SetPhase      revup_ctrl.o
    0x08007070   0x08007070   0x00000066   Code   RO         6585    i.RVBS_CalcAvVbus   r_divider_bus_voltage_sensor.o
    0x080070d6   0x080070d6   0x00000018   Code   RO         6587    i.RVBS_CheckFaultState  r_divider_bus_voltage_sensor.o
    0x080070ee   0x080070ee   0x0000002c   Code   RO         6588    i.RVBS_Clear        r_divider_bus_voltage_sensor.o
    0x0800711a   0x0800711a   0x00000016   Code   RO         6589    i.RVBS_Init         r_divider_bus_voltage_sensor.o
    0x08007130   0x08007130   0x00000006   Code   RO         6766    i.SPD_GetAvrgMecSpeedUnit  speed_pos_fdbk.o
    0x08007136   0x08007136   0x00000006   Code   RO         6767    i.SPD_GetElAngle    speed_pos_fdbk.o
    0x0800713c   0x0800713c   0x00000006   Code   RO         6770    i.SPD_GetInstElSpeedDpp  speed_pos_fdbk.o
    0x08007142   0x08007142   0x00000014   Code   RO         6772    i.SPD_GetS16Speed   speed_pos_fdbk.o
    0x08007156   0x08007156   0x00000060   Code   RO         6773    i.SPD_IsMecSpeedReliable  speed_pos_fdbk.o
    0x080071b6   0x080071b6   0x00000050   Code   RO         6843    i.STC_CalcTorqueReference  speed_torq_ctrl.o
    0x08007206   0x08007206   0x00000010   Code   RO         6844    i.STC_Clear         speed_torq_ctrl.o
    0x08007216   0x08007216   0x0000008c   Code   RO         6845    i.STC_ExecRamp      speed_torq_ctrl.o
    0x080072a2   0x080072a2   0x00000010   Code   RO         6846    i.STC_ForceSpeedReferenceToCurrentSpeed  speed_torq_ctrl.o
    0x080072b2   0x080072b2   0x00000010   Code   RO         6848    i.STC_GetDefaultIqdref  speed_torq_ctrl.o
    0x080072c2   0x080072c2   0x00000006   Code   RO         6850    i.STC_GetMecSpeedRefUnit  speed_torq_ctrl.o
    0x080072c8   0x080072c8   0x00000006   Code   RO         6851    i.STC_GetMecSpeedRefUnitDefault  speed_torq_ctrl.o
    0x080072ce   0x080072ce   0x00000004   Code   RO         6853    i.STC_GetSpeedSensor  speed_torq_ctrl.o
    0x080072d2   0x080072d2   0x00000006   Code   RO         6854    i.STC_GetTorqueRef  speed_torq_ctrl.o
    0x080072d8   0x080072d8   0x00000020   Code   RO         6855    i.STC_Init          speed_torq_ctrl.o
    0x080072f8   0x080072f8   0x00000008   Code   RO         6857    i.STC_SetControlMode  speed_torq_ctrl.o
    0x08007300   0x08007300   0x00000004   Code   RO         6859    i.STC_SetSpeedSensor  speed_torq_ctrl.o
    0x08007304   0x08007304   0x00000008   Code   RO         6860    i.STC_StopRamp      speed_torq_ctrl.o
    0x0800730c   0x0800730c   0x0000000a   Code   RO         6977    i.STO_OTF_ResetPLL  sto_pll_speed_pos_fdbk.o
    0x08007316   0x08007316   0x0000004e   Code   RO         6979    i.STO_PLL_CalcAvrgElSpeedDpp  sto_pll_speed_pos_fdbk.o
    0x08007364   0x08007364   0x00000186   Code   RO         6980    i.STO_PLL_CalcAvrgMecSpeedUnit  sto_pll_speed_pos_fdbk.o
    0x080074ea   0x080074ea   0x000001e2   Code   RO         6981    i.STO_PLL_CalcElAngle  sto_pll_speed_pos_fdbk.o
    0x080076cc   0x080076cc   0x0000007c   Code   RO         6982    i.STO_PLL_Clear     sto_pll_speed_pos_fdbk.o
    0x08007748   0x08007748   0x0000000a   Code   RO         6983    i.STO_PLL_ForceConvergency1  sto_pll_speed_pos_fdbk.o
    0x08007752   0x08007752   0x0000000a   Code   RO         6984    i.STO_PLL_ForceConvergency2  sto_pll_speed_pos_fdbk.o
    0x0800775c   0x0800775c   0x00000014   Code   RO         6985    i.STO_PLL_GetEstimatedBemf  sto_pll_speed_pos_fdbk.o
    0x08007770   0x08007770   0x00000006   Code   RO         6986    i.STO_PLL_GetEstimatedBemfLevel  sto_pll_speed_pos_fdbk.o
    0x08007776   0x08007776   0x00000018   Code   RO         6987    i.STO_PLL_GetEstimatedCurrent  sto_pll_speed_pos_fdbk.o
    0x0800778e   0x0800778e   0x00000006   Code   RO         6988    i.STO_PLL_GetObservedBemfLevel  sto_pll_speed_pos_fdbk.o
    0x08007794   0x08007794   0x0000000a   Code   RO         6989    i.STO_PLL_GetObserverGains  sto_pll_speed_pos_fdbk.o
    0x0800779e   0x0800779e   0x00000002   PAD
    0x080077a0   0x080077a0   0x00000060   Code   RO         6990    i.STO_PLL_Init      sto_pll_speed_pos_fdbk.o
    0x08007800   0x08007800   0x000000a8   Code   RO         6992    i.STO_PLL_IsObserverConverged  sto_pll_speed_pos_fdbk.o
    0x080078a8   0x080078a8   0x00000008   Code   RO         6993    i.STO_PLL_IsVarianceTight  sto_pll_speed_pos_fdbk.o
    0x080078b0   0x080078b0   0x00000006   Code   RO         6996    i.STO_PLL_SetObserverGains  sto_pll_speed_pos_fdbk.o
    0x080078b6   0x080078b6   0x00000008   Code   RO         6997    i.STO_ResetPLL      sto_pll_speed_pos_fdbk.o
    0x080078be   0x080078be   0x00000002   PAD
    0x080078c0   0x080078c0   0x00000028   Code   RO         1592    i.SysTick_Handler   stm32g4xx_mc_it.o
    0x080078e8   0x080078e8   0x00000010   Code   RO         6002    i.SystemInit        system_stm32g4xx.o
    0x080078f8   0x080078f8   0x00000044   Code   RO         1593    i.TIM1_BRK_TIM15_IRQHandler  stm32g4xx_mc_it.o
    0x0800793c   0x0800793c   0x00000018   Code   RO         1594    i.TIM1_UP_TIM16_IRQHandler  stm32g4xx_mc_it.o
    0x08007954   0x08007954   0x000000b4   Code   RO         4488    i.TIM_Base_SetConfig  stm32g4xx_hal_tim.o
    0x08007a08   0x08007a08   0x00000090   Code   RO         4500    i.TIM_OC2_SetConfig  stm32g4xx_hal_tim.o
    0x08007a98   0x08007a98   0x00000138   Code   RO         4501    i.TIM_SlaveTimer_SetConfig  stm32g4xx_hal_tim.o
    0x08007bd0   0x08007bd0   0x00000014   Code   RO          765    i.TSK_ChargeBootCapDelayHasElapsedM1  mc_tasks.o
    0x08007be4   0x08007be4   0x00000020   Code   RO          766    i.TSK_HardwareFaultTask  mc_tasks.o
    0x08007c04   0x08007c04   0x00000190   Code   RO          767    i.TSK_HighFrequencyTask  mc_tasks.o
    0x08007d94   0x08007d94   0x00000338   Code   RO          769    i.TSK_MediumFrequencyTaskM1  mc_tasks.o
    0x080080cc   0x080080cc   0x00000020   Code   RO          770    i.TSK_SafetyTask    mc_tasks.o
    0x080080ec   0x080080ec   0x0000009c   Code   RO          771    i.TSK_SafetyTask_PWMOFF  mc_tasks.o
    0x08008188   0x08008188   0x0000000c   Code   RO          772    i.TSK_SetChargeBootCapDelayM1  mc_tasks.o
    0x08008194   0x08008194   0x0000000c   Code   RO          773    i.TSK_SetStopPermanencyTimeM1  mc_tasks.o
    0x080081a0   0x080081a0   0x00000014   Code   RO          774    i.TSK_StopPermanencyTimeHasElapsedM1  mc_tasks.o
    0x080081b4   0x080081b4   0x000000da   Code   RO         5529    i.UART_AdvFeatureConfig  stm32g4xx_hal_uart.o
    0x0800828e   0x0800828e   0x00000064   Code   RO         5530    i.UART_CheckIdleState  stm32g4xx_hal_uart.o
    0x080082f2   0x080082f2   0x00000002   PAD
    0x080082f4   0x080082f4   0x00000284   Code   RO         5545    i.UART_SetConfig    stm32g4xx_hal_uart.o
    0x08008578   0x08008578   0x000000e4   Code   RO         5552    i.UART_WaitOnFlagUntilTimeout  stm32g4xx_hal_uart.o
    0x0800865c   0x0800865c   0x0000001a   Code   RO         1824    i.UASPEP_IDLE_ENABLE  usart_aspep_driver.o
    0x08008676   0x08008676   0x00000002   PAD
    0x08008678   0x08008678   0x000000ac   Code   RO         1825    i.UASPEP_INIT       usart_aspep_driver.o
    0x08008724   0x08008724   0x00000050   Code   RO         1826    i.UASPEP_RECEIVE_BUFFER  usart_aspep_driver.o
    0x08008774   0x08008774   0x00000050   Code   RO         1827    i.UASPEP_SEND_PACKET  usart_aspep_driver.o
    0x080087c4   0x080087c4   0x00000018   Code   RO          775    i.UI_HandleStartStopButton_cb  mc_tasks.o
    0x080087dc   0x080087dc   0x00000104   Code   RO         1595    i.USART2_IRQHandler  stm32g4xx_mc_it.o
    0x080088e0   0x080088e0   0x0000000a   Code   RO         6040    i.VBS_GetAvBusVoltage_V  bus_voltage_sensor.o
    0x080088ea   0x080088ea   0x00000004   Code   RO         6041    i.VBS_GetAvBusVoltage_d  bus_voltage_sensor.o
    0x080088ee   0x080088ee   0x00000082   Code   RO         7159    i.VSS_CalcAvrgMecSpeedUnit  virtual_speed_sensor.o
    0x08008970   0x08008970   0x0000009e   Code   RO         7160    i.VSS_CalcElAngle   virtual_speed_sensor.o
    0x08008a0e   0x08008a0e   0x0000002c   Code   RO         7161    i.VSS_Clear         virtual_speed_sensor.o
    0x08008a3a   0x08008a3a   0x00000008   Code   RO         7163    i.VSS_Init          virtual_speed_sensor.o
    0x08008a42   0x08008a42   0x0000008c   Code   RO         7168    i.VSS_SetMecAcceleration  virtual_speed_sensor.o
    0x08008ace   0x08008ace   0x0000000e   Code   RO         7169    i.VSS_SetMecAngle   virtual_speed_sensor.o
    0x08008adc   0x08008adc   0x0000001c   Code   RO         7170    i.VSS_SetStartTransition  virtual_speed_sensor.o
    0x08008af8   0x08008af8   0x00000006   Code   RO         7171    i.VSS_TransitionEnded  virtual_speed_sensor.o
    0x08008afe   0x08008afe   0x00000002   PAD
    0x08008b00   0x08008b00   0x00000028   Code   RO         6495    i.getScalingFactor  ramp_ext_mngr.o
    0x08008b28   0x08008b28   0x000005c0   Code   RO           17    i.main              main.o
    0x080090e8   0x080090e8   0x000000f0   Code   RO          776    i.mc_lock_pins      mc_tasks.o
    0x080091d8   0x080091d8   0x0000006c   Code   RO         6549    i.startTimers       pwm_common.o
    0x08009244   0x08009244   0x00000048   Code   RO         6550    i.waitForPolarizationEnd  pwm_common.o
    0x0800928c   0x0800928c   0x0000000a   Code   RO         7748    x$fpl$fpinit        fz_wm.l(fpinit.o)
    0x08009296   0x08009296   0x00000002   PAD
    0x08009298   0x08009298   0x00000002   Data   RO          778    .constdata          mc_tasks.o
    0x0800929a   0x0800929a   0x00000006   Data   RO         1596    .constdata          stm32g4xx_mc_it.o
    0x080092a0   0x080092a0   0x000000cc   Data   RO         1672    .constdata          mc_parameters.o
    0x0800936c   0x0800936c   0x00000004   Data   RO         1700    .constdata          register_interface.o
    0x08009370   0x08009370   0x00000006   Data   RO         1828    .constdata          usart_aspep_driver.o
    0x08009376   0x08009376   0x00000010   Data   RO         1934    .constdata          mc_configuration_registers.o
    0x08009386   0x08009386   0x00000011   Data   RO         1935    .constdata          mc_configuration_registers.o
    0x08009397   0x08009397   0x00000018   Data   RO         1936    .constdata          mc_configuration_registers.o
    0x080093af   0x080093af   0x0000000a   Data   RO         1937    .constdata          mc_configuration_registers.o
    0x080093b9   0x080093b9   0x0000000e   Data   RO         1938    .constdata          mc_configuration_registers.o
    0x080093c7   0x080093c7   0x0000003c   Data   RO         1939    .constdata          mc_configuration_registers.o
    0x08009403   0x08009403   0x0000000e   Data   RO         1940    .constdata          mc_configuration_registers.o
    0x08009411   0x08009411   0x00000110   Data   RO         1980    .constdata          aspep.o
    0x08009521   0x08009521   0x00000001   PAD
    0x08009522   0x08009522   0x00000018   Data   RO         5553    .constdata          stm32g4xx_hal_uart.o
    0x0800953a   0x0800953a   0x00000010   Data   RO         5907    .constdata          stm32g4xx_hal_uart_ex.o
    0x0800954a   0x0800954a   0x00000010   Data   RO         6003    .constdata          system_stm32g4xx.o
    0x0800955a   0x0800955a   0x00000008   Data   RO         6004    .constdata          system_stm32g4xx.o
    0x08009562   0x08009562   0x00000014   Data   RO         7284    .constdata          r3_2_g4xx_pwm_curr_fdbk.o
    0x08009576   0x08009576   0x00000002   PAD
    0x08009578   0x08009578   0x00000020   Data   RO         7839    Region$$Table       anon$$obj.o


    Execution Region RW_IRAM1 (Exec base: 0x20000000, Load base: 0x08009598, Size: 0x000022e8, Max: 0x00008000, ABSOLUTE, COMPRESSED[0x000001e0])

    Exec Addr    Load Addr    Size         Type   Attr      Idx    E Section Name        Object

    0x20000000   COMPRESSED   0x00000008   Data   RW           22    .data               main.o
    0x20000008   COMPRESSED   0x00000004   Data   RW          346    .data               motorcontrol.o
    0x2000000c   COMPRESSED   0x00000114   Data   RW          672    .data               mc_config.o
    0x20000120   COMPRESSED   0x0000002c   Data   RW          673    .data               mc_config.o
    0x2000014c   COMPRESSED   0x0000002c   Data   RW          674    .data               mc_config.o
    0x20000178   COMPRESSED   0x0000002c   Data   RW          675    .data               mc_config.o
    0x200001a4   COMPRESSED   0x00000034   Data   RW          676    .data               mc_config.o
    0x200001d8   COMPRESSED   0x00000078   Data   RW          677    .data               mc_config.o
    0x20000250   COMPRESSED   0x00000098   Data   RW          678    .data               mc_config.o
    0x200002e8   COMPRESSED   0x00000038   Data   RW          679    .data               mc_config.o
    0x20000320   COMPRESSED   0x00000128   Data   RW          680    .data               mc_config.o
    0x20000448   COMPRESSED   0x00000014   Data   RW          681    .data               mc_config.o
    0x2000045c   COMPRESSED   0x00000028   Data   RW          682    .data               mc_config.o
    0x20000484   COMPRESSED   0x00000028   Data   RW          683    .data               mc_config.o
    0x200004ac   COMPRESSED   0x00000018   Data   RW          684    .data               mc_config.o
    0x200004c4   COMPRESSED   0x000000b4   Data   RW          685    .data               mc_config.o
    0x20000578   COMPRESSED   0x00000004   Data   RW          686    .data               mc_config.o
    0x2000057c   COMPRESSED   0x00000004   Data   RW          687    .data               mc_config.o
    0x20000580   COMPRESSED   0x00000004   Data   RW          688    .data               mc_config.o
    0x20000584   COMPRESSED   0x00000004   Data   RW          689    .data               mc_config.o
    0x20000588   COMPRESSED   0x00000004   Data   RW          690    .data               mc_config.o
    0x2000058c   COMPRESSED   0x00000014   Data   RW          727    .data               mcp_config.o
    0x200005a0   COMPRESSED   0x00000074   Data   RW          728    .data               mcp_config.o
    0x20000614   COMPRESSED   0x00000010   Data   RW          729    .data               mcp_config.o
    0x20000624   COMPRESSED   0x0000002c   Data   RW          730    .data               mcp_config.o
    0x20000650   COMPRESSED   0x00000008   Data   RW          731    .data               mcp_config.o
    0x20000658   COMPRESSED   0x00000014   Data   RW          779    .data               mc_tasks.o
    0x2000066c   COMPRESSED   0x00000006   Data   RW         1128    .data               regular_conversion_manager.o
    0x20000672   COMPRESSED   0x00000001   Data   RW         1597    .data               stm32g4xx_mc_it.o
    0x20000673   COMPRESSED   0x00000001   PAD
    0x20000674   COMPRESSED   0x00000010   Data   RW         1701    .data               register_interface.o
    0x20000684   COMPRESSED   0x00000004   Data   RW         1941    .data               mc_configuration_registers.o
    0x20000688   COMPRESSED   0x00000004   Data   RW         1942    .data               mc_configuration_registers.o
    0x2000068c   COMPRESSED   0x00000004   Data   RW         1943    .data               mc_configuration_registers.o
    0x20000690   COMPRESSED   0x00000004   Data   RW         1944    .data               mc_configuration_registers.o
    0x20000694   COMPRESSED   0x00000004   Data   RW         2087    .data               stm32g4xx_hal_msp.o
    0x20000698   COMPRESSED   0x0000000c   Data   RW         2590    .data               stm32g4xx_hal.o
    0x200006a4   COMPRESSED   0x00000004   Data   RW         6005    .data               system_stm32g4xx.o
    0x200006a8   COMPRESSED   0x00000004   Data   RW         7491    .data               mcpa.o
    0x200006ac        -       0x000001fc   Zero   RW           19    .bss                main.o
    0x200008a8        -       0x00000060   Zero   RW           20    .bss                main.o
    0x20000908        -       0x00000060   Zero   RW           21    .bss                main.o
    0x20000968        -       0x0000000c   Zero   RW          670    .bss                mc_config.o
    0x20000974        -       0x00000020   Zero   RW          671    .bss                mc_config.o
    0x20000994        -       0x00000106   Zero   RW          719    .bss                mcp_config.o
    0x20000a9a        -       0x00000102   Zero   RW          720    .bss                mcp_config.o
    0x20000b9c        -       0x00000806   Zero   RW          721    .bss                mcp_config.o
    0x200013a2        -       0x00000806   Zero   RW          722    .bss                mcp_config.o
    0x20001ba8        -       0x00000028   Zero   RW          723    .bss                mcp_config.o
    0x20001bd0        -       0x00000028   Zero   RW          724    .bss                mcp_config.o
    0x20001bf8        -       0x0000000a   Zero   RW          725    .bss                mcp_config.o
    0x20001c02        -       0x0000000a   Zero   RW          726    .bss                mcp_config.o
    0x20001c0c        -       0x00000026   Zero   RW          777    .bss                mc_tasks.o
    0x20001c32   COMPRESSED   0x00000002   PAD
    0x20001c34        -       0x00000048   Zero   RW         1127    .bss                regular_conversion_manager.o
    0x20001c7c        -       0x0000000c   Zero   RW         1887    .bss                dac_ui.o
    0x20001c88        -       0x00000060   Zero   RW         7712    .bss                c_w.l(libspace.o)
    0x20001ce8        -       0x00000200   Zero   RW            2    HEAP                startup_stm32g431xx.o
    0x20001ee8        -       0x00000400   Zero   RW            1    STACK               startup_stm32g431xx.o


==============================================================================

Image component sizes


      Code (inc. data)   RO Data    RW Data    ZI Data      Debug   Object Name

      1366         14        272          0          0       9084   aspep.o
        14          0          0          0          0       1708   bus_voltage_sensor.o
        92          0          0          0          0       1628   circle_limitation.o
        92         12          0          0         12      19017   dac_ui.o
         0          0          0          0          0       4204   digital_output.o
      1476         90          0          8        700     734021   main.o
        36         12          0          0          0       1404   mc_api.o
         0          0          0       1408         44       1704   mc_config.o
         0          0        155         16          0       3702   mc_configuration_registers.o
       522          0          0          0          0      16689   mc_interface.o
       322         24          0          0          0       9275   mc_math.o
         0          0        204          0          0        216   mc_parameters.o
      2378        318          2         20         38      18600   mc_tasks.o
       292         10          0          0          0       1697   mcp.o
         0          0          0        204       4728       1763   mcp_config.o
       782          6          0          4          0       4988   mcpa.o
       102          0          0          0          0       2550   motor_power_measurement.o
        52          8          0          4          0       1038   motorcontrol.o
       158          0          0          0          0       3962   ntc_temperature_sensor.o
       266          6          0          0          0      12248   pid_regulator.o
        96          6          0          0          0       1247   pqd_motor_power_measurement.o
       180          8          0          0          0      52159   pwm_common.o
       608          0          0          0          0       4854   pwm_curr_fdbk.o
      4246        132         20          0          0     178043   r3_2_g4xx_pwm_curr_fdbk.o
       192          0          0          0          0       3610   r_divider_bus_voltage_sensor.o
       244          0          0          0          0       4424   ramp_ext_mngr.o
      3908        136          4         16          0      12472   register_interface.o
       944         82          0          6         72      71580   regular_conversion_manager.o
       420          0          0          0          0       5892   revup_ctrl.o
       134          0          0          0          0       4070   speed_pos_fdbk.o
       342          0          0          0          0       9545   speed_torq_ctrl.o
        64         26        472          0       1536        840   startup_stm32g431xx.o
       166         26          0         12          0       4305   stm32g4xx_hal.o
      1816         58          0          0          0      71415   stm32g4xx_hal_adc.o
      1748         52          0          0          0      70961   stm32g4xx_hal_adc_ex.o
        52          0          0          0          0       1226   stm32g4xx_hal_cordic.o
       220         16          0          0          0      34487   stm32g4xx_hal_cortex.o
       516         10          0          0          0       2587   stm32g4xx_hal_dac.o
       296         44          0          0          0       1623   stm32g4xx_hal_dma.o
       494         18          0          0          0       2060   stm32g4xx_hal_gpio.o
      1008         64          0          4          0       5991   stm32g4xx_hal_msp.o
       208         16          0          0          0       1421   stm32g4xx_hal_pwr_ex.o
      1958         94          0          0          0       7414   stm32g4xx_hal_rcc.o
       708          8          0          0          0       1864   stm32g4xx_hal_rcc_ex.o
      1788         62          0          0          0       9897   stm32g4xx_hal_tim.o
       580         18          0          0          0       3741   stm32g4xx_hal_tim_ex.o
      1300         44         24          0          0      24767   stm32g4xx_hal_uart.o
       342         12         16          0          0       3393   stm32g4xx_hal_uart_ex.o
       470         70          6          1          0      90243   stm32g4xx_mc_it.o
      1562          6          0          0          0      16992   sto_pll_speed_pos_fdbk.o
        16          4         24          4          0       1095   system_stm32g4xx.o
       358         16          6          0          0      40118   usart_aspep_driver.o
       528          0          0          0          0       6662   virtual_speed_sensor.o

    ----------------------------------------------------------------------
     35508       1528       1240       1708       7132    1600496   Object Totals
         0          0         32          0          0          0   (incl. Generated)
        46          0          3          1          2          0   (incl. Padding)

    ----------------------------------------------------------------------

      Code (inc. data)   RO Data    RW Data    ZI Data      Debug   Library Member Name

        90          0          0          0          0          0   __dczerorl2.o
         8          0          0          0          0         68   __main.o
         0          0          0          0          0          0   __rtentry.o
        12          0          0          0          0          0   __rtentry2.o
         6          0          0          0          0          0   __rtentry4.o
        52          8          0          0          0          0   __scatter.o
        28          0          0          0          0          0   __scatter_zi.o
        10          0          0          0          0         68   defsig_exit.o
        50          0          0          0          0         88   defsig_general.o
        80         58          0          0          0         76   defsig_rtmem_inner.o
        14          0          0          0          0         80   defsig_rtmem_outer.o
        18          0          0          0          0         80   exit.o
        94          0          0          0          0         80   h1_alloc.o
        52          0          0          0          0         68   h1_extend.o
        78          0          0          0          0         80   h1_free.o
        14          0          0          0          0         84   h1_init.o
         6          0          0          0          0        152   heapauxi.o
         4          0          0          0          0        136   hguard.o
         0          0          0          0          0          0   indicate_semi.o
       138          0          0          0          0        168   init_alloc.o
         2          0          0          0          0          0   libinit.o
        14          0          0          0          0          0   libinit2.o
         2          0          0          0          0          0   libshutdown.o
         2          0          0          0          0          0   libshutdown2.o
         8          4          0          0         96         68   libspace.o
        72          0          0          0          0         76   llsdiv.o
       238          0          0          0          0        100   lludivv7m.o
         0          0          0          0          0          0   maybetermalloc1.o
         8          4          0          0          0         68   rt_heap_descriptor_intlibspace.o
        78          0          0          0          0         80   rt_memclr_w.o
       138          0          0          0          0         68   rt_memcpy_v6.o
       100          0          0          0          0         80   rt_memcpy_w.o
         2          0          0          0          0          0   rtexit.o
        10          0          0          0          0          0   rtexit2.o
        12          4          0          0          0         68   sys_exit.o
        74          0          0          0          0         80   sys_stackheap_outer.o
        14          0          0          0          0         76   sys_wrch.o
         2          0          0          0          0         68   use_no_semi.o
        10          0          0          0          0        116   fpinit.o

    ----------------------------------------------------------------------
      1548         78          0          0         96       2176   Library Totals
         8          0          0          0          0          0   (incl. Padding)

    ----------------------------------------------------------------------

      Code (inc. data)   RO Data    RW Data    ZI Data      Debug   Library Name

      1530         78          0          0         96       2060   c_w.l
        10          0          0          0          0        116   fz_wm.l

    ----------------------------------------------------------------------
      1548         78          0          0         96       2176   Library Totals

    ----------------------------------------------------------------------

==============================================================================


      Code (inc. data)   RO Data    RW Data    ZI Data      Debug   

     37056       1606       1240       1708       7228    1574580   Grand Totals
     37056       1606       1240        480       7228    1574580   ELF Image Totals (compressed)
     37056       1606       1240        480          0          0   ROM Totals

==============================================================================

    Total RO  Size (Code + RO Data)                38296 (  37.40kB)
    Total RW  Size (RW Data + ZI Data)              8936 (   8.73kB)
    Total ROM Size (Code + RO Data + RW Data)      38776 (  37.87kB)

==============================================================================

