Component: ARM Compiler 5.06 update 7 (build 960) Tool: armlink [4d3601]

==============================================================================

Section Cross References

    startup_stm32g431xx.o(STACK) refers (Special) to heapauxi.o(.text) for __use_two_region_memory
    startup_stm32g431xx.o(HEAP) refers (Special) to heapauxi.o(.text) for __use_two_region_memory
    startup_stm32g431xx.o(RESET) refers (Special) to heapauxi.o(.text) for __use_two_region_memory
    startup_stm32g431xx.o(RESET) refers to startup_stm32g431xx.o(STACK) for __initial_sp
    startup_stm32g431xx.o(RESET) refers to startup_stm32g431xx.o(.text) for Reset_Handler
    startup_stm32g431xx.o(RESET) refers to stm32g4xx_mc_it.o(i.HardFault_Handler) for HardFault_Handler
    startup_stm32g431xx.o(RESET) refers to stm32g4xx_mc_it.o(i.SysTick_Handler) for SysTick_Handler
    startup_stm32g431xx.o(RESET) refers to stm32g4xx_mc_it.o(i.ADC1_2_IRQHandler) for ADC1_2_IRQHandler
    startup_stm32g431xx.o(RESET) refers to stm32g4xx_mc_it.o(i.TIM1_BRK_TIM15_IRQHandler) for TIM1_BRK_TIM15_IRQHandler
    startup_stm32g431xx.o(RESET) refers to stm32g4xx_mc_it.o(i.TIM1_UP_TIM16_IRQHandler) for TIM1_UP_TIM16_IRQHandler
    startup_stm32g431xx.o(RESET) refers to stm32g4xx_mc_it.o(i.USART2_IRQHandler) for USART2_IRQHandler
    startup_stm32g431xx.o(RESET) refers to stm32g4xx_mc_it.o(i.EXTI15_10_IRQHandler) for EXTI15_10_IRQHandler
    startup_stm32g431xx.o(RESET) refers to stm32g4xx_mc_it.o(i.DMA2_Channel2_IRQHandler) for DMA2_Channel2_IRQHandler
    startup_stm32g431xx.o(.text) refers (Special) to heapauxi.o(.text) for __use_two_region_memory
    startup_stm32g431xx.o(.text) refers to system_stm32g4xx.o(i.SystemInit) for SystemInit
    startup_stm32g431xx.o(.text) refers to __main.o(!!!main) for __main
    startup_stm32g431xx.o(.text) refers to startup_stm32g431xx.o(HEAP) for Heap_Mem
    startup_stm32g431xx.o(.text) refers to startup_stm32g431xx.o(STACK) for Stack_Mem
    main.o(i.SystemClock_Config) refers to stm32g4xx_hal_pwr_ex.o(i.HAL_PWREx_ControlVoltageScaling) for HAL_PWREx_ControlVoltageScaling
    main.o(i.SystemClock_Config) refers to stm32g4xx_hal_rcc.o(i.HAL_RCC_OscConfig) for HAL_RCC_OscConfig
    main.o(i.SystemClock_Config) refers to stm32g4xx_hal_rcc.o(i.HAL_RCC_ClockConfig) for HAL_RCC_ClockConfig
    main.o(i.SystemClock_Config) refers to stm32g4xx_hal_rcc.o(i.HAL_RCC_EnableCSS) for HAL_RCC_EnableCSS
    main.o(i.main) refers to stm32g4xx_hal.o(i.HAL_Init) for HAL_Init
    main.o(i.main) refers to stm32g4xx_hal_pwr_ex.o(i.HAL_PWREx_ControlVoltageScaling) for HAL_PWREx_ControlVoltageScaling
    main.o(i.main) refers to stm32g4xx_hal_rcc.o(i.HAL_RCC_OscConfig) for HAL_RCC_OscConfig
    main.o(i.main) refers to stm32g4xx_hal_rcc.o(i.HAL_RCC_ClockConfig) for HAL_RCC_ClockConfig
    main.o(i.main) refers to stm32g4xx_hal_rcc.o(i.HAL_RCC_EnableCSS) for HAL_RCC_EnableCSS
    main.o(i.main) refers to stm32g4xx_hal_gpio.o(i.HAL_GPIO_WritePin) for HAL_GPIO_WritePin
    main.o(i.main) refers to stm32g4xx_hal_gpio.o(i.HAL_GPIO_Init) for HAL_GPIO_Init
    main.o(i.main) refers to stm32g4xx_hal_adc.o(i.HAL_ADC_Init) for HAL_ADC_Init
    main.o(i.main) refers to stm32g4xx_hal_adc_ex.o(i.HAL_ADCEx_MultiModeConfigChannel) for HAL_ADCEx_MultiModeConfigChannel
    main.o(i.main) refers to stm32g4xx_hal_adc_ex.o(i.HAL_ADCEx_InjectedConfigChannel) for HAL_ADCEx_InjectedConfigChannel
    main.o(i.main) refers to stm32g4xx_hal_adc.o(i.HAL_ADC_ConfigChannel) for HAL_ADC_ConfigChannel
    main.o(i.main) refers to stm32g4xx_hal_cordic.o(i.HAL_CORDIC_Init) for HAL_CORDIC_Init
    main.o(i.main) refers to stm32g4xx_hal_dac.o(i.HAL_DAC_Init) for HAL_DAC_Init
    main.o(i.main) refers to stm32g4xx_hal_dac.o(i.HAL_DAC_ConfigChannel) for HAL_DAC_ConfigChannel
    main.o(i.main) refers to stm32g4xx_hal_tim.o(i.HAL_TIM_Base_Init) for HAL_TIM_Base_Init
    main.o(i.main) refers to stm32g4xx_hal_tim.o(i.HAL_TIM_PWM_Init) for HAL_TIM_PWM_Init
    main.o(i.main) refers to stm32g4xx_hal_tim.o(i.HAL_TIM_SlaveConfigSynchro) for HAL_TIM_SlaveConfigSynchro
    main.o(i.main) refers to stm32g4xx_hal_tim_ex.o(i.HAL_TIMEx_MasterConfigSynchronization) for HAL_TIMEx_MasterConfigSynchronization
    main.o(i.main) refers to stm32g4xx_hal_tim_ex.o(i.HAL_TIMEx_ConfigBreakInput) for HAL_TIMEx_ConfigBreakInput
    main.o(i.main) refers to stm32g4xx_hal_tim.o(i.HAL_TIM_PWM_ConfigChannel) for HAL_TIM_PWM_ConfigChannel
    main.o(i.main) refers to main.o(.bss) for .bss
    main.o(i.main) refers to stm32g4xx_hal_tim_ex.o(i.HAL_TIMEx_ConfigBreakDeadTime) for HAL_TIMEx_ConfigBreakDeadTime
    main.o(i.main) refers to stm32g4xx_hal_msp.o(i.HAL_TIM_MspPostInit) for HAL_TIM_MspPostInit
    main.o(i.main) refers to stm32g4xx_hal_uart.o(i.HAL_UART_Init) for HAL_UART_Init
    main.o(i.main) refers to stm32g4xx_hal_uart_ex.o(i.HAL_UARTEx_SetTxFifoThreshold) for HAL_UARTEx_SetTxFifoThreshold
[...]
    HAL_PWREx_DisableUCPDDeadBattery         0x08002669   Thumb Code    12  stm32g4xx_hal_pwr_ex.o(i.HAL_PWREx_DisableUCPDDeadBattery)
    HAL_RCCEx_PeriphCLKConfig                0x08002679   Thumb Code   700  stm32g4xx_hal_rcc_ex.o(i.HAL_RCCEx_PeriphCLKConfig)
    HAL_RCC_ClockConfig                      0x0800293d   Thumb Code   488  stm32g4xx_hal_rcc.o(i.HAL_RCC_ClockConfig)
    HAL_RCC_EnableCSS                        0x08002b45   Thumb Code    12  stm32g4xx_hal_rcc.o(i.HAL_RCC_EnableCSS)
    HAL_RCC_GetHCLKFreq                      0x08002b55   Thumb Code     6  stm32g4xx_hal_rcc.o(i.HAL_RCC_GetHCLKFreq)
    HAL_RCC_GetPCLK1Freq                     0x08002b61   Thumb Code    24  stm32g4xx_hal_rcc.o(i.HAL_RCC_GetPCLK1Freq)
    HAL_RCC_GetPCLK2Freq                     0x08002b85   Thumb Code    24  stm32g4xx_hal_rcc.o(i.HAL_RCC_GetPCLK2Freq)
    HAL_RCC_GetSysClockFreq                  0x08002ba9   Thumb Code   100  stm32g4xx_hal_rcc.o(i.HAL_RCC_GetSysClockFreq)
    HAL_RCC_OscConfig                        0x08002c19   Thumb Code  1226  stm32g4xx_hal_rcc.o(i.HAL_RCC_OscConfig)
    HAL_SYSTICK_Callback                     0x080030e3   Thumb Code     2  stm32g4xx_hal_cortex.o(i.HAL_SYSTICK_Callback)
    HAL_SYSTICK_Config                       0x080030e5   Thumb Code    38  stm32g4xx_hal_cortex.o(i.HAL_SYSTICK_Config)
    HAL_SYSTICK_IRQHandler                   0x08003111   Thumb Code     8  stm32g4xx_hal_cortex.o(i.HAL_SYSTICK_IRQHandler)
    HAL_TIMEx_ConfigBreakDeadTime            0x08003119   Thumb Code   178  stm32g4xx_hal_tim_ex.o(i.HAL_TIMEx_ConfigBreakDeadTime)
    HAL_TIMEx_ConfigBreakInput               0x080031d5   Thumb Code   240  stm32g4xx_hal_tim_ex.o(i.HAL_TIMEx_ConfigBreakInput)
    HAL_TIMEx_MasterConfigSynchronization    0x080032c5   Thumb Code   144  stm32g4xx_hal_tim_ex.o(i.HAL_TIMEx_MasterConfigSynchronization)
    HAL_TIM_Base_Init                        0x0800335d   Thumb Code    98  stm32g4xx_hal_tim.o(i.HAL_TIM_Base_Init)
    HAL_TIM_Base_MspInit                     0x080033c1   Thumb Code    98  stm32g4xx_hal_msp.o(i.HAL_TIM_Base_MspInit)
    HAL_TIM_MspPostInit                      0x08003429   Thumb Code    82  stm32g4xx_hal_msp.o(i.HAL_TIM_MspPostInit)
    HAL_TIM_PWM_ConfigChannel                0x08003481   Thumb Code   848  stm32g4xx_hal_tim.o(i.HAL_TIM_PWM_ConfigChannel)
    HAL_TIM_PWM_Init                         0x080037e5   Thumb Code    98  stm32g4xx_hal_tim.o(i.HAL_TIM_PWM_Init)
    HAL_TIM_PWM_MspInit                      0x08003847   Thumb Code     2  stm32g4xx_hal_tim.o(i.HAL_TIM_PWM_MspInit)
    HAL_TIM_SlaveConfigSynchro               0x08003849   Thumb Code    86  stm32g4xx_hal_tim.o(i.HAL_TIM_SlaveConfigSynchro)
    HAL_UARTEx_DisableFifoMode               0x0800389f   Thumb Code    62  stm32g4xx_hal_uart_ex.o(i.HAL_UARTEx_DisableFifoMode)
    HAL_UARTEx_SetRxFifoThreshold            0x080038dd   Thumb Code   134  stm32g4xx_hal_uart_ex.o(i.HAL_UARTEx_SetRxFifoThreshold)
    HAL_UARTEx_SetTxFifoThreshold            0x08003969   Thumb Code   134  stm32g4xx_hal_uart_ex.o(i.HAL_UARTEx_SetTxFifoThreshold)
    HAL_UART_Init                            0x080039f5   Thumb Code   110  stm32g4xx_hal_uart.o(i.HAL_UART_Init)
    HAL_UART_MspInit                         0x08003a65   Thumb Code   212  stm32g4xx_hal_msp.o(i.HAL_UART_MspInit)
    HardFault_Handler                        0x08003b4d   Thumb Code     6  stm32g4xx_mc_it.o(i.HardFault_Handler)
    MCI_Clear_Iqdref                         0x08003c49   Thumb Code    16  mc_interface.o(i.MCI_Clear_Iqdref)
    MCI_ExecBufferedCommands                 0x08003c59   Thumb Code   114  mc_interface.o(i.MCI_ExecBufferedCommands)
    MCI_ExecSpeedRamp                        0x08003ccb   Thumb Code    14  mc_interface.o(i.MCI_ExecSpeedRamp)
    MCI_ExecTorqueRamp                       0x08003cd9   Thumb Code    18  mc_interface.o(i.MCI_ExecTorqueRamp)
    MCI_FaultAcknowledged                    0x08003ceb   Thumb Code    36  mc_interface.o(i.MCI_FaultAcknowledged)
    MCI_FaultProcessing                      0x08003d0f   Thumb Code    18  mc_interface.o(i.MCI_FaultProcessing)
    MCI_GetAvrgMecSpeedUnit                  0x08003d21   Thumb Code    16  mc_interface.o(i.MCI_GetAvrgMecSpeedUnit)
    MCI_GetControlMode                       0x08003d31   Thumb Code     4  mc_interface.o(i.MCI_GetControlMode)
    MCI_GetCurrentFaults                     0x08003d35   Thumb Code     4  mc_interface.o(i.MCI_GetCurrentFaults)
    MCI_GetFaultState                        0x08003d39   Thumb Code    10  mc_interface.o(i.MCI_GetFaultState)
    MCI_GetIab                               0x08003d43   Thumb Code     6  mc_interface.o(i.MCI_GetIab)
    MCI_GetIalphabeta                        0x08003d49   Thumb Code     6  mc_interface.o(i.MCI_GetIalphabeta)
    MCI_GetImposedMotorDirection             0x08003d4f   Thumb Code    54  mc_interface.o(i.MCI_GetImposedMotorDirection)
    MCI_GetIqd                               0x08003d85   Thumb Code     6  mc_interface.o(i.MCI_GetIqd)
    MCI_GetIqdref                            0x08003d8b   Thumb Code     6  mc_interface.o(i.MCI_GetIqdref)
    MCI_GetLastRampFinalDuration             0x08003d91   Thumb Code     4  mc_interface.o(i.MCI_GetLastRampFinalDuration)
    MCI_GetLastRampFinalSpeed                0x08003d95   Thumb Code     6  mc_interface.o(i.MCI_GetLastRampFinalSpeed)
    MCI_GetLastRampFinalTorque               0x08003d9b   Thumb Code     6  mc_interface.o(i.MCI_GetLastRampFinalTorque)
    MCI_GetMecSpeedRefUnit                   0x08003da1   Thumb Code     6  mc_interface.o(i.MCI_GetMecSpeedRefUnit)
    MCI_GetOccurredFaults                    0x08003da7   Thumb Code     4  mc_interface.o(i.MCI_GetOccurredFaults)
    MCI_GetSTMState                          0x08003dab   Thumb Code     4  mc_interface.o(i.MCI_GetSTMState)
    MCI_GetTeref                             0x08003daf   Thumb Code     8  mc_interface.o(i.MCI_GetTeref)
    MCI_GetValphabeta                        0x08003db7   Thumb Code     8  mc_interface.o(i.MCI_GetValphabeta)
    MCI_GetVqd                               0x08003dbf   Thumb Code     8  mc_interface.o(i.MCI_GetVqd)
    MCI_Init                                 0x08003dc7   Thumb Code    28  mc_interface.o(i.MCI_Init)
    MCI_SetCurrentReferences                 0x08003de3   Thumb Code    20  mc_interface.o(i.MCI_SetCurrentReferences)
    MCI_StartMotor                           0x08003df7   Thumb Code    38  mc_interface.o(i.MCI_StartMotor)
    MCI_StopMotor                            0x08003e1d   Thumb Code    48  mc_interface.o(i.MCI_StopMotor)
    MCI_StopRamp                             0x08003e4d   Thumb Code     6  mc_interface.o(i.MCI_StopRamp)
    MCM_Clarke                               0x08003e55   Thumb Code    72  mc_math.o(i.MCM_Clarke)
    MCM_Park                                 0x08003ea1   Thumb Code   122  mc_math.o(i.MCM_Park)
    MCM_Rev_Park                             0x08003f25   Thumb Code    54  mc_math.o(i.MCM_Rev_Park)
    MCM_Sqrt                                 0x08003f5d   Thumb Code    28  mc_math.o(i.MCM_Sqrt)
    MCM_Trig_Functions                       0x08003f7d   Thumb Code    22  mc_math.o(i.MCM_Trig_Functions)
    MCPA_cfgLog                              0x08003f99   Thumb Code   238  mcpa.o(i.MCPA_cfgLog)
    MCPA_dataLog                             0x08004089   Thumb Code   414  mcpa.o(i.MCPA_dataLog)
    MCPA_flushDataLog                        0x0800422d   Thumb Code   124  mcpa.o(i.MCPA_flushDataLog)
    MCP_ReceivedPacket                       0x080042a9   Thumb Code   282  mcp.o(i.MCP_ReceivedPacket)
    MC_GetSTMStateMotor1                     0x080043cd   Thumb Code     8  mc_api.o(i.MC_GetSTMStateMotor1)
    MC_RunMotorControlTasks                  0x080043d9   Thumb Code    22  mc_tasks.o(i.MC_RunMotorControlTasks)
    MC_Scheduler                             0x080043f5   Thumb Code   106  mc_tasks.o(i.MC_Scheduler)
    MC_StartMotor1                           0x08004469   Thumb Code     8  mc_api.o(i.MC_StartMotor1)
    MC_StopMotor1                            0x08004475   Thumb Code     8  mc_api.o(i.MC_StopMotor1)
    MCboot                                   0x08004481   Thumb Code   222  mc_tasks.o(i.MCboot)
    MPM_CalcElMotorPower                     0x080045ad   Thumb Code    70  motor_power_measurement.o(i.MPM_CalcElMotorPower)
    MPM_Clear                                0x080045f3   Thumb Code    26  motor_power_measurement.o(i.MPM_Clear)
    MPM_GetAvrgElMotorPowerW                 0x0800460d   Thumb Code     6  motor_power_measurement.o(i.MPM_GetAvrgElMotorPowerW)
    MX_MotorControl_Init                     0x08004615   Thumb Code    44  motorcontrol.o(i.MX_MotorControl_Init)
    NTC_CalcAvTemp                           0x08004649   Thumb Code    58  ntc_temperature_sensor.o(i.NTC_CalcAvTemp)
    NTC_Clear                                0x08004683   Thumb Code     6  ntc_temperature_sensor.o(i.NTC_Clear)
    NTC_GetAvTemp_C                          0x08004689   Thumb Code    34  ntc_temperature_sensor.o(i.NTC_GetAvTemp_C)
    NTC_Init                                 0x080046ab   Thumb Code    36  ntc_temperature_sensor.o(i.NTC_Init)
    NTC_SetFaultState                        0x080046cf   Thumb Code    24  ntc_temperature_sensor.o(i.NTC_SetFaultState)
    PID_GetKD                                0x080046e7   Thumb Code     6  pid_regulator.o(i.PID_GetKD)
    PID_GetKDDivisorPOW2                     0x080046ed   Thumb Code     4  pid_regulator.o(i.PID_GetKDDivisorPOW2)
    PID_GetKI                                0x080046f1   Thumb Code     6  pid_regulator.o(i.PID_GetKI)
    PID_GetKIDivisor                         0x080046f7   Thumb Code     4  pid_regulator.o(i.PID_GetKIDivisor)
    PID_GetKIDivisorPOW2                     0x080046fb   Thumb Code     4  pid_regulator.o(i.PID_GetKIDivisorPOW2)
    PID_GetKP                                0x080046ff   Thumb Code     6  pid_regulator.o(i.PID_GetKP)
    PID_GetKPDivisorPOW2                     0x08004705   Thumb Code     4  pid_regulator.o(i.PID_GetKPDivisorPOW2)
    PID_HandleInit                           0x08004709   Thumb Code    20  pid_regulator.o(i.PID_HandleInit)
    PID_SetIntegralTerm                      0x0800471d   Thumb Code     4  pid_regulator.o(i.PID_SetIntegralTerm)
    PID_SetKD                                0x08004721   Thumb Code     4  pid_regulator.o(i.PID_SetKD)
    PID_SetKDDivisorPOW2                     0x08004725   Thumb Code    12  pid_regulator.o(i.PID_SetKDDivisorPOW2)
    PID_SetKI                                0x08004731   Thumb Code     4  pid_regulator.o(i.PID_SetKI)
    PID_SetKIDivisorPOW2                     0x08004735   Thumb Code    36  pid_regulator.o(i.PID_SetKIDivisorPOW2)
    PID_SetKP                                0x08004759   Thumb Code     4  pid_regulator.o(i.PID_SetKP)
    PID_SetKPDivisorPOW2                     0x0800475d   Thumb Code    12  pid_regulator.o(i.PID_SetKPDivisorPOW2)
    PID_SetLowerIntegralTermLimit            0x08004769   Thumb Code     4  pid_regulator.o(i.PID_SetLowerIntegralTermLimit)
    PID_SetUpperIntegralTermLimit            0x0800476d   Thumb Code     4  pid_regulator.o(i.PID_SetUpperIntegralTermLimit)
    PI_Controller                            0x08004771   Thumb Code   122  pid_regulator.o(i.PI_Controller)
    PQD_CalcElMotorPower                     0x080047f1   Thumb Code    90  pqd_motor_power_measurement.o(i.PQD_CalcElMotorPower)
    PWMC_CheckOverCurrent                    0x08004851   Thumb Code     4  pwm_curr_fdbk.o(i.PWMC_CheckOverCurrent)
    PWMC_CurrentReadingCalibr                0x08004855   Thumb Code    66  pwm_curr_fdbk.o(i.PWMC_CurrentReadingCalibr)
    PWMC_GetPhaseCurrents                    0x08004897   Thumb Code     4  pwm_curr_fdbk.o(i.PWMC_GetPhaseCurrents)
    PWMC_SetPhaseVoltage                     0x0800489b   Thumb Code   526  pwm_curr_fdbk.o(i.PWMC_SetPhaseVoltage)
    PWMC_SwitchOffPWM                        0x08004aa9   Thumb Code     4  pwm_curr_fdbk.o(i.PWMC_SwitchOffPWM)
    PWMC_SwitchOnPWM                         0x08004aad   Thumb Code     4  pwm_curr_fdbk.o(i.PWMC_SwitchOnPWM)
    R3_2_BRK2_IRQHandler                     0x08004ba9   Thumb Code    66  r3_2_g4xx_pwm_curr_fdbk.o(i.R3_2_BRK2_IRQHandler)
    R3_2_BRK_IRQHandler                      0x08004beb   Thumb Code    34  r3_2_g4xx_pwm_curr_fdbk.o(i.R3_2_BRK_IRQHandler)
    R3_2_CurrentReadingPolarization          0x08004c0d   Thumb Code   448  r3_2_g4xx_pwm_curr_fdbk.o(i.R3_2_CurrentReadingPolarization)
    R3_2_GetOffsetCalib                      0x08004de1   Thumb Code    16  r3_2_g4xx_pwm_curr_fdbk.o(i.R3_2_GetOffsetCalib)
    R3_2_GetPhaseCurrents                    0x08004df1   Thumb Code   290  r3_2_g4xx_pwm_curr_fdbk.o(i.R3_2_GetPhaseCurrents)
    R3_2_Init                                0x08004fcd   Thumb Code   676  r3_2_g4xx_pwm_curr_fdbk.o(i.R3_2_Init)
    R3_2_IsOverCurrentOccurred               0x08005275   Thumb Code    38  r3_2_g4xx_pwm_curr_fdbk.o(i.R3_2_IsOverCurrentOccurred)
    R3_2_RLDetectionModeDisable              0x0800529d   Thumb Code   226  r3_2_g4xx_pwm_curr_fdbk.o(i.R3_2_RLDetectionModeDisable)
    R3_2_RLDetectionModeEnable               0x08005391   Thumb Code   174  r3_2_g4xx_pwm_curr_fdbk.o(i.R3_2_RLDetectionModeEnable)
    R3_2_RLDetectionModeSetDuty              0x08005451   Thumb Code   122  r3_2_g4xx_pwm_curr_fdbk.o(i.R3_2_RLDetectionModeSetDuty)
    R3_2_SetADCSampPointPolarization         0x08005649   Thumb Code    54  r3_2_g4xx_pwm_curr_fdbk.o(i.R3_2_SetADCSampPointPolarization)
    R3_2_SetADCSampPointSectX                0x08005685   Thumb Code   132  r3_2_g4xx_pwm_curr_fdbk.o(i.R3_2_SetADCSampPointSectX)
    R3_2_SetOffsetCalib                      0x08005809   Thumb Code    22  r3_2_g4xx_pwm_curr_fdbk.o(i.R3_2_SetOffsetCalib)
    R3_2_SwitchOffPWM                        0x0800581f   Thumb Code   120  r3_2_g4xx_pwm_curr_fdbk.o(i.R3_2_SwitchOffPWM)
    R3_2_SwitchOnPWM                         0x08005897   Thumb Code   200  r3_2_g4xx_pwm_curr_fdbk.o(i.R3_2_SwitchOnPWM)
    R3_2_TIMx_UP_IRQHandler                  0x0800595f   Thumb Code   152  r3_2_g4xx_pwm_curr_fdbk.o(i.R3_2_TIMx_UP_IRQHandler)
    R3_2_TurnOnLowSides                      0x080059f7   Thumb Code    96  r3_2_g4xx_pwm_curr_fdbk.o(i.R3_2_TurnOnLowSides)
    RCM_ExecNextConv                         0x08005a59   Thumb Code   134  regular_conversion_manager.o(i.RCM_ExecNextConv)
    RCM_ExecRegularConv                      0x08005af1   Thumb Code   302  regular_conversion_manager.o(i.RCM_ExecRegularConv)
    RCM_ExecUserConv                         0x08005c35   Thumb Code    76  regular_conversion_manager.o(i.RCM_ExecUserConv)
    RCM_ReadOngoingConv                      0x08005c8d   Thumb Code    62  regular_conversion_manager.o(i.RCM_ReadOngoingConv)
    RCM_RegisterRegConv                      0x08005cd9   Thumb Code   288  regular_conversion_manager.o(i.RCM_RegisterRegConv)
    REMNG_Calc                               0x08005e09   Thumb Code    44  ramp_ext_mngr.o(i.REMNG_Calc)
    REMNG_ExecRamp                           0x08005e35   Thumb Code   130  ramp_ext_mngr.o(i.REMNG_ExecRamp)
    REMNG_Init                               0x08005eb7   Thumb Code    16  ramp_ext_mngr.o(i.REMNG_Init)
    REMNG_RampCompleted                      0x08005ec7   Thumb Code    14  ramp_ext_mngr.o(i.REMNG_RampCompleted)
    RI_GetIDSize                             0x08005ed5   Thumb Code    32  register_interface.o(i.RI_GetIDSize)
    RI_GetPtrReg                             0x08005ef5   Thumb Code   222  register_interface.o(i.RI_GetPtrReg)
    RI_GetRegCommandParser                   0x08005fe1   Thumb Code  1980  register_interface.o(i.RI_GetRegCommandParser)
    RI_SetRegCommandParser                   0x080067c9   Thumb Code  1602  register_interface.o(i.RI_SetRegCommandParser)
    RUC_Clear                                0x08006e19   Thumb Code   136  revup_ctrl.o(i.RUC_Clear)
    RUC_Exec                                 0x08006ea1   Thumb Code   106  revup_ctrl.o(i.RUC_Exec)
    RUC_FirstAccelerationStageReached        0x08006f0b   Thumb Code    20  revup_ctrl.o(i.RUC_FirstAccelerationStageReached)
    RUC_GetNumberOfPhases                    0x08006f1f   Thumb Code     6  revup_ctrl.o(i.RUC_GetNumberOfPhases)
    RUC_GetPhase                             0x08006f25   Thumb Code    26  revup_ctrl.o(i.RUC_GetPhase)
    RUC_Init                                 0x08006f3f   Thumb Code    96  revup_ctrl.o(i.RUC_Init)
    RUC_SetPhase                             0x08006f9f   Thumb Code    30  revup_ctrl.o(i.RUC_SetPhase)
    RVBS_CalcAvVbus                          0x08006fbd   Thumb Code   102  r_divider_bus_voltage_sensor.o(i.RVBS_CalcAvVbus)
    RVBS_CheckFaultState                     0x08007023   Thumb Code    24  r_divider_bus_voltage_sensor.o(i.RVBS_CheckFaultState)
    RVBS_Clear                               0x0800703b   Thumb Code    44  r_divider_bus_voltage_sensor.o(i.RVBS_Clear)
    RVBS_Init                                0x08007067   Thumb Code    22  r_divider_bus_voltage_sensor.o(i.RVBS_Init)
    SPD_GetAvrgMecSpeedUnit                  0x0800707d   Thumb Code     6  speed_pos_fdbk.o(i.SPD_GetAvrgMecSpeedUnit)
    SPD_GetElAngle                           0x08007083   Thumb Code     6  speed_pos_fdbk.o(i.SPD_GetElAngle)
    SPD_GetInstElSpeedDpp                    0x08007089   Thumb Code     6  speed_pos_fdbk.o(i.SPD_GetInstElSpeedDpp)
    SPD_GetS16Speed                          0x0800708f   Thumb Code    20  speed_pos_fdbk.o(i.SPD_GetS16Speed)
    SPD_IsMecSpeedReliable                   0x080070a3   Thumb Code    96  speed_pos_fdbk.o(i.SPD_IsMecSpeedReliable)
    STC_CalcTorqueReference                  0x08007103   Thumb Code    80  speed_torq_ctrl.o(i.STC_CalcTorqueReference)
    STC_Clear                                0x08007153   Thumb Code    16  speed_torq_ctrl.o(i.STC_Clear)
    STC_ExecRamp                             0x08007163   Thumb Code   140  speed_torq_ctrl.o(i.STC_ExecRamp)
    STC_ForceSpeedReferenceToCurrentSpeed    0x080071ef   Thumb Code    16  speed_torq_ctrl.o(i.STC_ForceSpeedReferenceToCurrentSpeed)
    STC_GetDefaultIqdref                     0x080071ff   Thumb Code    16  speed_torq_ctrl.o(i.STC_GetDefaultIqdref)
    STC_GetMecSpeedRefUnit                   0x0800720f   Thumb Code     6  speed_torq_ctrl.o(i.STC_GetMecSpeedRefUnit)
    STC_GetMecSpeedRefUnitDefault            0x08007215   Thumb Code     6  speed_torq_ctrl.o(i.STC_GetMecSpeedRefUnitDefault)
    STC_GetSpeedSensor                       0x0800721b   Thumb Code     4  speed_torq_ctrl.o(i.STC_GetSpeedSensor)
    STC_GetTorqueRef                         0x0800721f   Thumb Code     6  speed_torq_ctrl.o(i.STC_GetTorqueRef)
    STC_Init                                 0x08007225   Thumb Code    32  speed_torq_ctrl.o(i.STC_Init)
    STC_SetControlMode                       0x08007245   Thumb Code     8  speed_torq_ctrl.o(i.STC_SetControlMode)
    STC_SetSpeedSensor                       0x0800724d   Thumb Code     4  speed_torq_ctrl.o(i.STC_SetSpeedSensor)
    STC_StopRamp                             0x08007251   Thumb Code     8  speed_torq_ctrl.o(i.STC_StopRamp)
    STO_OTF_ResetPLL                         0x08007259   Thumb Code    10  sto_pll_speed_pos_fdbk.o(i.STO_OTF_ResetPLL)
    STO_PLL_CalcAvrgElSpeedDpp               0x08007263   Thumb Code    78  sto_pll_speed_pos_fdbk.o(i.STO_PLL_CalcAvrgElSpeedDpp)
    STO_PLL_CalcAvrgMecSpeedUnit             0x080072b1   Thumb Code    42  sto_pll_speed_pos_fdbk.o(i.STO_PLL_CalcAvrgMecSpeedUnit)
    STO_PLL_CalcElAngle                      0x080072dd   Thumb Code   502  sto_pll_speed_pos_fdbk.o(i.STO_PLL_CalcElAngle)
    STO_PLL_Clear                            0x080074d3   Thumb Code   124  sto_pll_speed_pos_fdbk.o(i.STO_PLL_Clear)
    STO_PLL_ForceConvergency1                0x0800754f   Thumb Code    10  sto_pll_speed_pos_fdbk.o(i.STO_PLL_ForceConvergency1)
    STO_PLL_ForceConvergency2                0x08007559   Thumb Code    10  sto_pll_speed_pos_fdbk.o(i.STO_PLL_ForceConvergency2)
    STO_PLL_GetEstimatedBemf                 0x08007563   Thumb Code    20  sto_pll_speed_pos_fdbk.o(i.STO_PLL_GetEstimatedBemf)
    STO_PLL_GetEstimatedBemfLevel            0x08007577   Thumb Code     6  sto_pll_speed_pos_fdbk.o(i.STO_PLL_GetEstimatedBemfLevel)
    STO_PLL_GetEstimatedCurrent              0x0800757d   Thumb Code    24  sto_pll_speed_pos_fdbk.o(i.STO_PLL_GetEstimatedCurrent)
    STO_PLL_GetObservedBemfLevel             0x08007595   Thumb Code     6  sto_pll_speed_pos_fdbk.o(i.STO_PLL_GetObservedBemfLevel)
    STO_PLL_GetObserverGains                 0x0800759b   Thumb Code    10  sto_pll_speed_pos_fdbk.o(i.STO_PLL_GetObserverGains)
    STO_PLL_Init                             0x080075a5   Thumb Code    90  sto_pll_speed_pos_fdbk.o(i.STO_PLL_Init)
    STO_PLL_IsObserverConverged              0x08007605   Thumb Code   168  sto_pll_speed_pos_fdbk.o(i.STO_PLL_IsObserverConverged)
    STO_PLL_IsVarianceTight                  0x080076ad   Thumb Code     8  sto_pll_speed_pos_fdbk.o(i.STO_PLL_IsVarianceTight)
    STO_PLL_SetObserverGains                 0x080076b5   Thumb Code     6  sto_pll_speed_pos_fdbk.o(i.STO_PLL_SetObserverGains)
    STO_ResetPLL                             0x080076bb   Thumb Code     8  sto_pll_speed_pos_fdbk.o(i.STO_ResetPLL)
    SysTick_Handler                          0x080076c5   Thumb Code    36  stm32g4xx_mc_it.o(i.SysTick_Handler)
    SystemInit                               0x080076ed   Thumb Code    12  system_stm32g4xx.o(i.SystemInit)
    TIM1_BRK_TIM15_IRQHandler                0x080076fd   Thumb Code    54  stm32g4xx_mc_it.o(i.TIM1_BRK_TIM15_IRQHandler)
    TIM1_UP_TIM16_IRQHandler                 0x08007741   Thumb Code    14  stm32g4xx_mc_it.o(i.TIM1_UP_TIM16_IRQHandler)
    TIM_Base_SetConfig                       0x08007759   Thumb Code   152  stm32g4xx_hal_tim.o(i.TIM_Base_SetConfig)
    TIM_OC2_SetConfig                        0x0800780d   Thumb Code   136  stm32g4xx_hal_tim.o(i.TIM_OC2_SetConfig)
    TSK_ChargeBootCapDelayHasElapsedM1       0x080079d5   Thumb Code    14  mc_tasks.o(i.TSK_ChargeBootCapDelayHasElapsedM1)
    TSK_HardwareFaultTask                    0x080079e9   Thumb Code    24  mc_tasks.o(i.TSK_HardwareFaultTask)
    TSK_HighFrequencyTask                    0x08007a09   Thumb Code   344  mc_tasks.o(i.TSK_HighFrequencyTask)
    TSK_MediumFrequencyTaskM1                0x08007b99   Thumb Code   784  mc_tasks.o(i.TSK_MediumFrequencyTaskM1)
    TSK_SafetyTask                           0x08007ed1   Thumb Code    26  mc_tasks.o(i.TSK_SafetyTask)
    TSK_SafetyTask_PWMOFF                    0x08007ef1   Thumb Code   128  mc_tasks.o(i.TSK_SafetyTask_PWMOFF)
    TSK_SetChargeBootCapDelayM1              0x08007f8d   Thumb Code     6  mc_tasks.o(i.TSK_SetChargeBootCapDelayM1)
    TSK_SetStopPermanencyTimeM1              0x08007f99   Thumb Code     6  mc_tasks.o(i.TSK_SetStopPermanencyTimeM1)
    TSK_StopPermanencyTimeHasElapsedM1       0x08007fa5   Thumb Code    14  mc_tasks.o(i.TSK_StopPermanencyTimeHasElapsedM1)
    UART_AdvFeatureConfig                    0x08007fb9   Thumb Code   218  stm32g4xx_hal_uart.o(i.UART_AdvFeatureConfig)
    UART_CheckIdleState                      0x08008093   Thumb Code   100  stm32g4xx_hal_uart.o(i.UART_CheckIdleState)
    UART_SetConfig                           0x080080f9   Thumb Code   620  stm32g4xx_hal_uart.o(i.UART_SetConfig)
    UART_WaitOnFlagUntilTimeout              0x0800837d   Thumb Code   228  stm32g4xx_hal_uart.o(i.UART_WaitOnFlagUntilTimeout)
    UASPEP_IDLE_ENABLE                       0x08008461   Thumb Code    26  usart_aspep_driver.o(i.UASPEP_IDLE_ENABLE)
    UASPEP_INIT                              0x0800847d   Thumb Code   168  usart_aspep_driver.o(i.UASPEP_INIT)
    UASPEP_RECEIVE_BUFFER                    0x08008529   Thumb Code    74  usart_aspep_driver.o(i.UASPEP_RECEIVE_BUFFER)
    UASPEP_SEND_PACKET                       0x08008579   Thumb Code    74  usart_aspep_driver.o(i.UASPEP_SEND_PACKET)
    UI_HandleStartStopButton_cb              0x080085c9   Thumb Code    24  mc_tasks.o(i.UI_HandleStartStopButton_cb)
    USART2_IRQHandler                        0x080085e1   Thumb Code   234  stm32g4xx_mc_it.o(i.USART2_IRQHandler)
    VBS_GetAvBusVoltage_V                    0x080086e5   Thumb Code    10  bus_voltage_sensor.o(i.VBS_GetAvBusVoltage_V)
    VBS_GetAvBusVoltage_d                    0x080086ef   Thumb Code     4  bus_voltage_sensor.o(i.VBS_GetAvBusVoltage_d)
    VSS_CalcAvrgMecSpeedUnit                 0x080086f3   Thumb Code   130  virtual_speed_sensor.o(i.VSS_CalcAvrgMecSpeedUnit)
    VSS_CalcElAngle                          0x08008775   Thumb Code   158  virtual_speed_sensor.o(i.VSS_CalcElAngle)
    VSS_Clear                                0x08008813   Thumb Code    44  virtual_speed_sensor.o(i.VSS_Clear)
    VSS_Init                                 0x0800883f   Thumb Code     8  virtual_speed_sensor.o(i.VSS_Init)
    VSS_SetMecAcceleration                   0x08008847   Thumb Code   140  virtual_speed_sensor.o(i.VSS_SetMecAcceleration)
    VSS_SetMecAngle                          0x080088d3   Thumb Code    14  virtual_speed_sensor.o(i.VSS_SetMecAngle)
    VSS_SetStartTransition                   0x080088e1   Thumb Code    28  virtual_speed_sensor.o(i.VSS_SetStartTransition)
    VSS_TransitionEnded                      0x080088fd   Thumb Code     6  virtual_speed_sensor.o(i.VSS_TransitionEnded)
    __hardfp_sqrt                            0x08008903   Thumb Code   122  sqrt.o(i.__hardfp_sqrt)
    getScalingFactor                         0x0800897d   Thumb Code    40  ramp_ext_mngr.o(i.getScalingFactor)
    main                                     0x080089a5   Thumb Code  1428  main.o(i.main)
    mc_lock_pins                             0x08008f45   Thumb Code   210  mc_tasks.o(i.mc_lock_pins)
    startTimers                              0x08009035   Thumb Code   100  pwm_common.o(i.startTimers)
    waitForPolarizationEnd                   0x080090a1   Thumb Code    72  pwm_common.o(i.waitForPolarizationEnd)
    __aeabi_d2iz                             0x080090e9   Thumb Code     0  dfix.o(x$fpl$dfix)
    _dfix                                    0x080090e9   Thumb Code    94  dfix.o(x$fpl$dfix)
    __aeabi_i2d                              0x08009147   Thumb Code     0  dflt_clz.o(x$fpl$dflt)
    _dflt                                    0x08009147   Thumb Code    46  dflt_clz.o(x$fpl$dflt)
    __fpl_dnaninf                            0x08009175   Thumb Code   156  dnaninf.o(x$fpl$dnaninf)
    _dsqrt                                   0x08009211   Thumb Code   404  dsqrt_umaal.o(x$fpl$dsqrt)
    _fp_init                                 0x080093a9   Thumb Code    10  fpinit.o(x$fpl$fpinit)
    __fplib_config_fpu_vfp                   0x080093b1   Thumb Code     0  fpinit.o(x$fpl$fpinit)
    __fplib_config_pureend_doubles           0x080093b1   Thumb Code     0  fpinit.o(x$fpl$fpinit)
    __I$use$fp                               0x080093b2   Number         0  usenofp.o(x$fpl$usenofp)
    R3_2_ParamsM1                            0x080093bc   Data         204  mc_parameters.o(.constdata)
    CTL_BOARD                                0x08009492   Data          16  mc_configuration_registers.o(.constdata)
    FIRMWARE_NAME                            0x080094b3   Data          24  mc_configuration_registers.o(.constdata)
    globalConfig_reg                         0x080094cb   Data          10  mc_configuration_registers.o(.constdata)
    M1_MotorConfig_reg                       0x080094e3   Data          60  mc_configuration_registers.o(.constdata)
    UARTPrescTable                           0x0800963e   Data          24  stm32g4xx_hal_uart.o(.constdata)
    AHBPrescTable                            0x08009666   Data          16  system_stm32g4xx.o(.constdata)
    APBPrescTable                            0x08009676   Data           8  system_stm32g4xx.o(.constdata)
    Region$$Table$$Base                      0x08009694   Number         0  anon$$obj.o(Region$$Table)
    Region$$Table$$Limit                     0x080096b4   Number         0  anon$$obj.o(Region$$Table)
    pMCI                                     0x20000000   Data           4  motorcontrol.o(.data)
    PQD_MotorPowMeasM1                       0x20000004   Data         276  mc_config.o(.data)
    PIDSpeedHandle_M1                        0x20000118   Data          44  mc_config.o(.data)
    PIDIqHandle_M1                           0x20000144   Data          44  mc_config.o(.data)
    PIDIdHandle_M1                           0x20000170   Data          44  mc_config.o(.data)
    SpeednTorqCtrlM1                         0x2000019c   Data          52  mc_config.o(.data)
    RevUpControlM1                           0x200001d0   Data         120  mc_config.o(.data)
    PWM_Handle_M1                            0x20000248   Data         152  mc_config.o(.data)
    VirtualSpeedSensorM1                     0x200002e0   Data          56  mc_config.o(.data)
    STO_PLL_M1                               0x20000318   Data         296  mc_config.o(.data)
    STO_M1                                   0x20000440   Data          20  mc_config.o(.data)
    TempSensor_M1                            0x20000454   Data          40  mc_config.o(.data)
    BusVoltageSensor_M1                      0x2000047c   Data          40  mc_config.o(.data)
    RampExtMngrHFParamsM1                    0x200004a4   Data          24  mc_config.o(.data)
    CircleLimitationM1                       0x200004bc   Data         180  mc_config.o(.data)
    pSTC                                     0x20000570   Data           4  mc_config.o(.data)
    pPIDIq                                   0x20000574   Data           4  mc_config.o(.data)
    pPIDId                                   0x20000578   Data           4  mc_config.o(.data)
    pTemperatureSensor                       0x2000057c   Data           4  mc_config.o(.data)
    pMPM                                     0x20000580   Data           4  mc_config.o(.data)
    aspepOverUartA                           0x20000598   Data         116  mcp_config.o(.data)
    MCP_Over_UartA                           0x2000060c   Data          16  mcp_config.o(.data)
    MCPA_UART_A                              0x2000061c   Data          44  mcp_config.o(.data)
    MCP_UserCallBack                         0x20000648   Data           8  mcp_config.o(.data)
    PWR_BOARD_NAME                           0x2000067c   Data           4  mc_configuration_registers.o(.data)
    FOCConfig_reg                            0x20000680   Data           4  mc_configuration_registers.o(.data)
    MotorConfig_reg                          0x20000684   Data           4  mc_configuration_registers.o(.data)
    ApplicationConfig_reg                    0x20000688   Data           4  mc_configuration_registers.o(.data)
    uwTickPrio                               0x20000690   Data           4  stm32g4xx_hal.o(.data)
    uwTickFreq                               0x20000694   Data           4  stm32g4xx_hal.o(.data)
    uwTick                                   0x20000698   Data           4  stm32g4xx_hal.o(.data)
    SystemCoreClock                          0x2000069c   Data           4  system_stm32g4xx.o(.data)
    GLOBAL_TIMESTAMP                         0x200006a0   Data           4  mcpa.o(.data)
    hadc1                                    0x200006a4   Data         108  main.o(.bss)
    hadc2                                    0x20000710   Data         108  main.o(.bss)
    hcordic                                  0x2000077c   Data          40  main.o(.bss)
    hdac1                                    0x200007a4   Data          20  main.o(.bss)
    htim1                                    0x200007b8   Data          76  main.o(.bss)
    huart2                                   0x20000804   Data         144  main.o(.bss)
    hdma_usart2_rx                           0x20000894   Data          96  main.o(.bss)
    hdma_usart2_tx                           0x200008f4   Data          96  main.o(.bss)
    Mci                                      0x20000960   Data          32  mc_config.o(.bss)
    dataPtrTableA                            0x20001b94   Data          40  mcp_config.o(.bss)
    dataPtrTableBuffA                        0x20001bbc   Data          40  mcp_config.o(.bss)
    dataSizeTableA                           0x20001be4   Data          10  mcp_config.o(.bss)
    dataSizeTableBuffA                       0x20001bee   Data          10  mcp_config.o(.bss)
    DAC_Handle                               0x20001c68   Data          12  dac_ui.o(.bss)
    __libspace_start                         0x20001c74   Data          96  libspace.o(.bss)
    __temporary_stack_top$libspace           0x20001cd4   Data           0  libspace.o(.bss)



==============================================================================

Memory Map of the image

  Image Entry point : 0x080001d9

  Load Region LR_IROM1 (Base: 0x08000000, Size: 0x00009d58, Max: 0x00020000, ABSOLUTE, COMPRESSED[0x00009890])

    Execution Region ER_IROM1 (Exec base: 0x08000000, Load base: 0x08000000, Size: 0x000096b4, Max: 0x00020000, ABSOLUTE)

    Exec Addr    Load Addr    Size         Type   Attr      Idx    E Section Name        Object

    0x08000000   0x08000000   0x000001d8   Data   RO            3    RESET               startup_stm32g431xx.o
    0x080001d8   0x080001d8   0x00000008   Code   RO         7583  * !!!main             c_w.l(__main.o)
    0x080001e0   0x080001e0   0x00000034   Code   RO         7854    !!!scatter          c_w.l(__scatter.o)
    0x08000214   0x08000214   0x0000005a   Code   RO         7852    !!dczerorl2         c_w.l(__dczerorl2.o)
    0x0800026e   0x0800026e   0x00000002   PAD
    0x08000270   0x08000270   0x0000001c   Code   RO         7856    !!handler_zi        c_w.l(__scatter_zi.o)
    0x0800028c   0x0800028c   0x00000002   Code   RO         7789    .ARM.Collect$$libinit$$00000000  c_w.l(libinit.o)
    0x0800028e   0x0800028e   0x00000004   Code   RO         7655    .ARM.Collect$$libinit$$00000001  c_w.l(libinit2.o)
    0x08000292   0x08000292   0x00000000   Code   RO         7658    .ARM.Collect$$libinit$$00000004  c_w.l(libinit2.o)
    0x08000292   0x08000292   0x00000008   Code   RO         7659    .ARM.Collect$$libinit$$00000005  c_w.l(libinit2.o)
    0x0800029a   0x0800029a   0x00000000   Code   RO         7661    .ARM.Collect$$libinit$$0000000A  c_w.l(libinit2.o)
    0x0800029a   0x0800029a   0x00000000   Code   RO         7663    .ARM.Collect$$libinit$$0000000C  c_w.l(libinit2.o)
    0x0800029a   0x0800029a   0x00000000   Code   RO         7665    .ARM.Collect$$libinit$$0000000E  c_w.l(libinit2.o)
    0x0800029a   0x0800029a   0x00000000   Code   RO         7668    .ARM.Collect$$libinit$$00000011  c_w.l(libinit2.o)
    0x0800029a   0x0800029a   0x00000000   Code   RO         7670    .ARM.Collect$$libinit$$00000013  c_w.l(libinit2.o)
    0x0800029a   0x0800029a   0x00000000   Code   RO         7672    .ARM.Collect$$libinit$$00000015  c_w.l(libinit2.o)
    0x0800029a   0x0800029a   0x00000000   Code   RO         7674    .ARM.Collect$$libinit$$00000017  c_w.l(libinit2.o)
    0x0800029a   0x0800029a   0x00000000   Code   RO         7676    .ARM.Collect$$libinit$$00000019  c_w.l(libinit2.o)
    0x0800029a   0x0800029a   0x00000000   Code   RO         7678    .ARM.Collect$$libinit$$0000001B  c_w.l(libinit2.o)
    0x0800029a   0x0800029a   0x00000000   Code   RO         7680    .ARM.Collect$$libinit$$0000001D  c_w.l(libinit2.o)
    0x0800029a   0x0800029a   0x00000000   Code   RO         7682    .ARM.Collect$$libinit$$0000001F  c_w.l(libinit2.o)
    0x0800029a   0x0800029a   0x00000000   Code   RO         7684    .ARM.Collect$$libinit$$00000021  c_w.l(libinit2.o)
    0x0800029a   0x0800029a   0x00000000   Code   RO         7686    .ARM.Collect$$libinit$$00000023  c_w.l(libinit2.o)
    0x0800029a   0x0800029a   0x00000000   Code   RO         7688    .ARM.Collect$$libinit$$00000025  c_w.l(libinit2.o)
    0x0800029a   0x0800029a   0x00000000   Code   RO         7692    .ARM.Collect$$libinit$$0000002C  c_w.l(libinit2.o)
    0x0800029a   0x0800029a   0x00000000   Code   RO         7694    .ARM.Collect$$libinit$$0000002E  c_w.l(libinit2.o)
    0x0800029a   0x0800029a   0x00000000   Code   RO         7696    .ARM.Collect$$libinit$$00000030  c_w.l(libinit2.o)
    0x0800029a   0x0800029a   0x00000000   Code   RO         7698    .ARM.Collect$$libinit$$00000032  c_w.l(libinit2.o)
    0x0800029a   0x0800029a   0x00000002   Code   RO         7699    .ARM.Collect$$libinit$$00000033  c_w.l(libinit2.o)
    0x0800029c   0x0800029c   0x00000002   Code   RO         7849    .ARM.Collect$$libshutdown$$00000000  c_w.l(libshutdown.o)
    0x0800029e   0x0800029e   0x00000000   Code   RO         7805    .ARM.Collect$$libshutdown$$00000002  c_w.l(libshutdown2.o)
    0x0800029e   0x0800029e   0x00000000   Code   RO         7807    .ARM.Collect$$libshutdown$$00000004  c_w.l(libshutdown2.o)
    0x0800029e   0x0800029e   0x00000000   Code   RO         7809    .ARM.Collect$$libshutdown$$00000006  c_w.l(libshutdown2.o)
    0x0800029e   0x0800029e   0x00000000   Code   RO         7812    .ARM.Collect$$libshutdown$$00000009  c_w.l(libshutdown2.o)
    0x0800029e   0x0800029e   0x00000000   Code   RO         7815    .ARM.Collect$$libshutdown$$0000000C  c_w.l(libshutdown2.o)
    0x0800029e   0x0800029e   0x00000000   Code   RO         7817    .ARM.Collect$$libshutdown$$0000000E  c_w.l(libshutdown2.o)
    0x0800029e   0x0800029e   0x00000000   Code   RO         7820    .ARM.Collect$$libshutdown$$00000011  c_w.l(libshutdown2.o)
    0x0800029e   0x0800029e   0x00000002   Code   RO         7821    .ARM.Collect$$libshutdown$$00000012  c_w.l(libshutdown2.o)
    0x080002a0   0x080002a0   0x00000000   Code   RO         7615    .ARM.Collect$$rtentry$$00000000  c_w.l(__rtentry.o)
    0x080002a0   0x080002a0   0x00000000   Code   RO         7719    .ARM.Collect$$rtentry$$00000002  c_w.l(__rtentry2.o)
    0x080002a0   0x080002a0   0x00000006   Code   RO         7731    .ARM.Collect$$rtentry$$00000004  c_w.l(__rtentry4.o)
    0x080002a6   0x080002a6   0x00000000   Code   RO         7721    .ARM.Collect$$rtentry$$00000009  c_w.l(__rtentry2.o)
    0x080002a6   0x080002a6   0x00000004   Code   RO         7722    .ARM.Collect$$rtentry$$0000000A  c_w.l(__rtentry2.o)
    0x080002aa   0x080002aa   0x00000000   Code   RO         7724    .ARM.Collect$$rtentry$$0000000C  c_w.l(__rtentry2.o)
    0x080002aa   0x080002aa   0x00000008   Code   RO         7725    .ARM.Collect$$rtentry$$0000000D  c_w.l(__rtentry2.o)
    0x080002b2   0x080002b2   0x00000002   Code   RO         7792    .ARM.Collect$$rtexit$$00000000  c_w.l(rtexit.o)
    0x080002b4   0x080002b4   0x00000000   Code   RO         7825    .ARM.Collect$$rtexit$$00000002  c_w.l(rtexit2.o)
    0x080002b4   0x080002b4   0x00000004   Code   RO         7826    .ARM.Collect$$rtexit$$00000003  c_w.l(rtexit2.o)
    0x080002b8   0x080002b8   0x00000006   Code   RO         7827    .ARM.Collect$$rtexit$$00000004  c_w.l(rtexit2.o)
    0x080002be   0x080002be   0x00000002   PAD
    0x080002c0   0x080002c0   0x00000000   Code   RO         7742    .emb_text           c_w.l(maybetermalloc1.o)
    0x080002c0   0x080002c0   0x00000040   Code   RO            4    .text               startup_stm32g431xx.o
    0x08000300   0x08000300   0x0000005e   Code   RO         7519    .text               c_w.l(h1_alloc.o)
    0x0800035e   0x0800035e   0x000000ee   Code   RO         7573    .text               c_w.l(lludivv7m.o)
    0x0800044c   0x0800044c   0x0000008a   Code   RO         7575    .text               c_w.l(rt_memcpy_v6.o)
    0x080004d6   0x080004d6   0x00000064   Code   RO         7577    .text               c_w.l(rt_memcpy_w.o)
    0x0800053a   0x0800053a   0x0000004e   Code   RO         7579    .text               c_w.l(rt_memclr_w.o)
    0x08000588   0x08000588   0x00000006   Code   RO         7581    .text               c_w.l(heapauxi.o)
    0x0800058e   0x0800058e   0x00000002   PAD
    0x08000590   0x08000590   0x00000008   Code   RO         7623    .text               c_w.l(rt_heap_descriptor_intlibspace.o)
    0x08000598   0x08000598   0x00000004   Code   RO         7625    .text               c_w.l(hguard.o)
    0x0800059c   0x0800059c   0x0000008a   Code   RO         7627    .text               c_w.l(init_alloc.o)
    0x08000626   0x08000626   0x0000000e   Code   RO         7633    .text               c_w.l(h1_init.o)
    0x08000634   0x08000634   0x0000004e   Code   RO         7635    .text               c_w.l(h1_free.o)
    0x08000682   0x08000682   0x00000016   Code   RO         7651    .text               c_w.l(_rserrno.o)
    0x08000698   0x08000698   0x00000008   Code   RO         7715    .text               c_w.l(libspace.o)
    0x080006a0   0x080006a0   0x00000008   Code   RO         7738    .text               c_w.l(rt_errno_addr_intlibspace.o)
    0x080006a8   0x080006a8   0x00000034   Code   RO         7744    .text               c_w.l(h1_extend.o)
    0x080006dc   0x080006dc   0x0000000e   Code   RO         7748    .text               c_w.l(defsig_rtmem_outer.o)
    0x080006ea   0x080006ea   0x00000002   Code   RO         7761    .text               c_w.l(use_no_semi.o)
    0x080006ec   0x080006ec   0x00000000   Code   RO         7763    .text               c_w.l(indicate_semi.o)
    0x080006ec   0x080006ec   0x0000004a   Code   RO         7764    .text               c_w.l(sys_stackheap_outer.o)
    0x08000736   0x08000736   0x00000012   Code   RO         7770    .text               c_w.l(exit.o)
    0x08000748   0x08000748   0x0000000a   Code   RO         7772    .text               c_w.l(defsig_exit.o)
    0x08000752   0x08000752   0x00000002   PAD
    0x08000754   0x08000754   0x00000050   Code   RO         7778    .text               c_w.l(defsig_rtmem_inner.o)
    0x080007a4   0x080007a4   0x0000000c   Code   RO         7790    .text               c_w.l(sys_exit.o)
    0x080007b0   0x080007b0   0x00000032   Code   RO         7800    .text               c_w.l(defsig_general.o)
    0x080007e2   0x080007e2   0x0000000e   Code   RO         7822    .text               c_w.l(sys_wrch.o)
    0x080007f0   0x080007f0   0x0000000c   Code   RO         1570    i.ADC1_2_IRQHandler  stm32g4xx_mc_it.o
    0x080007fc   0x080007fc   0x0000007c   Code   RO         1951    i.ASPEP_CheckBeacon  aspep.o
    0x08000878   0x08000878   0x00000016   Code   RO         1952    i.ASPEP_HWDMAReset  aspep.o
    0x0800088e   0x0800088e   0x00000002   PAD
    0x08000890   0x08000890   0x0000009c   Code   RO         1953    i.ASPEP_HWDataReceivedIT  aspep.o
    0x0800092c   0x0800092c   0x00000094   Code   RO         1954    i.ASPEP_HWDataTransmittedIT  aspep.o
    0x080009c0   0x080009c0   0x000001ea   Code   RO         1955    i.ASPEP_RXframeProcess  aspep.o
    0x08000baa   0x08000baa   0x00000002   PAD
    0x08000bac   0x08000bac   0x000000d4   Code   RO         1956    i.ASPEP_TXframeProcess  aspep.o
    0x08000c80   0x08000c80   0x00000056   Code   RO         1957    i.ASPEP_getBuffer   aspep.o
    0x08000cd6   0x08000cd6   0x00000058   Code   RO         1959    i.ASPEP_sendPacket  aspep.o
    0x08000d2e   0x08000d2e   0x00000028   Code   RO         1961    i.ASPEP_start       aspep.o
    0x08000d56   0x08000d56   0x0000005c   Code   RO         6063    i.Circle_Limitation  circle_limitation.o
    0x08000db2   0x08000db2   0x00000002   PAD
    0x08000db4   0x08000db4   0x00000028   Code   RO         1865    i.DAC_Exec          dac_ui.o
    0x08000ddc   0x08000ddc   0x00000008   Code   RO         1866    i.DAC_GetChannelConfig  dac_ui.o
    0x08000de4   0x08000de4   0x0000001c   Code   RO         1867    i.DAC_Init          dac_ui.o
    0x08000e00   0x08000e00   0x00000010   Code   RO         1868    i.DAC_SetChannelConfig  dac_ui.o
    0x08000e10   0x08000e10   0x00000020   Code   RO         1571    i.DMA2_Channel2_IRQHandler  stm32g4xx_mc_it.o
    0x08000e30   0x08000e30   0x0000001c   Code   RO         1572    i.EXTI15_10_IRQHandler  stm32g4xx_mc_it.o
    0x08000e4c   0x08000e4c   0x00000004   Code   RO           13    i.Error_Handler     main.o
    0x08000e50   0x08000e50   0x00000034   Code   RO          740    i.FOC_CalcCurrRef   mc_tasks.o
    0x08000e84   0x08000e84   0x0000006c   Code   RO          741    i.FOC_Clear         mc_tasks.o
    0x08000ef0   0x08000ef0   0x00000002   Code   RO          742    i.FOC_InitAdditionalMethods  mc_tasks.o
    0x08000ef2   0x08000ef2   0x00000002   PAD
    0x08000ef4   0x08000ef4   0x000005dc   Code   RO         2359    i.HAL_ADCEx_InjectedConfigChannel  stm32g4xx_hal_adc_ex.o
    0x080014d0   0x080014d0   0x000000f8   Code   RO         2370    i.HAL_ADCEx_MultiModeConfigChannel  stm32g4xx_hal_adc_ex.o
    0x080015c8   0x080015c8   0x000004d8   Code   RO         2157    i.HAL_ADC_ConfigChannel  stm32g4xx_hal_adc.o
    0x08001aa0   0x08001aa0   0x00000240   Code   RO         2166    i.HAL_ADC_Init      stm32g4xx_hal_adc.o
    0x08001ce0   0x08001ce0   0x00000168   Code   RO         2058    i.HAL_ADC_MspInit   stm32g4xx_hal_msp.o
    0x08001e48   0x08001e48   0x00000034   Code   RO         3984    i.HAL_CORDIC_Init   stm32g4xx_hal_cordic.o
    0x08001e7c   0x08001e7c   0x0000002c   Code   RO         2060    i.HAL_CORDIC_MspInit  stm32g4xx_hal_msp.o
    0x08001ea8   0x08001ea8   0x000001dc   Code   RO         4090    i.HAL_DAC_ConfigChannel  stm32g4xx_hal_dac.o
    0x08002084   0x08002084   0x00000028   Code   RO         4100    i.HAL_DAC_Init      stm32g4xx_hal_dac.o
    0x080020ac   0x080020ac   0x0000005c   Code   RO         2062    i.HAL_DAC_MspInit   stm32g4xx_hal_msp.o
    0x08002108   0x08002108   0x00000128   Code   RO         3354    i.HAL_DMA_Init      stm32g4xx_hal_dma.o
    0x08002230   0x08002230   0x00000028   Code   RO         2544    i.HAL_Delay         stm32g4xx_hal.o
    0x08002258   0x08002258   0x000001e4   Code   RO         3213    i.HAL_GPIO_Init     stm32g4xx_hal_gpio.o
    0x0800243c   0x0800243c   0x0000000a   Code   RO         3217    i.HAL_GPIO_WritePin  stm32g4xx_hal_gpio.o
    0x08002446   0x08002446   0x00000002   PAD
    0x08002448   0x08002448   0x0000000c   Code   RO         2548    i.HAL_GetTick       stm32g4xx_hal.o
    0x08002454   0x08002454   0x00000010   Code   RO         2551    i.HAL_IncTick       stm32g4xx_hal.o
    0x08002464   0x08002464   0x0000001e   Code   RO         2552    i.HAL_Init          stm32g4xx_hal.o
    0x08002482   0x08002482   0x00000002   PAD
    0x08002484   0x08002484   0x00000044   Code   RO         2553    i.HAL_InitTick      stm32g4xx_hal.o
    0x080024c8   0x080024c8   0x00000038   Code   RO         2063    i.HAL_MspInit       stm32g4xx_hal_msp.o
    0x08002500   0x08002500   0x0000001e   Code   RO         3845    i.HAL_NVIC_EnableIRQ  stm32g4xx_hal_cortex.o
    0x0800251e   0x0800251e   0x00000002   PAD
    0x08002520   0x08002520   0x00000064   Code   RO         3851    i.HAL_NVIC_SetPriority  stm32g4xx_hal_cortex.o
    0x08002584   0x08002584   0x00000024   Code   RO         3852    i.HAL_NVIC_SetPriorityGrouping  stm32g4xx_hal_cortex.o
    0x080025a8   0x080025a8   0x000000c0   Code   RO         3601    i.HAL_PWREx_ControlVoltageScaling  stm32g4xx_hal_pwr_ex.o
    0x08002668   0x08002668   0x00000010   Code   RO         3613    i.HAL_PWREx_DisableUCPDDeadBattery  stm32g4xx_hal_pwr_ex.o
    0x08002678   0x08002678   0x000002c4   Code   RO         2896    i.HAL_RCCEx_PeriphCLKConfig  stm32g4xx_hal_rcc_ex.o
    0x0800293c   0x0800293c   0x00000208   Code   RO         2772    i.HAL_RCC_ClockConfig  stm32g4xx_hal_rcc.o
    0x08002b44   0x08002b44   0x00000010   Code   RO         2775    i.HAL_RCC_EnableCSS  stm32g4xx_hal_rcc.o
    0x08002b54   0x08002b54   0x0000000c   Code   RO         2778    i.HAL_RCC_GetHCLKFreq  stm32g4xx_hal_rcc.o
    0x08002b60   0x08002b60   0x00000024   Code   RO         2780    i.HAL_RCC_GetPCLK1Freq  stm32g4xx_hal_rcc.o
    0x08002b84   0x08002b84   0x00000024   Code   RO         2781    i.HAL_RCC_GetPCLK2Freq  stm32g4xx_hal_rcc.o
    0x08002ba8   0x08002ba8   0x00000070   Code   RO         2782    i.HAL_RCC_GetSysClockFreq  stm32g4xx_hal_rcc.o
    0x08002c18   0x08002c18   0x000004ca   Code   RO         2785    i.HAL_RCC_OscConfig  stm32g4xx_hal_rcc.o
    0x080030e2   0x080030e2   0x00000002   Code   RO         3855    i.HAL_SYSTICK_Callback  stm32g4xx_hal_cortex.o
    0x080030e4   0x080030e4   0x0000002c   Code   RO         3856    i.HAL_SYSTICK_Config  stm32g4xx_hal_cortex.o
    0x08003110   0x08003110   0x00000008   Code   RO         3857    i.HAL_SYSTICK_IRQHandler  stm32g4xx_hal_cortex.o
    0x08003118   0x08003118   0x000000bc   Code   RO         5049    i.HAL_TIMEx_ConfigBreakDeadTime  stm32g4xx_hal_tim_ex.o
    0x080031d4   0x080031d4   0x000000f0   Code   RO         5050    i.HAL_TIMEx_ConfigBreakInput  stm32g4xx_hal_tim_ex.o
    0x080032c4   0x080032c4   0x00000098   Code   RO         5086    i.HAL_TIMEx_MasterConfigSynchronization  stm32g4xx_hal_tim_ex.o
    0x0800335c   0x0800335c   0x00000062   Code   RO         4377    i.HAL_TIM_Base_Init  stm32g4xx_hal_tim.o
    0x080033be   0x080033be   0x00000002   PAD
    0x080033c0   0x080033c0   0x00000068   Code   RO         2065    i.HAL_TIM_Base_MspInit  stm32g4xx_hal_msp.o
    0x08003428   0x08003428   0x00000058   Code   RO         2066    i.HAL_TIM_MspPostInit  stm32g4xx_hal_msp.o
    0x08003480   0x08003480   0x00000364   Code   RO         4449    i.HAL_TIM_PWM_ConfigChannel  stm32g4xx_hal_tim.o
    0x080037e4   0x080037e4   0x00000062   Code   RO         4452    i.HAL_TIM_PWM_Init  stm32g4xx_hal_tim.o
    0x08003846   0x08003846   0x00000002   Code   RO         4454    i.HAL_TIM_PWM_MspInit  stm32g4xx_hal_tim.o
    0x08003848   0x08003848   0x00000056   Code   RO         4466    i.HAL_TIM_SlaveConfigSynchro  stm32g4xx_hal_tim.o
    0x0800389e   0x0800389e   0x0000003e   Code   RO         5876    i.HAL_UARTEx_DisableFifoMode  stm32g4xx_hal_uart_ex.o
    0x080038dc   0x080038dc   0x0000008c   Code   RO         5884    i.HAL_UARTEx_SetRxFifoThreshold  stm32g4xx_hal_uart_ex.o
    0x08003968   0x08003968   0x0000008c   Code   RO         5885    i.HAL_UARTEx_SetTxFifoThreshold  stm32g4xx_hal_uart_ex.o
    0x080039f4   0x080039f4   0x0000006e   Code   RO         5497    i.HAL_UART_Init     stm32g4xx_hal_uart.o
    0x08003a62   0x08003a62   0x00000002   PAD
    0x08003a64   0x08003a64   0x000000e8   Code   RO         2068    i.HAL_UART_MspInit  stm32g4xx_hal_msp.o
    0x08003b4c   0x08003b4c   0x00000006   Code   RO         1573    i.HardFault_Handler  stm32g4xx_mc_it.o
    0x08003b52   0x08003b52   0x00000002   PAD
    0x08003b54   0x08003b54   0x00000074   Code   RO         7243    i.LL_TIM_OC_EnablePreload  r3_2_g4xx_pwm_curr_fdbk.o
    0x08003bc8   0x08003bc8   0x00000080   Code   RO         7244    i.LL_TIM_OC_SetMode  r3_2_g4xx_pwm_curr_fdbk.o
    0x08003c48   0x08003c48   0x00000010   Code   RO         1240    i.MCI_Clear_Iqdref  mc_interface.o
    0x08003c58   0x08003c58   0x00000072   Code   RO         1241    i.MCI_ExecBufferedCommands  mc_interface.o
    0x08003cca   0x08003cca   0x0000000e   Code   RO         1242    i.MCI_ExecSpeedRamp  mc_interface.o
    0x08003cd8   0x08003cd8   0x00000012   Code   RO         1244    i.MCI_ExecTorqueRamp  mc_interface.o
    0x08003cea   0x08003cea   0x00000024   Code   RO         1246    i.MCI_FaultAcknowledged  mc_interface.o
    0x08003d0e   0x08003d0e   0x00000012   Code   RO         1247    i.MCI_FaultProcessing  mc_interface.o
    0x08003d20   0x08003d20   0x00000010   Code   RO         1248    i.MCI_GetAvrgMecSpeedUnit  mc_interface.o
    0x08003d30   0x08003d30   0x00000004   Code   RO         1251    i.MCI_GetControlMode  mc_interface.o
    0x08003d34   0x08003d34   0x00000004   Code   RO         1252    i.MCI_GetCurrentFaults  mc_interface.o
    0x08003d38   0x08003d38   0x0000000a   Code   RO         1254    i.MCI_GetFaultState  mc_interface.o
    0x08003d42   0x08003d42   0x00000006   Code   RO         1255    i.MCI_GetIab        mc_interface.o
    0x08003d48   0x08003d48   0x00000006   Code   RO         1257    i.MCI_GetIalphabeta  mc_interface.o
    0x08003d4e   0x08003d4e   0x00000036   Code   RO         1258    i.MCI_GetImposedMotorDirection  mc_interface.o
    0x08003d84   0x08003d84   0x00000006   Code   RO         1259    i.MCI_GetIqd        mc_interface.o
    0x08003d8a   0x08003d8a   0x00000006   Code   RO         1262    i.MCI_GetIqdref     mc_interface.o
    0x08003d90   0x08003d90   0x00000004   Code   RO         1264    i.MCI_GetLastRampFinalDuration  mc_interface.o
    0x08003d94   0x08003d94   0x00000006   Code   RO         1265    i.MCI_GetLastRampFinalSpeed  mc_interface.o
    0x08003d9a   0x08003d9a   0x00000006   Code   RO         1267    i.MCI_GetLastRampFinalTorque  mc_interface.o
    0x08003da0   0x08003da0   0x00000006   Code   RO         1268    i.MCI_GetMecSpeedRefUnit  mc_interface.o
    0x08003da6   0x08003da6   0x00000004   Code   RO         1270    i.MCI_GetOccurredFaults  mc_interface.o
    0x08003daa   0x08003daa   0x00000004   Code   RO         1273    i.MCI_GetSTMState   mc_interface.o
    0x08003dae   0x08003dae   0x00000008   Code   RO         1275    i.MCI_GetTeref      mc_interface.o
    0x08003db6   0x08003db6   0x00000008   Code   RO         1277    i.MCI_GetValphabeta  mc_interface.o
    0x08003dbe   0x08003dbe   0x00000008   Code   RO         1278    i.MCI_GetVqd        mc_interface.o
    0x08003dc6   0x08003dc6   0x0000001c   Code   RO         1279    i.MCI_Init          mc_interface.o
    0x08003de2   0x08003de2   0x00000014   Code   RO         1283    i.MCI_SetCurrentReferences  mc_interface.o
    0x08003df6   0x08003df6   0x00000026   Code   RO         1285    i.MCI_StartMotor    mc_interface.o
    0x08003e1c   0x08003e1c   0x00000030   Code   RO         1288    i.MCI_StopMotor     mc_interface.o
    0x08003e4c   0x08003e4c   0x00000006   Code   RO         1289    i.MCI_StopRamp      mc_interface.o
    0x08003e52   0x08003e52   0x00000002   PAD
    0x08003e54   0x08003e54   0x0000004c   Code   RO         1183    i.MCM_Clarke        mc_math.o
    0x08003ea0   0x08003ea0   0x00000084   Code   RO         1184    i.MCM_Park          mc_math.o
    0x08003f24   0x08003f24   0x00000036   Code   RO         1185    i.MCM_Rev_Park      mc_math.o
    0x08003f5a   0x08003f5a   0x00000002   PAD
    0x08003f5c   0x08003f5c   0x00000020   Code   RO         1186    i.MCM_Sqrt          mc_math.o
    0x08003f7c   0x08003f7c   0x0000001c   Code   RO         1187    i.MCM_Trig_Functions  mc_math.o
    0x08003f98   0x08003f98   0x000000ee   Code   RO         7476    i.MCPA_cfgLog       mcpa.o
    0x08004086   0x08004086   0x00000002   PAD
    0x08004088   0x08004088   0x000001a4   Code   RO         7477    i.MCPA_dataLog      mcpa.o
    0x0800422c   0x0800422c   0x0000007c   Code   RO         7478    i.MCPA_flushDataLog  mcpa.o
    0x080042a8   0x080042a8   0x00000124   Code   RO         7446    i.MCP_ReceivedPacket  mcp.o
    0x080043cc   0x080043cc   0x0000000c   Code   RO          387    i.MC_GetSTMStateMotor1  mc_api.o
    0x080043d8   0x080043d8   0x0000001c   Code   RO          744    i.MC_RunMotorControlTasks  mc_tasks.o
    0x080043f4   0x080043f4   0x00000074   Code   RO          745    i.MC_Scheduler      mc_tasks.o
    0x08004468   0x08004468   0x0000000c   Code   RO          401    i.MC_StartMotor1    mc_api.o
    0x08004474   0x08004474   0x0000000c   Code   RO          403    i.MC_StopMotor1     mc_api.o
    0x08004480   0x08004480   0x0000012c   Code   RO          746    i.MCboot            mc_tasks.o
    0x080045ac   0x080045ac   0x00000046   Code   RO         6120    i.MPM_CalcElMotorPower  motor_power_measurement.o
    0x080045f2   0x080045f2   0x0000001a   Code   RO         6121    i.MPM_Clear         motor_power_measurement.o
    0x0800460c   0x0800460c   0x00000006   Code   RO         6122    i.MPM_GetAvrgElMotorPowerW  motor_power_measurement.o
    0x08004612   0x08004612   0x00000002   PAD
    0x08004614   0x08004614   0x00000034   Code   RO          327    i.MX_MotorControl_Init  motorcontrol.o
    0x08004648   0x08004648   0x0000003a   Code   RO         6162    i.NTC_CalcAvTemp    ntc_temperature_sensor.o
    0x08004682   0x08004682   0x00000006   Code   RO         6164    i.NTC_Clear         ntc_temperature_sensor.o
    0x08004688   0x08004688   0x00000022   Code   RO         6165    i.NTC_GetAvTemp_C   ntc_temperature_sensor.o
    0x080046aa   0x080046aa   0x00000024   Code   RO         6167    i.NTC_Init          ntc_temperature_sensor.o
    0x080046ce   0x080046ce   0x00000018   Code   RO         6168    i.NTC_SetFaultState  ntc_temperature_sensor.o
    0x080046e6   0x080046e6   0x00000006   Code   RO         6276    i.PID_GetKD         pid_regulator.o
    0x080046ec   0x080046ec   0x00000004   Code   RO         6278    i.PID_GetKDDivisorPOW2  pid_regulator.o
    0x080046f0   0x080046f0   0x00000006   Code   RO         6279    i.PID_GetKI         pid_regulator.o
    0x080046f6   0x080046f6   0x00000004   Code   RO         6280    i.PID_GetKIDivisor  pid_regulator.o
    0x080046fa   0x080046fa   0x00000004   Code   RO         6281    i.PID_GetKIDivisorPOW2  pid_regulator.o
    0x080046fe   0x080046fe   0x00000006   Code   RO         6282    i.PID_GetKP         pid_regulator.o
    0x08004704   0x08004704   0x00000004   Code   RO         6284    i.PID_GetKPDivisorPOW2  pid_regulator.o
    0x08004708   0x08004708   0x00000014   Code   RO         6285    i.PID_HandleInit    pid_regulator.o
    0x0800471c   0x0800471c   0x00000004   Code   RO         6286    i.PID_SetIntegralTerm  pid_regulator.o
    0x08004720   0x08004720   0x00000004   Code   RO         6287    i.PID_SetKD         pid_regulator.o
    0x08004724   0x08004724   0x0000000c   Code   RO         6288    i.PID_SetKDDivisorPOW2  pid_regulator.o
    0x08004730   0x08004730   0x00000004   Code   RO         6289    i.PID_SetKI         pid_regulator.o
    0x08004734   0x08004734   0x00000024   Code   RO         6290    i.PID_SetKIDivisorPOW2  pid_regulator.o
    0x08004758   0x08004758   0x00000004   Code   RO         6291    i.PID_SetKP         pid_regulator.o
    0x0800475c   0x0800475c   0x0000000c   Code   RO         6292    i.PID_SetKPDivisorPOW2  pid_regulator.o
    0x08004768   0x08004768   0x00000004   Code   RO         6293    i.PID_SetLowerIntegralTermLimit  pid_regulator.o
    0x0800476c   0x0800476c   0x00000004   Code   RO         6296    i.PID_SetUpperIntegralTermLimit  pid_regulator.o
    0x08004770   0x08004770   0x00000080   Code   RO         6298    i.PI_Controller     pid_regulator.o
    0x080047f0   0x080047f0   0x00000060   Code   RO         6447    i.PQD_CalcElMotorPower  pqd_motor_power_measurement.o
    0x08004850   0x08004850   0x00000004   Code   RO          890    i.PWMC_CheckOverCurrent  pwm_curr_fdbk.o
    0x08004854   0x08004854   0x00000042   Code   RO          892    i.PWMC_CurrentReadingCalibr  pwm_curr_fdbk.o
    0x08004896   0x08004896   0x00000004   Code   RO          897    i.PWMC_GetPhaseCurrents  pwm_curr_fdbk.o
    0x0800489a   0x0800489a   0x0000020e   Code   RO          917    i.PWMC_SetPhaseVoltage  pwm_curr_fdbk.o
    0x08004aa8   0x08004aa8   0x00000004   Code   RO          918    i.PWMC_SwitchOffPWM  pwm_curr_fdbk.o
    0x08004aac   0x08004aac   0x00000004   Code   RO          919    i.PWMC_SwitchOnPWM  pwm_curr_fdbk.o
    0x08004ab0   0x08004ab0   0x000000f8   Code   RO         7245    i.R3_2_ADCxInit     r3_2_g4xx_pwm_curr_fdbk.o
    0x08004ba8   0x08004ba8   0x00000042   Code   RO         7246    i.R3_2_BRK2_IRQHandler  r3_2_g4xx_pwm_curr_fdbk.o
    0x08004bea   0x08004bea   0x00000022   Code   RO         7247    i.R3_2_BRK_IRQHandler  r3_2_g4xx_pwm_curr_fdbk.o
    0x08004c0c   0x08004c0c   0x000001d4   Code   RO         7248    i.R3_2_CurrentReadingPolarization  r3_2_g4xx_pwm_curr_fdbk.o
    0x08004de0   0x08004de0   0x00000010   Code   RO         7249    i.R3_2_GetOffsetCalib  r3_2_g4xx_pwm_curr_fdbk.o
    0x08004df0   0x08004df0   0x00000128   Code   RO         7250    i.R3_2_GetPhaseCurrents  r3_2_g4xx_pwm_curr_fdbk.o
    0x08004f18   0x08004f18   0x00000060   Code   RO         7252    i.R3_2_HFCurrentsPolarizationAB  r3_2_g4xx_pwm_curr_fdbk.o
    0x08004f78   0x08004f78   0x00000054   Code   RO         7253    i.R3_2_HFCurrentsPolarizationC  r3_2_g4xx_pwm_curr_fdbk.o
    0x08004fcc   0x08004fcc   0x000002a8   Code   RO         7254    i.R3_2_Init         r3_2_g4xx_pwm_curr_fdbk.o
    0x08005274   0x08005274   0x00000026   Code   RO         7255    i.R3_2_IsOverCurrentOccurred  r3_2_g4xx_pwm_curr_fdbk.o
    0x0800529a   0x0800529a   0x00000002   PAD
    0x0800529c   0x0800529c   0x000000f4   Code   RO         7256    i.R3_2_RLDetectionModeDisable  r3_2_g4xx_pwm_curr_fdbk.o
    0x08005390   0x08005390   0x000000c0   Code   RO         7257    i.R3_2_RLDetectionModeEnable  r3_2_g4xx_pwm_curr_fdbk.o
    0x08005450   0x08005450   0x00000080   Code   RO         7258    i.R3_2_RLDetectionModeSetDuty  r3_2_g4xx_pwm_curr_fdbk.o
    0x080054d0   0x080054d0   0x00000050   Code   RO         7259    i.R3_2_RLGetPhaseCurrents  r3_2_g4xx_pwm_curr_fdbk.o
    0x08005520   0x08005520   0x000000d2   Code   RO         7260    i.R3_2_RLSwitchOnPWM  r3_2_g4xx_pwm_curr_fdbk.o
    0x080055f2   0x080055f2   0x00000054   Code   RO         7261    i.R3_2_RLTurnOnLowSides  r3_2_g4xx_pwm_curr_fdbk.o
    0x08005646   0x08005646   0x00000002   PAD
    0x08005648   0x08005648   0x0000003c   Code   RO         7262    i.R3_2_SetADCSampPointPolarization  r3_2_g4xx_pwm_curr_fdbk.o
    0x08005684   0x08005684   0x00000088   Code   RO         7263    i.R3_2_SetADCSampPointSectX  r3_2_g4xx_pwm_curr_fdbk.o
    0x0800570c   0x0800570c   0x000000fc   Code   RO         7265    i.R3_2_SetAOReferenceVoltage  r3_2_g4xx_pwm_curr_fdbk.o
    0x08005808   0x08005808   0x00000016   Code   RO         7266    i.R3_2_SetOffsetCalib  r3_2_g4xx_pwm_curr_fdbk.o
    0x0800581e   0x0800581e   0x00000078   Code   RO         7267    i.R3_2_SwitchOffPWM  r3_2_g4xx_pwm_curr_fdbk.o
    0x08005896   0x08005896   0x000000c8   Code   RO         7268    i.R3_2_SwitchOnPWM  r3_2_g4xx_pwm_curr_fdbk.o
    0x0800595e   0x0800595e   0x00000098   Code   RO         7269    i.R3_2_TIMx_UP_IRQHandler  r3_2_g4xx_pwm_curr_fdbk.o
    0x080059f6   0x080059f6   0x00000060   Code   RO         7270    i.R3_2_TurnOnLowSides  r3_2_g4xx_pwm_curr_fdbk.o
    0x08005a56   0x08005a56   0x00000002   PAD
    0x08005a58   0x08005a58   0x00000098   Code   RO         1099    i.RCM_ExecNextConv  regular_conversion_manager.o
    0x08005af0   0x08005af0   0x00000144   Code   RO         1100    i.RCM_ExecRegularConv  regular_conversion_manager.o
    0x08005c34   0x08005c34   0x00000058   Code   RO         1101    i.RCM_ExecUserConv  regular_conversion_manager.o
    0x08005c8c   0x08005c8c   0x0000004c   Code   RO         1105    i.RCM_ReadOngoingConv  regular_conversion_manager.o
    0x08005cd8   0x08005cd8   0x00000130   Code   RO         1106    i.RCM_RegisterRegConv  regular_conversion_manager.o
    0x08005e08   0x08005e08   0x0000002c   Code   RO         6555    i.REMNG_Calc        ramp_ext_mngr.o
    0x08005e34   0x08005e34   0x00000082   Code   RO         6556    i.REMNG_ExecRamp    ramp_ext_mngr.o
    0x08005eb6   0x08005eb6   0x00000010   Code   RO         6558    i.REMNG_Init        ramp_ext_mngr.o
    0x08005ec6   0x08005ec6   0x0000000e   Code   RO         6559    i.REMNG_RampCompleted  ramp_ext_mngr.o
    0x08005ed4   0x08005ed4   0x00000020   Code   RO         1678    i.RI_GetIDSize      register_interface.o
    0x08005ef4   0x08005ef4   0x000000ec   Code   RO         1679    i.RI_GetPtrReg      register_interface.o
    0x08005fe0   0x08005fe0   0x000007e8   Code   RO         1680    i.RI_GetRegCommandParser  register_interface.o
    0x080067c8   0x080067c8   0x00000650   Code   RO         1681    i.RI_SetRegCommandParser  register_interface.o
    0x08006e18   0x08006e18   0x00000088   Code   RO         6615    i.RUC_Clear         revup_ctrl.o
    0x08006ea0   0x08006ea0   0x0000006a   Code   RO         6617    i.RUC_Exec          revup_ctrl.o
    0x08006f0a   0x08006f0a   0x00000014   Code   RO         6618    i.RUC_FirstAccelerationStageReached  revup_ctrl.o
    0x08006f1e   0x08006f1e   0x00000006   Code   RO         6619    i.RUC_GetNumberOfPhases  revup_ctrl.o
    0x08006f24   0x08006f24   0x0000001a   Code   RO         6620    i.RUC_GetPhase      revup_ctrl.o
    0x08006f3e   0x08006f3e   0x00000060   Code   RO         6626    i.RUC_Init          revup_ctrl.o
    0x08006f9e   0x08006f9e   0x0000001e   Code   RO         6629    i.RUC_SetPhase      revup_ctrl.o
    0x08006fbc   0x08006fbc   0x00000066   Code   RO         6507    i.RVBS_CalcAvVbus   r_divider_bus_voltage_sensor.o
    0x08007022   0x08007022   0x00000018   Code   RO         6509    i.RVBS_CheckFaultState  r_divider_bus_voltage_sensor.o
    0x0800703a   0x0800703a   0x0000002c   Code   RO         6510    i.RVBS_Clear        r_divider_bus_voltage_sensor.o
    0x08007066   0x08007066   0x00000016   Code   RO         6511    i.RVBS_Init         r_divider_bus_voltage_sensor.o
    0x0800707c   0x0800707c   0x00000006   Code   RO         6748    i.SPD_GetAvrgMecSpeedUnit  speed_pos_fdbk.o
    0x08007082   0x08007082   0x00000006   Code   RO         6749    i.SPD_GetElAngle    speed_pos_fdbk.o
    0x08007088   0x08007088   0x00000006   Code   RO         6752    i.SPD_GetInstElSpeedDpp  speed_pos_fdbk.o
    0x0800708e   0x0800708e   0x00000014   Code   RO         6754    i.SPD_GetS16Speed   speed_pos_fdbk.o
    0x080070a2   0x080070a2   0x00000060   Code   RO         6755    i.SPD_IsMecSpeedReliable  speed_pos_fdbk.o
    0x08007102   0x08007102   0x00000050   Code   RO         6825    i.STC_CalcTorqueReference  speed_torq_ctrl.o
    0x08007152   0x08007152   0x00000010   Code   RO         6826    i.STC_Clear         speed_torq_ctrl.o
    0x08007162   0x08007162   0x0000008c   Code   RO         6827    i.STC_ExecRamp      speed_torq_ctrl.o
    0x080071ee   0x080071ee   0x00000010   Code   RO         6828    i.STC_ForceSpeedReferenceToCurrentSpeed  speed_torq_ctrl.o
    0x080071fe   0x080071fe   0x00000010   Code   RO         6830    i.STC_GetDefaultIqdref  speed_torq_ctrl.o
    0x0800720e   0x0800720e   0x00000006   Code   RO         6832    i.STC_GetMecSpeedRefUnit  speed_torq_ctrl.o
    0x08007214   0x08007214   0x00000006   Code   RO         6833    i.STC_GetMecSpeedRefUnitDefault  speed_torq_ctrl.o
    0x0800721a   0x0800721a   0x00000004   Code   RO         6835    i.STC_GetSpeedSensor  speed_torq_ctrl.o
    0x0800721e   0x0800721e   0x00000006   Code   RO         6836    i.STC_GetTorqueRef  speed_torq_ctrl.o
    0x08007224   0x08007224   0x00000020   Code   RO         6837    i.STC_Init          speed_torq_ctrl.o
    0x08007244   0x08007244   0x00000008   Code   RO         6839    i.STC_SetControlMode  speed_torq_ctrl.o
    0x0800724c   0x0800724c   0x00000004   Code   RO         6841    i.STC_SetSpeedSensor  speed_torq_ctrl.o
    0x08007250   0x08007250   0x00000008   Code   RO         6842    i.STC_StopRamp      speed_torq_ctrl.o
    0x08007258   0x08007258   0x0000000a   Code   RO         6959    i.STO_OTF_ResetPLL  sto_pll_speed_pos_fdbk.o
    0x08007262   0x08007262   0x0000004e   Code   RO         6961    i.STO_PLL_CalcAvrgElSpeedDpp  sto_pll_speed_pos_fdbk.o
    0x080072b0   0x080072b0   0x0000002a   Code   RO         6962    i.STO_PLL_CalcAvrgMecSpeedUnit  sto_pll_speed_pos_fdbk.o
    0x080072da   0x080072da   0x00000002   PAD
    0x080072dc   0x080072dc   0x000001f6   Code   RO         6963    i.STO_PLL_CalcElAngle  sto_pll_speed_pos_fdbk.o
    0x080074d2   0x080074d2   0x0000007c   Code   RO         6964    i.STO_PLL_Clear     sto_pll_speed_pos_fdbk.o
    0x0800754e   0x0800754e   0x0000000a   Code   RO         6965    i.STO_PLL_ForceConvergency1  sto_pll_speed_pos_fdbk.o
    0x08007558   0x08007558   0x0000000a   Code   RO         6966    i.STO_PLL_ForceConvergency2  sto_pll_speed_pos_fdbk.o
    0x08007562   0x08007562   0x00000014   Code   RO         6967    i.STO_PLL_GetEstimatedBemf  sto_pll_speed_pos_fdbk.o
    0x08007576   0x08007576   0x00000006   Code   RO         6968    i.STO_PLL_GetEstimatedBemfLevel  sto_pll_speed_pos_fdbk.o
    0x0800757c   0x0800757c   0x00000018   Code   RO         6969    i.STO_PLL_GetEstimatedCurrent  sto_pll_speed_pos_fdbk.o
    0x08007594   0x08007594   0x00000006   Code   RO         6970    i.STO_PLL_GetObservedBemfLevel  sto_pll_speed_pos_fdbk.o
    0x0800759a   0x0800759a   0x0000000a   Code   RO         6971    i.STO_PLL_GetObserverGains  sto_pll_speed_pos_fdbk.o
    0x080075a4   0x080075a4   0x00000060   Code   RO         6972    i.STO_PLL_Init      sto_pll_speed_pos_fdbk.o
    0x08007604   0x08007604   0x000000a8   Code   RO         6974    i.STO_PLL_IsObserverConverged  sto_pll_speed_pos_fdbk.o
    0x080076ac   0x080076ac   0x00000008   Code   RO         6975    i.STO_PLL_IsVarianceTight  sto_pll_speed_pos_fdbk.o
    0x080076b4   0x080076b4   0x00000006   Code   RO         6978    i.STO_PLL_SetObserverGains  sto_pll_speed_pos_fdbk.o
    0x080076ba   0x080076ba   0x00000008   Code   RO         6979    i.STO_ResetPLL      sto_pll_speed_pos_fdbk.o
    0x080076c2   0x080076c2   0x00000002   PAD
    0x080076c4   0x080076c4   0x00000028   Code   RO         1574    i.SysTick_Handler   stm32g4xx_mc_it.o
    0x080076ec   0x080076ec   0x00000010   Code   RO         5984    i.SystemInit        system_stm32g4xx.o
    0x080076fc   0x080076fc   0x00000044   Code   RO         1575    i.TIM1_BRK_TIM15_IRQHandler  stm32g4xx_mc_it.o
    0x08007740   0x08007740   0x00000018   Code   RO         1576    i.TIM1_UP_TIM16_IRQHandler  stm32g4xx_mc_it.o
    0x08007758   0x08007758   0x000000b4   Code   RO         4470    i.TIM_Base_SetConfig  stm32g4xx_hal_tim.o
    0x0800780c   0x0800780c   0x00000090   Code   RO         4482    i.TIM_OC2_SetConfig  stm32g4xx_hal_tim.o
    0x0800789c   0x0800789c   0x00000138   Code   RO         4483    i.TIM_SlaveTimer_SetConfig  stm32g4xx_hal_tim.o
    0x080079d4   0x080079d4   0x00000014   Code   RO          747    i.TSK_ChargeBootCapDelayHasElapsedM1  mc_tasks.o
    0x080079e8   0x080079e8   0x00000020   Code   RO          748    i.TSK_HardwareFaultTask  mc_tasks.o
    0x08007a08   0x08007a08   0x00000190   Code   RO          749    i.TSK_HighFrequencyTask  mc_tasks.o
    0x08007b98   0x08007b98   0x00000338   Code   RO          751    i.TSK_MediumFrequencyTaskM1  mc_tasks.o
    0x08007ed0   0x08007ed0   0x00000020   Code   RO          752    i.TSK_SafetyTask    mc_tasks.o
    0x08007ef0   0x08007ef0   0x0000009c   Code   RO          753    i.TSK_SafetyTask_PWMOFF  mc_tasks.o
    0x08007f8c   0x08007f8c   0x0000000c   Code   RO          754    i.TSK_SetChargeBootCapDelayM1  mc_tasks.o
    0x08007f98   0x08007f98   0x0000000c   Code   RO          755    i.TSK_SetStopPermanencyTimeM1  mc_tasks.o
    0x08007fa4   0x08007fa4   0x00000014   Code   RO          756    i.TSK_StopPermanencyTimeHasElapsedM1  mc_tasks.o
    0x08007fb8   0x08007fb8   0x000000da   Code   RO         5511    i.UART_AdvFeatureConfig  stm32g4xx_hal_uart.o
    0x08008092   0x08008092   0x00000064   Code   RO         5512    i.UART_CheckIdleState  stm32g4xx_hal_uart.o
    0x080080f6   0x080080f6   0x00000002   PAD
    0x080080f8   0x080080f8   0x00000284   Code   RO         5527    i.UART_SetConfig    stm32g4xx_hal_uart.o
    0x0800837c   0x0800837c   0x000000e4   Code   RO         5534    i.UART_WaitOnFlagUntilTimeout  stm32g4xx_hal_uart.o
    0x08008460   0x08008460   0x0000001a   Code   RO         1806    i.UASPEP_IDLE_ENABLE  usart_aspep_driver.o
    0x0800847a   0x0800847a   0x00000002   PAD
    0x0800847c   0x0800847c   0x000000ac   Code   RO         1807    i.UASPEP_INIT       usart_aspep_driver.o
    0x08008528   0x08008528   0x00000050   Code   RO         1808    i.UASPEP_RECEIVE_BUFFER  usart_aspep_driver.o
    0x08008578   0x08008578   0x00000050   Code   RO         1809    i.UASPEP_SEND_PACKET  usart_aspep_driver.o
    0x080085c8   0x080085c8   0x00000018   Code   RO          757    i.UI_HandleStartStopButton_cb  mc_tasks.o
    0x080085e0   0x080085e0   0x00000104   Code   RO         1577    i.USART2_IRQHandler  stm32g4xx_mc_it.o
    0x080086e4   0x080086e4   0x0000000a   Code   RO         6022    i.VBS_GetAvBusVoltage_V  bus_voltage_sensor.o
    0x080086ee   0x080086ee   0x00000004   Code   RO         6023    i.VBS_GetAvBusVoltage_d  bus_voltage_sensor.o
    0x080086f2   0x080086f2   0x00000082   Code   RO         7147    i.VSS_CalcAvrgMecSpeedUnit  virtual_speed_sensor.o
    0x08008774   0x08008774   0x0000009e   Code   RO         7148    i.VSS_CalcElAngle   virtual_speed_sensor.o
    0x08008812   0x08008812   0x0000002c   Code   RO         7149    i.VSS_Clear         virtual_speed_sensor.o
    0x0800883e   0x0800883e   0x00000008   Code   RO         7151    i.VSS_Init          virtual_speed_sensor.o
    0x08008846   0x08008846   0x0000008c   Code   RO         7156    i.VSS_SetMecAcceleration  virtual_speed_sensor.o
    0x080088d2   0x080088d2   0x0000000e   Code   RO         7157    i.VSS_SetMecAngle   virtual_speed_sensor.o
    0x080088e0   0x080088e0   0x0000001c   Code   RO         7158    i.VSS_SetStartTransition  virtual_speed_sensor.o
    0x080088fc   0x080088fc   0x00000006   Code   RO         7159    i.VSS_TransitionEnded  virtual_speed_sensor.o
    0x08008902   0x08008902   0x0000007a   Code   RO         7601    i.__hardfp_sqrt     m_wm.l(sqrt.o)
    0x0800897c   0x0800897c   0x00000028   Code   RO         6561    i.getScalingFactor  ramp_ext_mngr.o
    0x080089a4   0x080089a4   0x000005a0   Code   RO           15    i.main              main.o
    0x08008f44   0x08008f44   0x000000f0   Code   RO          758    i.mc_lock_pins      mc_tasks.o
    0x08009034   0x08009034   0x0000006c   Code   RO         6471    i.startTimers       pwm_common.o
    0x080090a0   0x080090a0   0x00000048   Code   RO         6472    i.waitForPolarizationEnd  pwm_common.o
    0x080090e8   0x080090e8   0x0000005e   Code   RO         7587    x$fpl$dfix          fz_wm.l(dfix.o)
    0x08009146   0x08009146   0x0000002e   Code   RO         7592    x$fpl$dflt          fz_wm.l(dflt_clz.o)
    0x08009174   0x08009174   0x0000009c   Code   RO         7702    x$fpl$dnaninf       fz_wm.l(dnaninf.o)
    0x08009210   0x08009210   0x00000198   Code   RO         7706    x$fpl$dsqrt         fz_wm.l(dsqrt_umaal.o)
    0x080093a8   0x080093a8   0x0000000a   Code   RO         7759    x$fpl$fpinit        fz_wm.l(fpinit.o)
    0x080093b2   0x080093b2   0x00000000   Code   RO         7712    x$fpl$usenofp       fz_wm.l(usenofp.o)
    0x080093b2   0x080093b2   0x00000002   PAD
    0x080093b4   0x080093b4   0x00000002   Data   RO          760    .constdata          mc_tasks.o
    0x080093b6   0x080093b6   0x00000006   Data   RO         1578    .constdata          stm32g4xx_mc_it.o
    0x080093bc   0x080093bc   0x000000cc   Data   RO         1654    .constdata          mc_parameters.o
    0x08009488   0x08009488   0x00000004   Data   RO         1682    .constdata          register_interface.o
    0x0800948c   0x0800948c   0x00000006   Data   RO         1810    .constdata          usart_aspep_driver.o
    0x08009492   0x08009492   0x00000010   Data   RO         1916    .constdata          mc_configuration_registers.o
    0x080094a2   0x080094a2   0x00000011   Data   RO         1917    .constdata          mc_configuration_registers.o
    0x080094b3   0x080094b3   0x00000018   Data   RO         1918    .constdata          mc_configuration_registers.o
    0x080094cb   0x080094cb   0x0000000a   Data   RO         1919    .constdata          mc_configuration_registers.o
    0x080094d5   0x080094d5   0x0000000e   Data   RO         1920    .constdata          mc_configuration_registers.o
    0x080094e3   0x080094e3   0x0000003c   Data   RO         1921    .constdata          mc_configuration_registers.o
    0x0800951f   0x0800951f   0x0000000e   Data   RO         1922    .constdata          mc_configuration_registers.o
    0x0800952d   0x0800952d   0x00000110   Data   RO         1962    .constdata          aspep.o
    0x0800963d   0x0800963d   0x00000001   PAD
    0x0800963e   0x0800963e   0x00000018   Data   RO         5535    .constdata          stm32g4xx_hal_uart.o
    0x08009656   0x08009656   0x00000010   Data   RO         5889    .constdata          stm32g4xx_hal_uart_ex.o
    0x08009666   0x08009666   0x00000010   Data   RO         5985    .constdata          system_stm32g4xx.o
    0x08009676   0x08009676   0x00000008   Data   RO         5986    .constdata          system_stm32g4xx.o
    0x0800967e   0x0800967e   0x00000014   Data   RO         7272    .constdata          r3_2_g4xx_pwm_curr_fdbk.o
    0x08009692   0x08009692   0x00000002   PAD
    0x08009694   0x08009694   0x00000020   Data   RO         7850    Region$$Table       anon$$obj.o


    Execution Region RW_IRAM1 (Exec base: 0x20000000, Load base: 0x080096b4, Size: 0x000022d8, Max: 0x00008000, ABSOLUTE, COMPRESSED[0x000001dc])

    Exec Addr    Load Addr    Size         Type   Attr      Idx    E Section Name        Object

    0x20000000   COMPRESSED   0x00000004   Data   RW          328    .data               motorcontrol.o
    0x20000004   COMPRESSED   0x00000114   Data   RW          654    .data               mc_config.o
    0x20000118   COMPRESSED   0x0000002c   Data   RW          655    .data               mc_config.o
    0x20000144   COMPRESSED   0x0000002c   Data   RW          656    .data               mc_config.o
    0x20000170   COMPRESSED   0x0000002c   Data   RW          657    .data               mc_config.o
    0x2000019c   COMPRESSED   0x00000034   Data   RW          658    .data               mc_config.o
    0x200001d0   COMPRESSED   0x00000078   Data   RW          659    .data               mc_config.o
    0x20000248   COMPRESSED   0x00000098   Data   RW          660    .data               mc_config.o
    0x200002e0   COMPRESSED   0x00000038   Data   RW          661    .data               mc_config.o
    0x20000318   COMPRESSED   0x00000128   Data   RW          662    .data               mc_config.o
    0x20000440   COMPRESSED   0x00000014   Data   RW          663    .data               mc_config.o
    0x20000454   COMPRESSED   0x00000028   Data   RW          664    .data               mc_config.o
    0x2000047c   COMPRESSED   0x00000028   Data   RW          665    .data               mc_config.o
    0x200004a4   COMPRESSED   0x00000018   Data   RW          666    .data               mc_config.o
    0x200004bc   COMPRESSED   0x000000b4   Data   RW          667    .data               mc_config.o
    0x20000570   COMPRESSED   0x00000004   Data   RW          668    .data               mc_config.o
    0x20000574   COMPRESSED   0x00000004   Data   RW          669    .data               mc_config.o
    0x20000578   COMPRESSED   0x00000004   Data   RW          670    .data               mc_config.o
    0x2000057c   COMPRESSED   0x00000004   Data   RW          671    .data               mc_config.o
    0x20000580   COMPRESSED   0x00000004   Data   RW          672    .data               mc_config.o
    0x20000584   COMPRESSED   0x00000014   Data   RW          709    .data               mcp_config.o
    0x20000598   COMPRESSED   0x00000074   Data   RW          710    .data               mcp_config.o
    0x2000060c   COMPRESSED   0x00000010   Data   RW          711    .data               mcp_config.o
    0x2000061c   COMPRESSED   0x0000002c   Data   RW          712    .data               mcp_config.o
    0x20000648   COMPRESSED   0x00000008   Data   RW          713    .data               mcp_config.o
    0x20000650   COMPRESSED   0x00000014   Data   RW          761    .data               mc_tasks.o
    0x20000664   COMPRESSED   0x00000006   Data   RW         1110    .data               regular_conversion_manager.o
    0x2000066a   COMPRESSED   0x00000001   Data   RW         1579    .data               stm32g4xx_mc_it.o
    0x2000066b   COMPRESSED   0x00000001   PAD
    0x2000066c   COMPRESSED   0x00000010   Data   RW         1683    .data               register_interface.o
    0x2000067c   COMPRESSED   0x00000004   Data   RW         1923    .data               mc_configuration_registers.o
    0x20000680   COMPRESSED   0x00000004   Data   RW         1924    .data               mc_configuration_registers.o
    0x20000684   COMPRESSED   0x00000004   Data   RW         1925    .data               mc_configuration_registers.o
    0x20000688   COMPRESSED   0x00000004   Data   RW         1926    .data               mc_configuration_registers.o
    0x2000068c   COMPRESSED   0x00000004   Data   RW         2069    .data               stm32g4xx_hal_msp.o
    0x20000690   COMPRESSED   0x0000000c   Data   RW         2572    .data               stm32g4xx_hal.o
    0x2000069c   COMPRESSED   0x00000004   Data   RW         5987    .data               system_stm32g4xx.o
    0x200006a0   COMPRESSED   0x00000004   Data   RW         7479    .data               mcpa.o
    0x200006a4        -       0x000001f0   Zero   RW           16    .bss                main.o
    0x20000894        -       0x00000060   Zero   RW           17    .bss                main.o
    0x200008f4        -       0x00000060   Zero   RW           18    .bss                main.o
    0x20000954        -       0x0000000c   Zero   RW          652    .bss                mc_config.o
    0x20000960        -       0x00000020   Zero   RW          653    .bss                mc_config.o
    0x20000980        -       0x00000106   Zero   RW          701    .bss                mcp_config.o
    0x20000a86        -       0x00000102   Zero   RW          702    .bss                mcp_config.o
    0x20000b88        -       0x00000806   Zero   RW          703    .bss                mcp_config.o
    0x2000138e        -       0x00000806   Zero   RW          704    .bss                mcp_config.o
    0x20001b94        -       0x00000028   Zero   RW          705    .bss                mcp_config.o
    0x20001bbc        -       0x00000028   Zero   RW          706    .bss                mcp_config.o
    0x20001be4        -       0x0000000a   Zero   RW          707    .bss                mcp_config.o
    0x20001bee        -       0x0000000a   Zero   RW          708    .bss                mcp_config.o
    0x20001bf8        -       0x00000026   Zero   RW          759    .bss                mc_tasks.o
    0x20001c1e   COMPRESSED   0x00000002   PAD
    0x20001c20        -       0x00000048   Zero   RW         1109    .bss                regular_conversion_manager.o
    0x20001c68        -       0x0000000c   Zero   RW         1869    .bss                dac_ui.o
    0x20001c74        -       0x00000060   Zero   RW         7716    .bss                c_w.l(libspace.o)
    0x20001cd4   COMPRESSED   0x00000004   PAD
    0x20001cd8        -       0x00000200   Zero   RW            2    HEAP                startup_stm32g431xx.o
    0x20001ed8        -       0x00000400   Zero   RW            1    STACK               startup_stm32g431xx.o


==============================================================================

Image component sizes


      Code (inc. data)   RO Data    RW Data    ZI Data      Debug   Object Name

      1366         14        272          0          0       8988   aspep.o
        14          0          0          0          0       1684   bus_voltage_sensor.o
        92          0          0          0          0       1608   circle_limitation.o
        92         12          0          0         12      18937   dac_ui.o
         0          0          0          0          0       4196   digital_output.o
      1444         80          0          0        688     733486   main.o
        36         12          0          0          0       1380   mc_api.o
         0          0          0       1408         44       1684   mc_config.o
         0          0        155         16          0       3678   mc_configuration_registers.o
       522          0          0          0          0      16417   mc_interface.o
       322         24          0          0          0       9219   mc_math.o
         0          0        204          0          0        208   mc_parameters.o
      2378        318          2         20         38      18408   mc_tasks.o
       292         10          0          0          0       1681   mcp.o
         0          0          0        204       4728       1739   mcp_config.o
       782          6          0          4          0       4936   mcpa.o
       102          0          0          0          0       2510   motor_power_measurement.o
        52          8          0          4          0       1010   motorcontrol.o
       158          0          0          0          0       3910   ntc_temperature_sensor.o
       266          6          0          0          0      12084   pid_regulator.o
        96          6          0          0          0       1227   pqd_motor_power_measurement.o
       180          8          0          0          0      52119   pwm_common.o
       608          0          0          0          0       4794   pwm_curr_fdbk.o
      4246        132         20          0          0     177719   r3_2_g4xx_pwm_curr_fdbk.o
       192          0          0          0          0       3566   r_divider_bus_voltage_sensor.o
       244          0          0          0          0       4368   ramp_ext_mngr.o
      3908        136          4         16          0      12416   register_interface.o
       944         82          0          6         72      71516   regular_conversion_manager.o
       420          0          0          0          0       5820   revup_ctrl.o
       134          0          0          0          0       4010   speed_pos_fdbk.o
       342          0          0          0          0       9413   speed_torq_ctrl.o
        64         26        472          0       1536        832   startup_stm32g431xx.o
       166         26          0         12          0       4241   stm32g4xx_hal.o
      1816         58          0          0          0      71379   stm32g4xx_hal_adc.o
      1748         52          0          0          0      70925   stm32g4xx_hal_adc_ex.o
        52          0          0          0          0       1206   stm32g4xx_hal_cordic.o
       220         16          0          0          0      34431   stm32g4xx_hal_cortex.o
       516         10          0          0          0       2563   stm32g4xx_hal_dac.o
       296         44          0          0          0       1607   stm32g4xx_hal_dma.o
       494         18          0          0          0       2036   stm32g4xx_hal_gpio.o
       976         64          0          4          0       5847   stm32g4xx_hal_msp.o
       208         16          0          0          0       1401   stm32g4xx_hal_pwr_ex.o
      1958         94          0          0          0       7334   stm32g4xx_hal_rcc.o
       708          8          0          0          0       1848   stm32g4xx_hal_rcc_ex.o
      1788         62          0          0          0       9805   stm32g4xx_hal_tim.o
       580         18          0          0          0       3709   stm32g4xx_hal_tim_ex.o
      1300         44         24          0          0      24687   stm32g4xx_hal_uart.o
       342         12         16          0          0       3357   stm32g4xx_hal_uart_ex.o
       470         70          6          1          0      90115   stm32g4xx_mc_it.o
      1128          6          0          0          0      15493   sto_pll_speed_pos_fdbk.o
        16          4         24          4          0       1071   system_stm32g4xx.o
       358         16          6          0          0      40050   usart_aspep_driver.o
       528          0          0          0          0       6582   virtual_speed_sensor.o

    ----------------------------------------------------------------------
     35006       1518       1240       1700       7120    1595250   Object Totals
         0          0         32          0          0          0   (incl. Generated)
        42          0          3          1          2          0   (incl. Padding)

    ----------------------------------------------------------------------

      Code (inc. data)   RO Data    RW Data    ZI Data      Debug   Library Member Name

        90          0          0          0          0          0   __dczerorl2.o
         8          0          0          0          0         68   __main.o
         0          0          0          0          0          0   __rtentry.o
        12          0          0          0          0          0   __rtentry2.o
         6          0          0          0          0          0   __rtentry4.o
        52          8          0          0          0          0   __scatter.o
        28          0          0          0          0          0   __scatter_zi.o
        22          0          0          0          0        100   _rserrno.o
        10          0          0          0          0         68   defsig_exit.o
        50          0          0          0          0         88   defsig_general.o
        80         58          0          0          0         76   defsig_rtmem_inner.o
        14          0          0          0          0         80   defsig_rtmem_outer.o
        18          0          0          0          0         80   exit.o
        94          0          0          0          0         80   h1_alloc.o
        52          0          0          0          0         68   h1_extend.o
        78          0          0          0          0         80   h1_free.o
        14          0          0          0          0         84   h1_init.o
         6          0          0          0          0        152   heapauxi.o
         4          0          0          0          0        136   hguard.o
         0          0          0          0          0          0   indicate_semi.o
       138          0          0          0          0        168   init_alloc.o
         2          0          0          0          0          0   libinit.o
        14          0          0          0          0          0   libinit2.o
         2          0          0          0          0          0   libshutdown.o
         2          0          0          0          0          0   libshutdown2.o
         8          4          0          0         96         68   libspace.o
       238          0          0          0          0        100   lludivv7m.o
         0          0          0          0          0          0   maybetermalloc1.o
         8          4          0          0          0         68   rt_errno_addr_intlibspace.o
         8          4          0          0          0         68   rt_heap_descriptor_intlibspace.o
        78          0          0          0          0         80   rt_memclr_w.o
       138          0          0          0          0         68   rt_memcpy_v6.o
       100          0          0          0          0         80   rt_memcpy_w.o
         2          0          0          0          0          0   rtexit.o
        10          0          0          0          0          0   rtexit2.o
        12          4          0          0          0         68   sys_exit.o
        74          0          0          0          0         80   sys_stackheap_outer.o
        14          0          0          0          0         76   sys_wrch.o
         2          0          0          0          0         68   use_no_semi.o
        94          4          0          0          0        140   dfix.o
        46          0          0          0          0        116   dflt_clz.o
       156          4          0          0          0        140   dnaninf.o
       408         56          0          0          0        168   dsqrt_umaal.o
        10          0          0          0          0        116   fpinit.o
         0          0          0          0          0          0   usenofp.o
       122          0          0          0          0        148   sqrt.o

    ----------------------------------------------------------------------
      2334        146          0          0        100       2980   Library Totals
        10          0          0          0          4          0   (incl. Padding)

    ----------------------------------------------------------------------

      Code (inc. data)   RO Data    RW Data    ZI Data      Debug   Library Name

      1488         82          0          0         96       2152   c_w.l
       714         64          0          0          0        680   fz_wm.l
       122          0          0          0          0        148   m_wm.l

    ----------------------------------------------------------------------
      2334        146          0          0        100       2980   Library Totals

    ----------------------------------------------------------------------

==============================================================================


      Code (inc. data)   RO Data    RW Data    ZI Data      Debug   

     37340       1664       1240       1700       7220    1569686   Grand Totals
     37340       1664       1240        476       7220    1569686   ELF Image Totals (compressed)
     37340       1664       1240        476          0          0   ROM Totals

==============================================================================

    Total RO  Size (Code + RO Data)                38580 (  37.68kB)
    Total RW  Size (RW Data + ZI Data)              8920 (   8.71kB)
    Total ROM Size (Code + RO Data + RW Data)      39056 (  38.14kB)

==============================================================================

